Command: vcs -full64 -sverilog -timescale=1ns/1ps -ntb_opts uvm-1.2 +vcs+lic+wait \
-debug_access+all -kdb -lca +define+UVM_NO_DEPRECATED +define+FSDB -cm line+cond+fsm+tgl+branch+assert \
-cm_dir /home/ICer/RKNoC/axi_tniu_uvm/sim/cov.vdb -f axi_tniu.f -top tb_top -o /home/ICer/RKNoC/axi_tniu_uvm/sim/simv \
-l /home/ICer/RKNoC/axi_tniu_uvm/sim/log/compile.log
                         Chronologic VCS (TM)
       Version O-2018.09-SP2_Full64 -- Mon Aug 10 18:20:15 2026
               Copyright (c) 1991-2018 by Synopsys Inc.
                         ALL RIGHTS RESERVED

This program is proprietary and confidential information of Synopsys Inc.
and may be used and disclosed only as authorized in a license agreement
controlling such use and disclosure.

                         Chronologic VCS (TM)
       Version O-2018.09-SP2_Full64 -- Mon Aug 10 18:20:15 2026
               Copyright (c) 1991-2018 by Synopsys Inc.
                         ALL RIGHTS RESERVED

This program is proprietary and confidential information of Synopsys Inc.
and may be used and disclosed only as authorized in a license agreement
controlling such use and disclosure.


Warning-[LCA_FEATURES_ENABLED] Usage warning
  LCA features enabled by '-lca' argument on the command line.  For more 
  information regarding list of LCA features please refer to Chapter "LCA 
  features" in the VCS/VCS-MX Release Notes


Warning-[LCA_FEATURES_ENABLED] Usage warning
  LCA features enabled by '-lca' argument on the command line.  For more 
  information regarding list of LCA features please refer to Chapter "LCA 
  features" in the VCS/VCS-MX Release Notes

The design hasn't changed and need not be recompiled. 
If you really want to, delete file /home/ICer/RKNoC/axi_tniu_uvm/sim/simv.daidir/.vcs.timestamp and
run VCS again.

The design hasn't changed and need not be recompiled. 
If you really want to, delete file /home/ICer/RKNoC/axi_tniu_uvm/sim/simv.daidir/.vcs.timestamp and
run VCS again.

