Simulation directory : /home/ICer/RKNoC/axi_tniu_uvm/sim
Test count           : 46
Seed                 : 1
UVM verbosity        : UVM_MEDIUM
Log directory        : /home/ICer/RKNoC/axi_tniu_uvm/sim/log

[COMPILE] make comp
[COMPILE PASS]

[01/46] RUN  test_aresetn_recovery
[01/46] PASS test_aresetn_recovery  log=/home/ICer/RKNoC/axi_tniu_uvm/sim/log/test_aresetn_recovery.log

[02/46] RUN  test_norm_rd
[02/46] PASS test_norm_rd  log=/home/ICer/RKNoC/axi_tniu_uvm/sim/log/test_norm_rd.log

[03/46] RUN  test_norm_wr
[03/46] PASS test_norm_wr  log=/home/ICer/RKNoC/axi_tniu_uvm/sim/log/test_norm_wr.log

[04/46] RUN  test_norm_rdw
[04/46] PASS test_norm_rdw  log=/home/ICer/RKNoC/axi_tniu_uvm/sim/log/test_norm_rdw.log

[05/46] RUN  test_norm_rdw_narrow_noalign
[05/46] PASS test_norm_rdw_narrow_noalign  log=/home/ICer/RKNoC/axi_tniu_uvm/sim/log/test_norm_rdw_narrow_noalign.log

[06/46] RUN  test_norm_wrw
[06/46] PASS test_norm_wrw  log=/home/ICer/RKNoC/axi_tniu_uvm/sim/log/test_norm_wrw.log

[07/46] RUN  test_norm_wrw_narrow_noalign
[07/46] PASS test_norm_wrw_narrow_noalign  log=/home/ICer/RKNoC/axi_tniu_uvm/sim/log/test_norm_wrw_narrow_noalign.log

[08/46] RUN  test_funcov_incr_len_sweep
[08/46] PASS test_funcov_incr_len_sweep  log=/home/ICer/RKNoC/axi_tniu_uvm/sim/log/test_funcov_incr_len_sweep.log

[09/46] RUN  test_funcov_wrap_aligned_len_sweep
[09/46] PASS test_funcov_wrap_aligned_len_sweep  log=/home/ICer/RKNoC/axi_tniu_uvm/sim/log/test_funcov_wrap_aligned_len_sweep.log

[10/46] RUN  test_funcov_wrap_unaligned_len_sweep
[10/46] PASS test_funcov_wrap_unaligned_len_sweep  log=/home/ICer/RKNoC/axi_tniu_uvm/sim/log/test_funcov_wrap_unaligned_len_sweep.log

[11/46] RUN  test_funcov_wrap_short_len_sweep
[11/46] PASS test_funcov_wrap_short_len_sweep  log=/home/ICer/RKNoC/axi_tniu_uvm/sim/log/test_funcov_wrap_short_len_sweep.log

[12/46] RUN  test_funcov_b2b_mix_wrap_unaligned
[12/46] PASS test_funcov_b2b_mix_wrap_unaligned  log=/home/ICer/RKNoC/axi_tniu_uvm/sim/log/test_funcov_b2b_mix_wrap_unaligned.log

[13/46] RUN  test_funcov_b2b_mix_wrap_aligned
[13/46] PASS test_funcov_b2b_mix_wrap_aligned  log=/home/ICer/RKNoC/axi_tniu_uvm/sim/log/test_funcov_b2b_mix_wrap_aligned.log

[14/46] RUN  test_norm_mix
[14/46] PASS test_norm_mix  log=/home/ICer/RKNoC/axi_tniu_uvm/sim/log/test_norm_mix.log

[15/46] RUN  test_watchdog_1023
[15/46] PASS test_watchdog_1023  log=/home/ICer/RKNoC/axi_tniu_uvm/sim/log/test_watchdog_1023.log

[16/46] RUN  test_watchdog_1024
[16/46] PASS test_watchdog_1024  log=/home/ICer/RKNoC/axi_tniu_uvm/sim/log/test_watchdog_1024.log

[17/46] RUN  test_watchdog_1100
[17/46] PASS test_watchdog_1100  log=/home/ICer/RKNoC/axi_tniu_uvm/sim/log/test_watchdog_1100.log

[18/46] RUN  test_watchdog_normal_timeout
[18/46] PASS test_watchdog_normal_timeout  log=/home/ICer/RKNoC/axi_tniu_uvm/sim/log/test_watchdog_normal_timeout.log

[19/46] RUN  test_timeout_same_axid_prev_rsp
[19/46] PASS test_timeout_same_axid_prev_rsp  log=/home/ICer/RKNoC/axi_tniu_uvm/sim/log/test_timeout_same_axid_prev_rsp.log

[20/46] RUN  test_timeout_busy_context_same_axid
[20/46] PASS test_timeout_busy_context_same_axid  log=/home/ICer/RKNoC/axi_tniu_uvm/sim/log/test_timeout_busy_context_same_axid.log

[21/46] RUN  test_watchdog_bufferable_1100
[21/46] PASS test_watchdog_bufferable_1100  log=/home/ICer/RKNoC/axi_tniu_uvm/sim/log/test_watchdog_bufferable_1100.log

[22/46] RUN  test_watchdog_multi_timeout_cov
[22/46] PASS test_watchdog_multi_timeout_cov  log=/home/ICer/RKNoC/axi_tniu_uvm/sim/log/test_watchdog_multi_timeout_cov.log

[23/46] RUN  test_watchdog_timer_wrap_cov
[23/46] PASS test_watchdog_timer_wrap_cov  log=/home/ICer/RKNoC/axi_tniu_uvm/sim/log/test_watchdog_timer_wrap_cov.log

[24/46] RUN  test_watchdog_fifo_full_cov
[24/46] PASS test_watchdog_fifo_full_cov  log=/home/ICer/RKNoC/axi_tniu_uvm/sim/log/test_watchdog_fifo_full_cov.log

[25/46] RUN  test_norm_mix_stresstest
[25/46] PASS test_norm_mix_stresstest  log=/home/ICer/RKNoC/axi_tniu_uvm/sim/log/test_norm_mix_stresstest.log

[26/46] RUN  test_rwrap_stresstest
[26/46] PASS test_rwrap_stresstest  log=/home/ICer/RKNoC/axi_tniu_uvm/sim/log/test_rwrap_stresstest.log

[27/46] RUN  test_tag_name_toggle
[27/46] PASS test_tag_name_toggle  log=/home/ICer/RKNoC/axi_tniu_uvm/sim/log/test_tag_name_toggle.log

[28/46] RUN  test_err_rd
[28/46] PASS test_err_rd  log=/home/ICer/RKNoC/axi_tniu_uvm/sim/log/test_err_rd.log

[29/46] RUN  test_err_wr
[29/46] PASS test_err_wr  log=/home/ICer/RKNoC/axi_tniu_uvm/sim/log/test_err_wr.log

[30/46] RUN  test_err_rdw
[30/46] PASS test_err_rdw  log=/home/ICer/RKNoC/axi_tniu_uvm/sim/log/test_err_rdw.log

[31/46] RUN  test_err_wrw
[31/46] PASS test_err_wrw  log=/home/ICer/RKNoC/axi_tniu_uvm/sim/log/test_err_wrw.log

[32/46] RUN  test_err_mix
[32/46] PASS test_err_mix  log=/home/ICer/RKNoC/axi_tniu_uvm/sim/log/test_err_mix.log

[33/46] RUN  test_err_mix_fixordkey
[33/46] PASS test_err_mix_fixordkey  log=/home/ICer/RKNoC/axi_tniu_uvm/sim/log/test_err_mix_fixordkey.log

[34/46] RUN  test_buff_wr
[34/46] PASS test_buff_wr  log=/home/ICer/RKNoC/axi_tniu_uvm/sim/log/test_buff_wr.log

[35/46] RUN  test_buff_wrw
[35/46] PASS test_buff_wrw  log=/home/ICer/RKNoC/axi_tniu_uvm/sim/log/test_buff_wrw.log

[36/46] RUN  test_buff_mix
[36/46] PASS test_buff_mix  log=/home/ICer/RKNoC/axi_tniu_uvm/sim/log/test_buff_mix.log

[37/46] RUN  test_buff_mix_fixordkey
[37/46] PASS test_buff_mix_fixordkey  log=/home/ICer/RKNoC/axi_tniu_uvm/sim/log/test_buff_mix_fixordkey.log

[38/46] RUN  test_sameaxid_buf_err_alt
[38/46] PASS test_sameaxid_buf_err_alt  log=/home/ICer/RKNoC/axi_tniu_uvm/sim/log/test_sameaxid_buf_err_alt.log

[39/46] RUN  test_sameaxid_norm_buf_err_allpairs
[39/46] PASS test_sameaxid_norm_buf_err_allpairs  log=/home/ICer/RKNoC/axi_tniu_uvm/sim/log/test_sameaxid_norm_buf_err_allpairs.log

[40/46] RUN  test_buff_err_mix
[40/46] PASS test_buff_err_mix  log=/home/ICer/RKNoC/axi_tniu_uvm/sim/log/test_buff_err_mix.log

[41/46] RUN  test_addrol_waw
[41/46] PASS test_addrol_waw  log=/home/ICer/RKNoC/axi_tniu_uvm/sim/log/test_addrol_waw.log

[42/46] RUN  test_addrol_raw
[42/46] PASS test_addrol_raw  log=/home/ICer/RKNoC/axi_tniu_uvm/sim/log/test_addrol_raw.log

[43/46] RUN  test_axi_rsp_error_mix
[43/46] PASS test_axi_rsp_error_mix  log=/home/ICer/RKNoC/axi_tniu_uvm/sim/log/test_axi_rsp_error_mix.log

[44/46] RUN  test_rsp_order_deep_followers
[44/46] PASS test_rsp_order_deep_followers  log=/home/ICer/RKNoC/axi_tniu_uvm/sim/log/test_rsp_order_deep_followers.log

[45/46] RUN  test_rsp_order_high_firstflag
[45/46] PASS test_rsp_order_high_firstflag  log=/home/ICer/RKNoC/axi_tniu_uvm/sim/log/test_rsp_order_high_firstflag.log

[46/46] RUN  test_mix
[46/46] PASS test_mix  log=/home/ICer/RKNoC/axi_tniu_uvm/sim/log/test_mix.log

========== REGRESSION SUMMARY ==========
Total configured : 46
Executed         : 46
Passed           : 46
Failed           : 0
Skipped          : 0
Summary          : /home/ICer/RKNoC/axi_tniu_uvm/sim/log/summary.log
