#######################################################################################
# log primitive debug message of FSDB dumping                                         #
# This is for R&D to analyze when there are issues happening when FSDB dump           #
#######################################################################################
ANF: vcsd_get_serial_mode_status('/home/ICer/RKNoC/axi_tniu_uvm/sim/simv: undefined symbol: vcsd_get_serial_mode_status')
ANF: vcsd_enable_sva_success_callback('/home/ICer/RKNoC/axi_tniu_uvm/sim/simv: undefined symbol: vcsd_enable_sva_success_callback')
ANF: vcsd_disable_sva_success_callback('/home/ICer/RKNoC/axi_tniu_uvm/sim/simv: undefined symbol: vcsd_disable_sva_success_callback')
ANF: vcsd_get_power_scope_name('/home/ICer/RKNoC/axi_tniu_uvm/sim/simv: undefined symbol: vcsd_get_power_scope_name')
ANF: vcsd_begin_no_value_var_info('/home/ICer/RKNoC/axi_tniu_uvm/sim/simv: undefined symbol: vcsd_begin_no_value_var_info')
ANF: vcsd_end_no_value_var_info('/home/ICer/RKNoC/axi_tniu_uvm/sim/simv: undefined symbol: vcsd_end_no_value_var_info')
ANF: vcsd_remove_xprop_merge_mode_callback('/home/ICer/RKNoC/axi_tniu_uvm/sim/simv: undefined symbol: vcsd_remove_xprop_merge_mode_callback')
ANF: vhpi_get_cb_info('/home/ICer/RKNoC/axi_tniu_uvm/sim/simv: undefined symbol: vhpi_get_cb_info')
ANF: vhpi_free_handle('/home/ICer/RKNoC/axi_tniu_uvm/sim/simv: undefined symbol: vhpi_free_handle')
ANF: vhpi_fetch_vcsd_handle('/home/ICer/RKNoC/axi_tniu_uvm/sim/simv: undefined symbol: vhpi_fetch_vcsd_handle')
ANF: vhpi_fetch_vpi_handle('/home/ICer/RKNoC/axi_tniu_uvm/sim/simv: undefined symbol: vhpi_fetch_vpi_handle')
ANF: vhpi_has_verilog_parent('/home/ICer/RKNoC/axi_tniu_uvm/sim/simv: undefined symbol: vhpi_has_verilog_parent')
ANF: vhpi_is_verilog_scope('/home/ICer/RKNoC/axi_tniu_uvm/sim/simv: undefined symbol: vhpi_is_verilog_scope')
ANF: scsd_xprop_is_enabled('/home/ICer/RKNoC/axi_tniu_uvm/sim/simv: undefined symbol: scsd_xprop_is_enabled')
ANF: scsd_xprop_sig_is_promoted('/home/ICer/RKNoC/axi_tniu_uvm/sim/simv: undefined symbol: scsd_xprop_sig_is_promoted')
ANF: scsd_xprop_int_xvalue('/home/ICer/RKNoC/axi_tniu_uvm/sim/simv: undefined symbol: scsd_xprop_int_xvalue')
ANF: scsd_xprop_bool_xvalue('/home/ICer/RKNoC/axi_tniu_uvm/sim/simv: undefined symbol: scsd_xprop_bool_xvalue')
ANF: scsd_xprop_enum_xvalue('/home/ICer/RKNoC/axi_tniu_uvm/sim/simv: undefined symbol: scsd_xprop_enum_xvalue')
ANF: scsd_xprop_register_merge_mode_cb('/home/ICer/RKNoC/axi_tniu_uvm/sim/simv: undefined symbol: scsd_xprop_register_merge_mode_cb')
ANF: scsd_xprop_delete_merge_mode_cb('/home/ICer/RKNoC/axi_tniu_uvm/sim/simv: undefined symbol: scsd_xprop_delete_merge_mode_cb')
ANF: scsd_xprop_get_merge_mode('/home/ICer/RKNoC/axi_tniu_uvm/sim/simv: undefined symbol: scsd_xprop_get_merge_mode')
ANF: scsd_thread_get_info('/home/ICer/RKNoC/axi_tniu_uvm/sim/simv: undefined symbol: scsd_thread_get_info')
ANF: scsd_thread_vc_init('/home/ICer/RKNoC/axi_tniu_uvm/sim/simv: undefined symbol: scsd_thread_vc_init')
ANF: scsd_master_set_delta_sync_cbk('/home/ICer/RKNoC/axi_tniu_uvm/sim/simv: undefined symbol: scsd_master_set_delta_sync_cbk')
ANF: scsd_fgp_get_fsdb_cores('/home/ICer/RKNoC/axi_tniu_uvm/sim/simv: undefined symbol: scsd_fgp_get_fsdb_cores')
ANF: msvEnableDumpingMode('/home/ICer/RKNoC/axi_tniu_uvm/sim/simv: undefined symbol: msvEnableDumpingMode')
ANF: msvGetVersion('/home/ICer/RKNoC/axi_tniu_uvm/sim/simv: undefined symbol: msvGetVersion')
ANF: msvGetInstProp('/home/ICer/RKNoC/axi_tniu_uvm/sim/simv: undefined symbol: msvGetInstProp')
ANF: msvIsSpiceEngineReady('/home/ICer/RKNoC/axi_tniu_uvm/sim/simv: undefined symbol: msvIsSpiceEngineReady')
ANF: msvSetAddProbeCallback('/home/ICer/RKNoC/axi_tniu_uvm/sim/simv: undefined symbol: msvSetAddProbeCallback')
ANF: msvGetInstHandle('/home/ICer/RKNoC/axi_tniu_uvm/sim/simv: undefined symbol: msvGetInstHandle')
ANF: msvGetProbeByInst('/home/ICer/RKNoC/axi_tniu_uvm/sim/simv: undefined symbol: msvGetProbeByInst')
ANF: msvGetSigHandle('/home/ICer/RKNoC/axi_tniu_uvm/sim/simv: undefined symbol: msvGetSigHandle')
ANF: msvGetProbeBySig('/home/ICer/RKNoC/axi_tniu_uvm/sim/simv: undefined symbol: msvGetProbeBySig')
ANF: msvGetProbeInfo('/home/ICer/RKNoC/axi_tniu_uvm/sim/simv: undefined symbol: msvGetProbeInfo')
ANF: msvRelease('/home/ICer/RKNoC/axi_tniu_uvm/sim/simv: undefined symbol: msvRelease')
ANF: msvSetVcCallbackFunc('/home/ICer/RKNoC/axi_tniu_uvm/sim/simv: undefined symbol: msvSetVcCallbackFunc')
ANF: msvCheckVcCallback('/home/ICer/RKNoC/axi_tniu_uvm/sim/simv: undefined symbol: msvCheckVcCallback')
ANF: msvAddVcCallback('/home/ICer/RKNoC/axi_tniu_uvm/sim/simv: undefined symbol: msvAddVcCallback')
ANF: msvRemoveVcCallback('/home/ICer/RKNoC/axi_tniu_uvm/sim/simv: undefined symbol: msvRemoveVcCallback')
ANF: msvGetLatestValue('/home/ICer/RKNoC/axi_tniu_uvm/sim/simv: undefined symbol: msvGetLatestValue')
ANF: msvSetEndofSimCallback('/home/ICer/RKNoC/axi_tniu_uvm/sim/simv: undefined symbol: msvSetEndofSimCallback')
ANF: msvIgnoredProbe('/home/ICer/RKNoC/axi_tniu_uvm/sim/simv: undefined symbol: msvIgnoredProbe')
ANF: msvGetThruNetInfo('/home/ICer/RKNoC/axi_tniu_uvm/sim/simv: undefined symbol: msvGetThruNetInfo')
ANF: msvFreeThruNetInfo('/home/ICer/RKNoC/axi_tniu_uvm/sim/simv: undefined symbol: msvFreeThruNetInfo')
ANF: PI_ace_get_output_time_unit('/home/ICer/RKNoC/axi_tniu_uvm/sim/simv: undefined symbol: PI_ace_get_output_time_unit')
ANF: PI_ace_sim_sync('/home/ICer/RKNoC/axi_tniu_uvm/sim/simv: undefined symbol: PI_ace_sim_sync')
ANF: msvGetRereadInitFile('/home/ICer/RKNoC/axi_tniu_uvm/sim/simv: undefined symbol: msvGetRereadInitFile')
ANF: msvSetBeforeRereadCallback('/home/ICer/RKNoC/axi_tniu_uvm/sim/simv: undefined symbol: msvSetBeforeRereadCallback')
ANF: msvSetAfterRereadCallback('/home/ICer/RKNoC/axi_tniu_uvm/sim/simv: undefined symbol: msvSetAfterRereadCallback')
ANF: msvSetForceCallback('/home/ICer/RKNoC/axi_tniu_uvm/sim/simv: undefined symbol: msvSetForceCallback')
ANF: msvSetReleaseCallback('/home/ICer/RKNoC/axi_tniu_uvm/sim/simv: undefined symbol: msvSetReleaseCallback')
ANF: msvGetForceStatus('/home/ICer/RKNoC/axi_tniu_uvm/sim/simv: undefined symbol: msvGetForceStatus')
ANF: vhdi_dt_get_type('/home/ICer/RKNoC/axi_tniu_uvm/sim/simv: undefined symbol: vhdi_dt_get_type')
ANF: vhdi_dt_get_key('/home/ICer/RKNoC/axi_tniu_uvm/sim/simv: undefined symbol: vhdi_dt_get_key')
ANF: vhdi_dt_get_vhdl_enum_info('/home/ICer/RKNoC/axi_tniu_uvm/sim/simv: undefined symbol: vhdi_dt_get_vhdl_enum_info')
ANF: vhdi_dt_get_vhdl_physical_info('/home/ICer/RKNoC/axi_tniu_uvm/sim/simv: undefined symbol: vhdi_dt_get_vhdl_physical_info')
ANF: vhdi_dt_get_vhdl_array_info('/home/ICer/RKNoC/axi_tniu_uvm/sim/simv: undefined symbol: vhdi_dt_get_vhdl_array_info')
ANF: vhdi_dt_get_vhdl_record_info('/home/ICer/RKNoC/axi_tniu_uvm/sim/simv: undefined symbol: vhdi_dt_get_vhdl_record_info')
ANF: vhdi_def_traverse_module('/home/ICer/RKNoC/axi_tniu_uvm/sim/simv: undefined symbol: vhdi_def_traverse_module')
ANF: vhdi_def_traverse_scope('/home/ICer/RKNoC/axi_tniu_uvm/sim/simv: undefined symbol: vhdi_def_traverse_scope')
ANF: vhdi_def_traverse_variable('/home/ICer/RKNoC/axi_tniu_uvm/sim/simv: undefined symbol: vhdi_def_traverse_variable')
ANF: vhdi_def_get_module_id_by_vhpi('/home/ICer/RKNoC/axi_tniu_uvm/sim/simv: undefined symbol: vhdi_def_get_module_id_by_vhpi')
ANF: vhdi_def_get_handle_by_module_id('/home/ICer/RKNoC/axi_tniu_uvm/sim/simv: undefined symbol: vhdi_def_get_handle_by_module_id')
ANF: vhdi_def_get_variable_info_by_vhpi('/home/ICer/RKNoC/axi_tniu_uvm/sim/simv: undefined symbol: vhdi_def_get_variable_info_by_vhpi')
ANF: vhdi_def_free('/home/ICer/RKNoC/axi_tniu_uvm/sim/simv: undefined symbol: vhdi_def_free')
ANF: vhdi_ist_traverse_scope('/home/ICer/RKNoC/axi_tniu_uvm/sim/simv: undefined symbol: vhdi_ist_traverse_scope')
ANF: vhdi_ist_traverse_variable('/home/ICer/RKNoC/axi_tniu_uvm/sim/simv: undefined symbol: vhdi_ist_traverse_variable')
ANF: vhdi_ist_convert_by_vhpi('/home/ICer/RKNoC/axi_tniu_uvm/sim/simv: undefined symbol: vhdi_ist_convert_by_vhpi')
ANF: vhdi_ist_clone('/home/ICer/RKNoC/axi_tniu_uvm/sim/simv: undefined symbol: vhdi_ist_clone')
ANF: vhdi_ist_free('/home/ICer/RKNoC/axi_tniu_uvm/sim/simv: undefined symbol: vhdi_ist_free')
ANF: vhdi_ist_hash_key('/home/ICer/RKNoC/axi_tniu_uvm/sim/simv: undefined symbol: vhdi_ist_hash_key')
ANF: vhdi_ist_compare('/home/ICer/RKNoC/axi_tniu_uvm/sim/simv: undefined symbol: vhdi_ist_compare')
ANF: vhdi_ist_get_value_addr('/home/ICer/RKNoC/axi_tniu_uvm/sim/simv: undefined symbol: vhdi_ist_get_value_addr')
ANF: vhdi_set_scsd_callback('/home/ICer/RKNoC/axi_tniu_uvm/sim/simv: undefined symbol: vhdi_set_scsd_callback')
ANF: vhdi_cbk_set_force_callback('/home/ICer/RKNoC/axi_tniu_uvm/sim/simv: undefined symbol: vhdi_cbk_set_force_callback')
ANF: vhdi_trigger_init_force('/home/ICer/RKNoC/axi_tniu_uvm/sim/simv: undefined symbol: vhdi_trigger_init_force')
ANF: vhdi_ist_check_scsd_callback('/home/ICer/RKNoC/axi_tniu_uvm/sim/simv: undefined symbol: vhdi_ist_check_scsd_callback')
ANF: vhdi_ist_add_scsd_callback('/home/ICer/RKNoC/axi_tniu_uvm/sim/simv: undefined symbol: vhdi_ist_add_scsd_callback')
ANF: vhdi_ist_remove_scsd_callback('/home/ICer/RKNoC/axi_tniu_uvm/sim/simv: undefined symbol: vhdi_ist_remove_scsd_callback')
ANF: vhdi_ist_get_scsd_user_data('/home/ICer/RKNoC/axi_tniu_uvm/sim/simv: undefined symbol: vhdi_ist_get_scsd_user_data')
ANF: vhdi_add_time_change_callback('/home/ICer/RKNoC/axi_tniu_uvm/sim/simv: undefined symbol: vhdi_add_time_change_callback')
ANF: vhdi_get_real_value_by_value_addr('/home/ICer/RKNoC/axi_tniu_uvm/sim/simv: undefined symbol: vhdi_get_real_value_by_value_addr')
ANF: vhdi_get_64_value_by_value_addr('/home/ICer/RKNoC/axi_tniu_uvm/sim/simv: undefined symbol: vhdi_get_64_value_by_value_addr')
ANF: vhdi_xprop_inst_is_promoted('/home/ICer/RKNoC/axi_tniu_uvm/sim/simv: undefined symbol: vhdi_xprop_inst_is_promoted')
ANF: vdi_ist_convert_by_vhdi('/home/ICer/RKNoC/axi_tniu_uvm/sim/simv: undefined symbol: vdi_ist_convert_by_vhdi')
ANF: vhdi_ist_get_module_id('/home/ICer/RKNoC/axi_tniu_uvm/sim/simv: undefined symbol: vhdi_ist_get_module_id')
ANF: vhdi_refine_foreign_scope_type('/home/ICer/RKNoC/axi_tniu_uvm/sim/simv: undefined symbol: vhdi_refine_foreign_scope_type')
ANF: vhdi_flush_callback('/home/ICer/RKNoC/axi_tniu_uvm/sim/simv: undefined symbol: vhdi_flush_callback')
ANF: vhdi_set_orig_name('/home/ICer/RKNoC/axi_tniu_uvm/sim/simv: undefined symbol: vhdi_set_orig_name')
ANF: vhdi_set_dump_pt('/home/ICer/RKNoC/axi_tniu_uvm/sim/simv: undefined symbol: vhdi_set_dump_pt')
ANF: vhdi_get_fsdb_option('/home/ICer/RKNoC/axi_tniu_uvm/sim/simv: undefined symbol: vhdi_get_fsdb_option')
ANF: vhdi_fgp_get_mode('/home/ICer/RKNoC/axi_tniu_uvm/sim/simv: undefined symbol: vhdi_fgp_get_mode')
ANF: vhdi_node_register_composite_var('/home/ICer/RKNoC/axi_tniu_uvm/sim/simv: undefined symbol: vhdi_node_register_composite_var')
ANF: vhdi_node_analysis('/home/ICer/RKNoC/axi_tniu_uvm/sim/simv: undefined symbol: vhdi_node_analysis')
ANF: vhdi_node_id('/home/ICer/RKNoC/axi_tniu_uvm/sim/simv: undefined symbol: vhdi_node_id')
ANF: vhdi_node_ist_check_scsd_callback('/home/ICer/RKNoC/axi_tniu_uvm/sim/simv: undefined symbol: vhdi_node_ist_check_scsd_callback')
ANF: vhdi_node_ist_add_scsd_callback('/home/ICer/RKNoC/axi_tniu_uvm/sim/simv: undefined symbol: vhdi_node_ist_add_scsd_callback')
ANF: vhdi_node_ist_get_value_addr('/home/ICer/RKNoC/axi_tniu_uvm/sim/simv: undefined symbol: vhdi_node_ist_get_value_addr')
VCS compile option:
 option[0]: /home/ICer/RKNoC/axi_tniu_uvm/sim/simv
 option[1]: +UVM_TESTNAME=test_sanity
 option[2]: +UVM_VERBOSITY=UVM_MEDIUM
 option[3]: +ntb_random_seed=1
 option[4]: -l
 option[5]: test_sanity_1.log
 option[6]: /home/synopsys/vcs/O-2018.09-SP2/linux64/bin/vcs1
 option[7]: -Mcc=gcc
 option[8]: -Mcplusplus=g++
 option[9]: -Masflags=
 option[10]: -Mcfl= -pipe -DVCS -DUVM_DPI_DO_TYPE_CHECK -fPIC -O -I/home/synopsys/vcs/O-2018.09-SP2/include 
 option[11]: -Mxcflags= -pipe -DVCS -DUVM_DPI_DO_TYPE_CHECK -fPIC -I/home/synopsys/vcs/O-2018.09-SP2/include
 option[12]: -Mldflags= -rdynamic 
 option[13]: -Mout=simv
 option[14]: -Mamsrun=
 option[15]: -Mvcsaceobjs=
 option[16]: -Mobjects= /home/synopsys/vcs/O-2018.09-SP2/linux64/lib/libvirsim.so /home/synopsys/vcs/O-2018.09-SP2/linux64/lib/liberrorinf.so /home/synopsys/vcs/O-2018.09-SP2/linux64/lib/libsnpsmalloc.so /home/synopsys/vcs/O-2018.09-SP2/linux64/lib/libvfs.so 
 option[17]: -Mexternalobj=
 option[18]: -Msaverestoreobj=/home/synopsys/vcs/O-2018.09-SP2/linux64/lib/vcs_save_restore_new.o
 option[19]: -Mcrt0=
 option[20]: -Mcrtn=
 option[21]: -Mcsrc=/home/synopsys/vcs/O-2018.09-SP2/etc/uvm-1.2/dpi/uvm_dpi.cc /home/synopsys/vcs/O-2018.09-SP2/etc/uvm-1.2/verdi/dpi/uvm_verdi_dpi.cpp 
 option[22]: -Msyslibs=/home/synopsys/verdi/Verdi_O-2018.09-SP2/share/PLI/VCS/LINUX64/pli.a -ldl 
 option[23]: -l
 option[24]: comp.log
 option[25]: +define+UVM_VERDI_VIF_RECORD
 option[26]: +define+UVM_VCS_RECORD
 option[27]: +incdir+/home/synopsys/vcs/O-2018.09-SP2/etc/uvm-1.2/vcs
 option[28]: /home/synopsys/vcs/O-2018.09-SP2/etc/uvm-1.2/uvm_pkg.sv
 option[29]: /home/synopsys/vcs/O-2018.09-SP2/etc/uvm-1.2/vcs/uvm_custom_install_vcs_recorder.sv
 option[30]: +incdir+/home/synopsys/vcs/O-2018.09-SP2/etc/uvm-1.2/verdi
 option[31]: /home/synopsys/vcs/O-2018.09-SP2/etc/uvm-1.2/verdi/uvm_custom_install_verdi_recorder.sv
 option[32]: -full64
 option[33]: -timescale=1ns/1ps
 option[34]: -ntb_opts
 option[35]: uvm-1.2
 option[36]: +incdir+/home/synopsys/vcs/O-2018.09-SP2/etc/uvm-1.2/
 option[37]: +vcs+lic+wait
 option[38]: -debug_access+all
 option[39]: +vpi
 option[40]: +vcsd1
 option[41]: +itf+/home/synopsys/vcs/O-2018.09-SP2/linux64/lib/vcsdp_lite.tab
 option[42]: -kdb
 option[43]: -Xufe=2steps
 option[44]: -lca
 option[45]: +define+UVM_NO_DEPRECATED
 option[46]: -top
 option[47]: tb_top
 option[48]: -o
 option[49]: simv
 option[50]: -picarchive
 option[51]: -P
 option[52]: /home/synopsys/verdi/Verdi_O-2018.09-SP2/share/PLI/VCS/LINUX64/verdi.tab
 option[53]: -fsdb
 option[54]: -sverilog
 option[55]: -gen_obj
 option[56]: -f
 option[57]: axi_tniu.f
 option[58]: -load
 option[59]: /home/synopsys/verdi/Verdi_O-2018.09-SP2/share/PLI/VCS/LINUX64/libnovas.so:FSDBDumpCmd
 option[60]: timescale=1ns/1ps
Chronologic Simulation VCS Release O-2018.09-SP2_Full64
Linux 3.10.0-1160.53.1.el7.x86_64 #1 SMP Fri Jan 14 13:59:45 UTC 2022 x86_64
CPU cores: 8
Limit information:
======================================
cputime		unlimited
filesize		unlimited
datasize		unlimited
stacksize		8250 kbytes
coredumpsize		0 kbytes
memoryuse		unlimited
vmemoryuse		unlimited
descriptors		4096
memorylocked		64 kbytes
maxproc		4096
======================================
(Special)Runtime environment variables:

Runtime environment variables:
DESKTOP_SESSION=gnome-classic
XDG_SESSION_TYPE=x11
XAUTHORITY=/run/gdm/auth-for-ICer-5YOwB7/database
GDMSESSION=gnome-classic
XMODIFIERS=@im=ibus
SHELL=/bin/bash
GDM_LANG=en_US.UTF-8
VTE_VERSION=5204
_=/usr/local/bin/make
HISTCONTROL=ignoredups
SNPSLMD_LICENSE_FILE=27000@IC_EDA
USERNAME=ICer
DVE_HOME=/home/synopsys/vcs/O-2018.09-SP2
XDG_DATA_DIRS=/home/ICer/.local/share/flatpak/exports/share/:/var/lib/flatpak/exports/share/:/usr/local/share/:/usr/share/
TB_HOME=/home/ICer/RKNoC/axi_tniu_uvm/tb
QT_PLUGIN_PATH=/usr/lib64/kde4/plugins:/usr/lib/kde4/plugins
LESSOPEN=||/usr/bin/lesspipe.sh %s
QUESTASIM_HOME=/home/mentor/questasim
PATH=/usr/lib/qt-3.3/bin:/usr/local/bin:/usr/local/sbin:/usr/bin:/usr/sbin:/bin:/sbin:/home/synopsys/pts/O-2018.06-SP1/bin:/home/synopsys/syn/O-2018.06-SP1/bin:/home/synopsys/lc/O-2018.06-SP1/bin:/home/synopsys/SpyGlass-L2016.06/SPYGLASS_HOME//bin:/home/synopsys/vcs/O-2018.09-SP2/gui/dve/bin:/home/synopsys/vcs/O-2018.09-SP2/bin:/home/synopsys/verdi/Verdi_O-2018.09-SP2/bin:/home/synopsys/verdi/Verdi_O-2018.09-SP2/platform/LINUX/bin:/home/synopsys/scl/2018.06/linux64/bin::/home/mentor/questasim/linux_x86_64:/home/Riscv_Tools/bin:/home/Riscv_Tools/riscv-gnu-toolchain/qemu-6.0.0/build/riscv32-linux-user
PT_HOME=/home/synopsys/pts/O-2018.06-SP1
QT_GRAPHICSSYSTEM_CHECKED=1
SESSION_MANAGER=local/unix:@/tmp/.ICE-unix/3181,unix/unix:/tmp/.ICE-unix/3181
XDG_RUNTIME_DIR=/run/user/1000
XDG_MENU_PREFIX=gnome-
LC_NUMERIC=en_US.UTF-8
LS_COLORS=rs=0:di=38;5;27:ln=38;5;51:mh=44;38;5;15:pi=40;38;5;11:so=38;5;13:do=38;5;5:bd=48;5;232;38;5;11:cd=48;5;232;38;5;3:or=48;5;232;38;5;9:mi=05;48;5;232;38;5;15:su=48;5;196;38;5;15:sg=48;5;11;38;5;16:ca=48;5;196;38;5;226:tw=48;5;10;38;5;16:ow=48;5;10;38;5;21:st=48;5;21;38;5;15:ex=38;5;34:*.tar=38;5;9:*.tgz=38;5;9:*.arc=38;5;9:*.arj=38;5;9:*.taz=38;5;9:*.lha=38;5;9:*.lz4=38;5;9:*.lzh=38;5;9:*.lzma=38;5;9:*.tlz=38;5;9:*.txz=38;5;9:*.tzo=38;5;9:*.t7z=38;5;9:*.zip=38;5;9:*.z=38;5;9:*.Z=38;5;9:*.dz=38;5;9:*.gz=38;5;9:*.lrz=38;5;9:*.lz=38;5;9:*.lzo=38;5;9:*.xz=38;5;9:*.bz2=38;5;9:*.bz=38;5;9:*.tbz=38;5;9:*.tbz2=38;5;9:*.tz=38;5;9:*.deb=38;5;9:*.rpm=38;5;9:*.jar=38;5;9:*.war=38;5;9:*.ear=38;5;9:*.sar=38;5;9:*.rar=38;5;9:*.alz=38;5;9:*.ace=38;5;9:*.zoo=38;5;9:*.cpio=38;5;9:*.7z=38;5;9:*.rz=38;5;9:*.cab=38;5;9:*.jpg=38;5;13:*.jpeg=38;5;13:*.gif=38;5;13:*.bmp=38;5;13:*.pbm=38;5;13:*.pgm=38;5;13:*.ppm=38;5;13:*.tga=38;5;13:*.xbm=38;5;13:*.xpm=38;5;13:*.tif=38;5;13:*.tiff=38;5;13:*.png=38;5;13:*.svg=38;5;13:*.svgz=38;5;13:*.mng=38;5;13:*.pcx=38;5;13:*.mov=38;5;13:*.mpg=38;5;13:*.mpeg=38;5;13:*.m2v=38;5;13:*.mkv=38;5;13:*.webm=38;5;13:*.ogm=38;5;13:*.mp4=38;5;13:*.m4v=38;5;13:*.mp4v=38;5;13:*.vob=38;5;13:*.qt=38;5;13:*.nuv=38;5;13:*.wmv=38;5;13:*.asf=38;5;13:*.rm=38;5;13:*.rmvb=38;5;13:*.flc=38;5;13:*.avi=38;5;13:*.fli=38;5;13:*.flv=38;5;13:*.gl=38;5;13:*.dl=38;5;13:*.xcf=38;5;13:*.xwd=38;5;13:*.yuv=38;5;13:*.cgm=38;5;13:*.emf=38;5;13:*.axv=38;5;13:*.anx=38;5;13:*.ogv=38;5;13:*.ogx=38;5;13:*.aac=38;5;45:*.au=38;5;45:*.flac=38;5;45:*.mid=38;5;45:*.midi=38;5;45:*.mka=38;5;45:*.mp3=38;5;45:*.mpc=38;5;45:*.ogg=38;5;45:*.ra=38;5;45:*.wav=38;5;45:*.axa=38;5;45:*.oga=38;5;45:*.spx=38;5;45:*.xspf=38;5;45:
XDG_SESSION_DESKTOP=gnome-classic
SSH_AUTH_SOCK=/run/user/1000/keyring/ssh
KDEDIRS=/usr
DISPLAY=:0
IMSETTINGS_INTEGRATE_DESKTOP=yes
HOME=/home/ICer
VCS_HOME=/home/synopsys/vcs/O-2018.09-SP2
PWD=/home/ICer/RKNoC/axi_tniu_uvm/sim
XDG_SEAT=seat0
SSH_AGENT_PID=3316
VERDI_HOME=/home/synopsys/verdi/Verdi_O-2018.09-SP2
MGLS_LICENSE_FILE=/home/mentor/questasim/mentor.dat
DBUS_SESSION_BUS_ADDRESS=unix:abstract=/tmp/dbus-wdlkK1I6ai,guid=92beb12ecd5bb0fe7e2a48476a5c5255
LD_LIBRARY_PATH=:/home/synopsys/verdi/Verdi_O-2018.09-SP2/share/PLI/lib/LINUX64:/home/synopsys/verdi/Verdi_O-2018.09-SP2/share/PLI/IUS/LINUX64/boot
RISCV=/home/Riscv_Tools
LOGNAME=ICer
RTL_HOME=/home/ICer/RKNoC/axi_tniu_uvm/rtl
GNOME_DESKTOP_SESSION_ID=this-is-deprecated
HOSTNAME=IC_EDA
XDG_VTNR=1
TEST=test_sanity
COLORTERM=truecolor
QT_IM_MODULE=ibus
VCS_ARCH_OVERRIDE=linux
SHLVL=2
MAKEOVERRIDES=${-*-command-variables-*-}
GNOME_SHELL_SESSION_MODE=classic
XDG_SESSION_ID=1
USER=ICer
LC_MONETARY=en_US.UTF-8
QTLIB=/usr/lib/qt-3.3/lib
XDG_CURRENT_DESKTOP=GNOME-Classic:GNOME
OLDPWD=/home/ICer/RKNoC/axi_tniu_uvm
IMSETTINGS_MODULE=none
MAKEFLAGS= -- TEST=test_sanity
MFLAGS=
MAIL=/var/spool/mail/ICer
SPYGLASS_HOME=/home/synopsys/SpyGlass-L2016.06/SPYGLASS_HOME/
MAKE_TERMOUT=/dev/pts/1
DC_HOME=/home/synopsys/syn/O-2018.06-SP1
LC_PAPER=en_US.UTF-8
LC_HOME=/home/synopsys/lc/O-2018.06-SP1
PS1=[\u@\h `pwd`]\$
LC_MEASUREMENT=en_US.UTF-8
DBUS_STARTER_BUS_TYPE=session
SCL_HOME=/home/synopsys/scl/2018.06
GNOME_TERMINAL_SCREEN=/org/gnome/Terminal/screen/45c5e3b7_29dc_4e1f_bf4c_989070796567
GNOME_TERMINAL_SERVICE=:1.1947
HISTSIZE=1000
QEMU_HOME=/home/Riscv_Tools/riscv-gnu-toolchain/qemu-6.0.0
WINDOWPATH=1
LC_TIME=en_US.UTF-8
QTINC=/usr/lib/qt-3.3/include
QTDIR=/usr/lib/qt-3.3
MAKE_TERMERR=/dev/pts/1
LANG=en_US.UTF-8
TERM=xterm-256color
DBUS_STARTER_ADDRESS=unix:abstract=/tmp/dbus-wdlkK1I6ai,guid=92beb12ecd5bb0fe7e2a48476a5c5255
MAKELEVEL=1
VCS_HEAP_EXEC=true
VCS_PATHMAP_PRELOAD_DONE=1
VCS_STACK_EXEC=true
VCS_EXEC_DONE=1
LC_ALL=C
DVE=/home/synopsys/vcs/O-2018.09-SP2/gui/dve
SPECMAN_OUTPUT_TO_TTY=1
Runtime command line arguments:
argv[0]=/home/ICer/RKNoC/axi_tniu_uvm/sim/simv
argv[1]=+UVM_TESTNAME=test_sanity
argv[2]=+UVM_VERBOSITY=UVM_MEDIUM
argv[3]=+ntb_random_seed=1
argv[4]=-l
argv[5]=test_sanity_1.log
283 profile - 100
          CPU/Mem usage: 0.040 sys,  0.160 user,  290.00M mem
284 Sun Jul 26 18:03:59 2026
285 pliAppInit
286 FSDB_GATE is set.
287 FSDB_RTL is set.
288 Enable Parallel Dumping.
289 pliAppMiscSet: New Sim Round
290 pliEntryInit
291 LIBSSCORE=found /home/synopsys/verdi/Verdi_O-2018.09-SP2/share/PLI/lib/LINUXAMD64/libsscore_vcs201809.so through $NOVAS_HOME setting.
292 FSDB Dumper for VCS, Release Verdi_O-2018.09-SP2, Linux x86_64/64bit, 02/21/2019
293 (C) 1996 - 2019 by Synopsys, Inc.
294 sps_call_fsdbDumpfile_main at 0 : /home/ICer/RKNoC/axi_tniu_uvm/tb/top/tb_top.sv(273)
295 argv[0]: (wave.fsdb)
296 *Verdi* FSDB WARNING: The FSDB file already exists. Overwriting the FSDB file may crash the programs that are using this file.
297 *Verdi* : Create FSDB file 'wave.fsdb'
298 compile option from '/home/ICer/RKNoC/axi_tniu_uvm/sim/simv.daidir/vcs_rebuild'.
299   "vcs '-full64' '-sverilog' '-timescale=1ns/1ps' '-ntb_opts' 'uvm-1.2' '+vcs+lic+wait' '-debug_access+all' '-kdb' '-lca' '+define+UVM_NO_DEPRECATED' '-l' 'comp.log' '-f' 'axi_tniu.f' '-top' 'tb_top' '-o' 'simv' 2>&1"
300 FSDB_VCS_ENABLE_FAST_VC is enable
301 sps_call_fsdbDumpvars_vd_main at 0 : /home/ICer/RKNoC/axi_tniu_uvm/tb/top/tb_top.sv(274)
302 argv[0]: (0)
303 argv[1]: (handle) tb_top
304 argv[2]: (+all)
305 [spi_vcs_vd_ppi_create_root]: no upf option
306 FSDB dumper cannot dump UPF related power signal ($power_tree): no ppiPowerNetwork.
307 *Verdi* : Begin traversing the scope (tb_top), layer (0).
308 *Verdi* : Enable +all dumping.
309 *Verdi* : End of traversing.
310 pliAppHDL_DumpVarComplete traverse var: profile - 
          CPU/Mem usage: 0.060 sys,  0.190 user,  403.17M mem
                   incr: 0.000 sys,  0.000 user,  8.58M mem
                   accu: 0.000 sys,  0.000 user,  8.58M mem
              accu incr: 0.000 sys,  0.000 user,  8.58M mem

          Count usage: 1192 var,  1498 idcode,  461 callback
                 incr: 1192 var,  1498 idcode,  461 callback
                 accu: 1192 var,  1498 idcode,  461 callback
            accu incr: 1192 var,  1498 idcode,  461 callback
311 Sun Jul 26 18:03:59 2026
312 pliAppHDL_DumpVarComplete: profile - 
          CPU/Mem usage: 0.060 sys,  0.190 user,  404.37M mem
                   incr: 0.000 sys,  0.000 user,  1.19M mem
                   accu: 0.000 sys,  0.000 user,  9.77M mem
              accu incr: 0.000 sys,  0.000 user,  1.19M mem

          Count usage: 1192 var,  1498 idcode,  461 callback
                 incr: 0 var,  0 idcode,  0 callback
                 accu: 1192 var,  1498 idcode,  461 callback
            accu incr: 0 var,  0 idcode,  0 callback
313 Sun Jul 26 18:03:59 2026
314 sps_call_fsdbDumpMDA_vd_main at 0 : /home/ICer/RKNoC/axi_tniu_uvm/tb/top/tb_top.sv(275)
315 *Verdi* : Begin traversing the MDAs, layer (0).
316 *Verdi* : Enable +mda and +packedmda dumping.
317 *Verdi* : End of traversing the MDAs.
318 pliAppHDL_DumpVarComplete traverse var: profile - 
          CPU/Mem usage: 0.060 sys,  0.220 user,  404.37M mem
                   incr: 0.000 sys,  0.030 user,  0.00M mem
                   accu: 0.000 sys,  0.030 user,  0.00M mem
              accu incr: 0.000 sys,  0.030 user,  0.00M mem

          Count usage: 1474 var,  1498 idcode,  461 callback
                 incr: 282 var,  0 idcode,  0 callback
                 accu: 282 var,  0 idcode,  0 callback
            accu incr: 282 var,  0 idcode,  0 callback
319 Sun Jul 26 18:03:59 2026
320 pliAppHDL_DumpVarComplete: profile - 
          CPU/Mem usage: 0.060 sys,  0.220 user,  404.37M mem
                   incr: 0.000 sys,  0.000 user,  0.00M mem
                   accu: 0.000 sys,  0.030 user,  0.00M mem
              accu incr: 0.000 sys,  0.000 user,  0.00M mem

          Count usage: 1474 var,  1498 idcode,  461 callback
                 incr: 0 var,  0 idcode,  0 callback
                 accu: 282 var,  0 idcode,  0 callback
            accu incr: 0 var,  0 idcode,  0 callback
321 Sun Jul 26 18:03:59 2026
322 End of simulation at 465000
323 Sun Jul 26 18:03:59 2026
324 Begin FSDB profile info:
325 FSDB Writer : bc1(915) bcn(1833) mtf/stf(0/0)
FSDB Writer elapsed time : flush(0.003089) io wait(0.000000) theadpool wait(0.000000) target functin(0.000000)
FSDB Writer cpu time : MT Compression : 0
326 End FSDB profile info
327 Parallel profile    -  Flush:4 Expand:0 ProduceWait:0 ConsumerWait:0 BlockUsed:0
328                        ProduceTime:0.326406576 ConsumerTime:0.000000000 Buffer:64MB
329 SimExit
330 Sim process exit
