Command Line: /home/synopsys/verdi/Verdi_O-2018.09-SP2/platform/LINUXAMD64/bin/Novas -sv -ntb_opts uvm-1.2 -f axi_tniu.f -top tb_top -ssf wave.fsdb
uname(Linux IC_EDA 3.10.0-1160.53.1.el7.x86_64 #1 SMP Fri Jan 14 13:59:45 UTC 2022 x86_64)
type= DS_SCOPE element= 1 field= 1
VERILOG tb_top
VERILOG dut
VERILOG genblk1
VERILOG U_WRAP_ADJUST
-----
second field= DebussyLib
third field= wrap_adjust
type= DS_SCOPE element= 1 field= 1
VERILOG tb_top
VERILOG axi_vif
-----
second field= DebussyLib
third field= axi_if
type= DS_SCOPE element= 1 field= 1
VERILOG tb_top
VERILOG dut
VERILOG genblk1
VERILOG U_WRAP_ALIGN
-----
second field= DebussyLib
third field= wrap_align
type= DS_SCOPE element= 1 field= 1
VERILOG tb_top
VERILOG dut
VERILOG genblk2
VERILOG U_RSP_TRANS
-----
second field= DebussyLib
third field= rsp_trans
type= DS_SCOPE element= 1 field= 1
VERILOG tb_top
VERILOG rknp_vif
-----
second field= DebussyLib
third field= rknp_if
