Running PRESTO HDLC
Compiling source file /home/ICer/RKNoC/axi_tniu_uvm/rtl/rsp_trans.v
Warning:  /home/ICer/RKNoC/axi_tniu_uvm/rtl/rsp_trans.v:54: Parameter keyword used in local parameter declaration. (VER-329)
Warning:  /home/ICer/RKNoC/axi_tniu_uvm/rtl/rsp_trans.v:113: Intraassignment delays for nonblocking assignments are ignored. (VER-130)
Warning:  /home/ICer/RKNoC/axi_tniu_uvm/rtl/rsp_trans.v:114: Intraassignment delays for nonblocking assignments are ignored. (VER-130)
Warning:  /home/ICer/RKNoC/axi_tniu_uvm/rtl/rsp_trans.v:115: Intraassignment delays for nonblocking assignments are ignored. (VER-130)
Warning:  /home/ICer/RKNoC/axi_tniu_uvm/rtl/rsp_trans.v:116: Intraassignment delays for nonblocking assignments are ignored. (VER-130)
Warning:  /home/ICer/RKNoC/axi_tniu_uvm/rtl/rsp_trans.v:117: Intraassignment delays for nonblocking assignments are ignored. (VER-130)
Warning:  /home/ICer/RKNoC/axi_tniu_uvm/rtl/rsp_trans.v:118: Intraassignment delays for nonblocking assignments are ignored. (VER-130)
Warning:  /home/ICer/RKNoC/axi_tniu_uvm/rtl/rsp_trans.v:119: Intraassignment delays for nonblocking assignments are ignored. (VER-130)
Warning:  /home/ICer/RKNoC/axi_tniu_uvm/rtl/rsp_trans.v:120: Intraassignment delays for nonblocking assignments are ignored. (VER-130)
Warning:  /home/ICer/RKNoC/axi_tniu_uvm/rtl/rsp_trans.v:121: Intraassignment delays for nonblocking assignments are ignored. (VER-130)
Warning:  /home/ICer/RKNoC/axi_tniu_uvm/rtl/rsp_trans.v:122: Intraassignment delays for nonblocking assignments are ignored. (VER-130)
Warning:  /home/ICer/RKNoC/axi_tniu_uvm/rtl/rsp_trans.v:123: Intraassignment delays for nonblocking assignments are ignored. (VER-130)
Warning:  /home/ICer/RKNoC/axi_tniu_uvm/rtl/rsp_trans.v:124: Intraassignment delays for nonblocking assignments are ignored. (VER-130)
Warning:  /home/ICer/RKNoC/axi_tniu_uvm/rtl/rsp_trans.v:125: Intraassignment delays for nonblocking assignments are ignored. (VER-130)
Warning:  /home/ICer/RKNoC/axi_tniu_uvm/rtl/rsp_trans.v:126: Intraassignment delays for nonblocking assignments are ignored. (VER-130)
Warning:  /home/ICer/RKNoC/axi_tniu_uvm/rtl/rsp_trans.v:127: Intraassignment delays for nonblocking assignments are ignored. (VER-130)
Warning:  /home/ICer/RKNoC/axi_tniu_uvm/rtl/rsp_trans.v:130: Intraassignment delays for nonblocking assignments are ignored. (VER-130)
Warning:  /home/ICer/RKNoC/axi_tniu_uvm/rtl/rsp_trans.v:131: Intraassignment delays for nonblocking assignments are ignored. (VER-130)
Warning:  /home/ICer/RKNoC/axi_tniu_uvm/rtl/rsp_trans.v:142: Intraassignment delays for nonblocking assignments are ignored. (VER-130)
Warning:  /home/ICer/RKNoC/axi_tniu_uvm/rtl/rsp_trans.v:143: Intraassignment delays for nonblocking assignments are ignored. (VER-130)
Warning:  /home/ICer/RKNoC/axi_tniu_uvm/rtl/rsp_trans.v:144: Intraassignment delays for nonblocking assignments are ignored. (VER-130)
Warning:  /home/ICer/RKNoC/axi_tniu_uvm/rtl/rsp_trans.v:145: Intraassignment delays for nonblocking assignments are ignored. (VER-130)
Warning:  /home/ICer/RKNoC/axi_tniu_uvm/rtl/rsp_trans.v:146: Intraassignment delays for nonblocking assignments are ignored. (VER-130)
Warning:  /home/ICer/RKNoC/axi_tniu_uvm/rtl/rsp_trans.v:147: Intraassignment delays for nonblocking assignments are ignored. (VER-130)
Warning:  /home/ICer/RKNoC/axi_tniu_uvm/rtl/rsp_trans.v:148: Intraassignment delays for nonblocking assignments are ignored. (VER-130)
Warning:  /home/ICer/RKNoC/axi_tniu_uvm/rtl/rsp_trans.v:150: Intraassignment delays for nonblocking assignments are ignored. (VER-130)
Warning:  /home/ICer/RKNoC/axi_tniu_uvm/rtl/rsp_trans.v:151: Intraassignment delays for nonblocking assignments are ignored. (VER-130)
Warning:  /home/ICer/RKNoC/axi_tniu_uvm/rtl/rsp_trans.v:152: Intraassignment delays for nonblocking assignments are ignored. (VER-130)
Warning:  /home/ICer/RKNoC/axi_tniu_uvm/rtl/rsp_trans.v:153: Intraassignment delays for nonblocking assignments are ignored. (VER-130)
Warning:  /home/ICer/RKNoC/axi_tniu_uvm/rtl/rsp_trans.v:154: Intraassignment delays for nonblocking assignments are ignored. (VER-130)
Warning:  /home/ICer/RKNoC/axi_tniu_uvm/rtl/rsp_trans.v:155: Intraassignment delays for nonblocking assignments are ignored. (VER-130)
Warning:  /home/ICer/RKNoC/axi_tniu_uvm/rtl/rsp_trans.v:157: Intraassignment delays for nonblocking assignments are ignored. (VER-130)
Warning:  /home/ICer/RKNoC/axi_tniu_uvm/rtl/rsp_trans.v:163: Intraassignment delays for nonblocking assignments are ignored. (VER-130)
Warning:  /home/ICer/RKNoC/axi_tniu_uvm/rtl/rsp_trans.v:164: Intraassignment delays for nonblocking assignments are ignored. (VER-130)
Warning:  /home/ICer/RKNoC/axi_tniu_uvm/rtl/rsp_trans.v:165: Intraassignment delays for nonblocking assignments are ignored. (VER-130)
Warning:  /home/ICer/RKNoC/axi_tniu_uvm/rtl/rsp_trans.v:166: Intraassignment delays for nonblocking assignments are ignored. (VER-130)
Warning:  /home/ICer/RKNoC/axi_tniu_uvm/rtl/rsp_trans.v:167: Intraassignment delays for nonblocking assignments are ignored. (VER-130)
Warning:  /home/ICer/RKNoC/axi_tniu_uvm/rtl/rsp_trans.v:168: Intraassignment delays for nonblocking assignments are ignored. (VER-130)
Warning:  /home/ICer/RKNoC/axi_tniu_uvm/rtl/rsp_trans.v:169: Intraassignment delays for nonblocking assignments are ignored. (VER-130)
Warning:  /home/ICer/RKNoC/axi_tniu_uvm/rtl/rsp_trans.v:171: Intraassignment delays for nonblocking assignments are ignored. (VER-130)
Warning:  /home/ICer/RKNoC/axi_tniu_uvm/rtl/rsp_trans.v:179: Intraassignment delays for nonblocking assignments are ignored. (VER-130)
Warning:  /home/ICer/RKNoC/axi_tniu_uvm/rtl/rsp_trans.v:180: Intraassignment delays for nonblocking assignments are ignored. (VER-130)
Warning:  /home/ICer/RKNoC/axi_tniu_uvm/rtl/rsp_trans.v:181: Intraassignment delays for nonblocking assignments are ignored. (VER-130)
Warning:  /home/ICer/RKNoC/axi_tniu_uvm/rtl/rsp_trans.v:182: Intraassignment delays for nonblocking assignments are ignored. (VER-130)
Warning:  /home/ICer/RKNoC/axi_tniu_uvm/rtl/rsp_trans.v:183: Intraassignment delays for nonblocking assignments are ignored. (VER-130)
Warning:  /home/ICer/RKNoC/axi_tniu_uvm/rtl/rsp_trans.v:184: Intraassignment delays for nonblocking assignments are ignored. (VER-130)
Warning:  /home/ICer/RKNoC/axi_tniu_uvm/rtl/rsp_trans.v:185: Intraassignment delays for nonblocking assignments are ignored. (VER-130)
Warning:  /home/ICer/RKNoC/axi_tniu_uvm/rtl/rsp_trans.v:189: Intraassignment delays for nonblocking assignments are ignored. (VER-130)
Warning:  /home/ICer/RKNoC/axi_tniu_uvm/rtl/rsp_trans.v:206: Intraassignment delays for nonblocking assignments are ignored. (VER-130)
Warning:  /home/ICer/RKNoC/axi_tniu_uvm/rtl/rsp_trans.v:207: Intraassignment delays for nonblocking assignments are ignored. (VER-130)
Warning:  /home/ICer/RKNoC/axi_tniu_uvm/rtl/rsp_trans.v:208: Intraassignment delays for nonblocking assignments are ignored. (VER-130)
Warning:  /home/ICer/RKNoC/axi_tniu_uvm/rtl/rsp_trans.v:210: Intraassignment delays for nonblocking assignments are ignored. (VER-130)
Warning:  /home/ICer/RKNoC/axi_tniu_uvm/rtl/rsp_trans.v:211: Intraassignment delays for nonblocking assignments are ignored. (VER-130)
Warning:  /home/ICer/RKNoC/axi_tniu_uvm/rtl/rsp_trans.v:212: Intraassignment delays for nonblocking assignments are ignored. (VER-130)
Warning:  /home/ICer/RKNoC/axi_tniu_uvm/rtl/rsp_trans.v:218: Intraassignment delays for nonblocking assignments are ignored. (VER-130)
Warning:  /home/ICer/RKNoC/axi_tniu_uvm/rtl/rsp_trans.v:220: Intraassignment delays for nonblocking assignments are ignored. (VER-130)
Warning:  /home/ICer/RKNoC/axi_tniu_uvm/rtl/rsp_trans.v:222: Intraassignment delays for nonblocking assignments are ignored. (VER-130)
Presto compilation completed successfully.
1
