
****************************************
Report : hdl libraries
Version: O-2018.06-SP1
Date   : Fri Aug 21 19:43:55 2026
****************************************
Contents of current design libraries
   WORK (/home/ICer/RKNoC/axi_tniu_uvm/ppa/run/work)
      architecture	:  m     addr_border_cout(verilog)
      architecture	:  m     addr_map(verilog)
      architecture	:  m     axi_tniu(verilog)
      architecture	:  m     ely_rsp_detect(verilog)
      architecture	:  m     req_order(verilog)
      architecture	:  m     rreq_trans(verilog)
      architecture	:  m     rsp_order(verilog)
      architecture	:  m     rsp_trans(verilog)
      architecture	:  m     sync_fifo(verilog)
      architecture	:  m     watchdog(verilog)
      architecture	:  m     wrap_adjust(verilog)
      architecture	:  m     wrap_align(verilog)
      architecture	:  m     wreq_trans(verilog)

m --- This architecture is the most recently analyzed.

1
