 
****************************************
Report : area
Design : axi_tniu
Version: O-2018.06-SP1
Date   : Fri Aug 21 16:51:18 2026
****************************************

Library(s) Used:

    typical (File: /home/ic_libs/TSMC.90/aci/sc-x/libspm/typical.db)

Number of ports:                         4256
Number of nets:                         23068
Number of cells:                        19245
Number of combinational cells:          16021
Number of sequential cells:              3211
Number of macros/black boxes:               0
Number of buf/inv:                       3412
Number of references:                      12

Combinational area:              65204.497608
Buf/Inv area:                     7868.851460
Noncombinational area:           47566.612967
Macro/Black Box area:                0.000000
Net Interconnect area:      undefined  (No wire load specified)

Total cell area:                112771.110576
Total area:                 undefined
1
