  Allocating blocks in 'DW_rash_A_width72_SH_width32'
  Allocating blocks in 'DW01_ash_A_width72_SH_width32'
  Allocating blocks in 'DW01_ash_A_width72_SH_width10'
  Allocating blocks in 'DW_rash_A_width72_SH_width10'
  Allocating blocks in 'DW02_mult_A_width15_B_width1'
  Allocating blocks in 'DW01_absval_width15'
  Allocating blocks in 'DW01_absval_width1'
  Allocating blocks in 'DW_rash_A_width8_SH_width32'
Information: Updating graph... (UID-83)
Warning: Design 'axi_tniu' contains 8 high-fanout nets. A fanout number of 1000 will be used for delay calculations involving these nets. (TIM-134)
 
****************************************
Report : cell
Design : axi_tniu
Version: O-2018.06-SP1
Date   : Fri Aug 21 16:41:31 2026
****************************************

Attributes:
    b - black box (unknown)
    h - hierarchical
    n - noncombinational
    r - removable
    s - synthetic operator
    u - contains unmapped logic

Cell                      Reference       Library             Area  Attributes
--------------------------------------------------------------------------------
U_ADDR_MAP/C176           *SELECT_OP_9.3_9.1_3            0.000000  s, u
U_ADDR_MAP/C177           *SELECT_OP_2.1_2.1_1            0.000000  s, u
U_ADDR_MAP/C178           *SELECT_OP_2.1_2.1_1            0.000000  s, u
U_ADDR_MAP/C179           *SELECT_OP_2.1_2.1_1            0.000000  s, u
U_ADDR_MAP/C180           *SELECT_OP_2.1_2.1_1            0.000000  s, u
U_ADDR_MAP/C181           *SELECT_OP_2.1_2.1_1            0.000000  s, u
U_ADDR_MAP/C182           *SELECT_OP_2.1_2.1_1            0.000000  s, u
U_ADDR_MAP/C183           *SELECT_OP_2.1_2.1_1            0.000000  s, u
U_ADDR_MAP/C186           *MUX_OP_8_3_16                  0.000000  s, u
U_ADDR_MAP/add_126        *ADD_UNS_OP_3_8_9               0.000000  s, u
U_REQ_ORDER/C11074        *SELECT_OP_3.1_3.1_1            0.000000  s, u
U_REQ_ORDER/C11075        *SELECT_OP_3.1_3.1_1            0.000000  s, u
U_REQ_ORDER/C11076        *SELECT_OP_3.1_3.1_1            0.000000  s, u
U_REQ_ORDER/C11077        *SELECT_OP_2.1_2.1_1            0.000000  s, u
U_REQ_ORDER/C11078        *SELECT_OP_2.8_2.1_8            0.000000  s, u
U_REQ_ORDER/C11079        *SELECT_OP_2.3_2.1_3            0.000000  s, u
U_REQ_ORDER/C11080        *SELECT_OP_3.8_3.1_8            0.000000  s, u
U_REQ_ORDER/C11081        *SELECT_OP_3.3_3.1_3            0.000000  s, u
U_REQ_ORDER/C11082        *SELECT_OP_2.8_2.1_8            0.000000  s, u
U_REQ_ORDER/C11083        *SELECT_OP_2.3_2.1_3            0.000000  s, u
U_REQ_ORDER/C11084        *SELECT_OP_2.8_2.1_8            0.000000  s, u
U_REQ_ORDER/C11085        *SELECT_OP_2.8_2.1_8            0.000000  s, u
U_REQ_ORDER/C11087        *SELECT_OP_2.1_2.1_1            0.000000  s, u
U_REQ_ORDER/C11089        *SELECT_OP_2.1_2.1_1            0.000000  s, u
U_REQ_ORDER/C11091        *SELECT_OP_2.1_2.1_1            0.000000  s, u
U_REQ_ORDER/C11093        *SELECT_OP_2.1_2.1_1            0.000000  s, u
U_REQ_ORDER/C11095        *SELECT_OP_2.1_2.1_1            0.000000  s, u
U_REQ_ORDER/C11097        *SELECT_OP_2.1_2.1_1            0.000000  s, u
U_REQ_ORDER/C11099        *SELECT_OP_2.1_2.1_1            0.000000  s, u
U_REQ_ORDER/C11101        *SELECT_OP_2.1_2.1_1            0.000000  s, u
U_REQ_ORDER/C11102        *SELECT_OP_2.8_2.1_8            0.000000  s, u
U_REQ_ORDER/C11103        *SELECT_OP_2.8_2.1_8            0.000000  s, u
U_REQ_ORDER/C11104        *SELECT_OP_2.4_2.1_4            0.000000  s, u
U_REQ_ORDER/C11105        *SELECT_OP_2.16_2.1_16          0.000000  s, u
U_REQ_ORDER/C11106        *SELECT_OP_2.1_2.1_1            0.000000  s, u
U_REQ_ORDER/C11107        *SELECT_OP_2.1_2.1_1            0.000000  s, u
U_REQ_ORDER/C11108        *SELECT_OP_2.1_2.1_1            0.000000  s, u
U_REQ_ORDER/C11109        *SELECT_OP_2.1_2.1_1            0.000000  s, u
U_REQ_ORDER/C11110        *SELECT_OP_2.1_2.1_1            0.000000  s, u
U_REQ_ORDER/C11111        *SELECT_OP_2.1_2.1_1            0.000000  s, u
U_REQ_ORDER/C11112        *SELECT_OP_2.1_2.1_1            0.000000  s, u
U_REQ_ORDER/C11113        *SELECT_OP_2.1_2.1_1            0.000000  s, u
U_REQ_ORDER/C11114        *SELECT_OP_2.8_2.1_8            0.000000  s, u
U_REQ_ORDER/C11115        *SELECT_OP_2.8_2.1_8            0.000000  s, u
U_REQ_ORDER/C11116        *SELECT_OP_2.16_2.1_16          0.000000  s, u
U_REQ_ORDER/C11117        *SELECT_OP_2.8_2.1_8            0.000000  s, u
U_REQ_ORDER/C11118        *SELECT_OP_2.8_2.1_8            0.000000  s, u
U_REQ_ORDER/C11119        *SELECT_OP_2.256_2.1_256        0.000000  s, u
U_REQ_ORDER/C11120        *SELECT_OP_2.16_2.1_16          0.000000  s, u
U_REQ_ORDER/C11121        *SELECT_OP_2.256_2.1_256        0.000000  s, u
U_REQ_ORDER/C11122        *SELECT_OP_2.16_2.1_16          0.000000  s, u
U_REQ_ORDER/C11123        *SELECT_OP_2.43_2.1_43          0.000000  s, u
U_REQ_ORDER/C11124        *SELECT_OP_2.5_2.1_5            0.000000  s, u
U_REQ_ORDER/C11125        *SELECT_OP_2.43_2.1_43          0.000000  s, u
U_REQ_ORDER/C11126        *SELECT_OP_2.5_2.1_5            0.000000  s, u
U_REQ_ORDER/C11127        *SELECT_OP_2.43_2.1_43          0.000000  s, u
U_REQ_ORDER/C11128        *SELECT_OP_2.5_2.1_5            0.000000  s, u
U_REQ_ORDER/C11129        *SELECT_OP_2.43_2.1_43          0.000000  s, u
U_REQ_ORDER/C11130        *SELECT_OP_2.5_2.1_5            0.000000  s, u
U_REQ_ORDER/C11131        *SELECT_OP_2.43_2.1_43          0.000000  s, u
U_REQ_ORDER/C11132        *SELECT_OP_2.5_2.1_5            0.000000  s, u
U_REQ_ORDER/C11133        *SELECT_OP_2.43_2.1_43          0.000000  s, u
U_REQ_ORDER/C11134        *SELECT_OP_2.5_2.1_5            0.000000  s, u
U_REQ_ORDER/C11135        *SELECT_OP_2.43_2.1_43          0.000000  s, u
U_REQ_ORDER/C11136        *SELECT_OP_2.5_2.1_5            0.000000  s, u
U_REQ_ORDER/C11137        *SELECT_OP_2.43_2.1_43          0.000000  s, u
U_REQ_ORDER/C11138        *SELECT_OP_2.5_2.1_5            0.000000  s, u
U_REQ_ORDER/C11139        *SELECT_OP_2.48_2.1_48          0.000000  s, u
U_REQ_ORDER/C11140        *SELECT_OP_2.352_2.1_352        0.000000  s, u
U_REQ_ORDER/C11141        *SELECT_OP_3.1_3.1_1            0.000000  s, u
U_REQ_ORDER/C11142        *SELECT_OP_3.1_3.1_1            0.000000  s, u
U_REQ_ORDER/C11143        *SELECT_OP_2.1_2.1_1            0.000000  s, u
U_REQ_ORDER/C11144        *SELECT_OP_2.8_2.1_8            0.000000  s, u
U_REQ_ORDER/C11145        *SELECT_OP_2.8_2.1_8            0.000000  s, u
U_REQ_ORDER/C11146        *SELECT_OP_2.8_2.1_8            0.000000  s, u
U_REQ_ORDER/C11148        *SELECT_OP_2.1_2.1_1            0.000000  s, u
U_REQ_ORDER/C11150        *SELECT_OP_2.1_2.1_1            0.000000  s, u
U_REQ_ORDER/C11152        *SELECT_OP_2.1_2.1_1            0.000000  s, u
U_REQ_ORDER/C11154        *SELECT_OP_2.1_2.1_1            0.000000  s, u
U_REQ_ORDER/C11156        *SELECT_OP_2.1_2.1_1            0.000000  s, u
U_REQ_ORDER/C11158        *SELECT_OP_2.1_2.1_1            0.000000  s, u
U_REQ_ORDER/C11160        *SELECT_OP_2.1_2.1_1            0.000000  s, u
U_REQ_ORDER/C11162        *SELECT_OP_2.1_2.1_1            0.000000  s, u
U_REQ_ORDER/C11163        *SELECT_OP_2.1_2.1_1            0.000000  s, u
U_REQ_ORDER/C11184        *MUX_OP_8_3_3                   0.000000  s, u
U_REQ_ORDER/C11185        *MUX_OP_8_3_3                   0.000000  s, u
U_REQ_ORDER/C11186        *MUX_OP_8_3_24                  0.000000  s, u
U_REQ_ORDER/C11187        *MUX_OP_8_3_32                  0.000000  s, u
U_REQ_ORDER/C11188        *MUX_OP_8_3_4                   0.000000  s, u
U_REQ_ORDER/C11189        *MUX_OP_8_3_3                   0.000000  s, u
U_REQ_ORDER/C11190        *MUX_OP_8_3_7                   0.000000  s, u
U_REQ_ORDER/C11191        *MUX_OP_8_3_30                  0.000000  s, u
U_REQ_ORDER/C11192        *MUX_OP_8_3_1                   0.000000  s, u
U_REQ_ORDER/U_ADDR_BORDER_COUNT_RSP/C60
                          *SELECT_OP_2.8_2.1_8            0.000000  s, u
U_REQ_ORDER/U_ADDR_BORDER_COUNT_RSP/C61
                          *SELECT_OP_2.32_2.1_32          0.000000  s, u
U_REQ_ORDER/U_ADDR_BORDER_COUNT_RSP/add_58
                          *ADD_UNS_OP_32_8_32             0.000000  s, u
U_REQ_ORDER/U_ADDR_BORDER_COUNT_RSP/add_63
                          *ADD_UNS_OP_32_8_32             0.000000  s, u
U_REQ_ORDER/add_302       *ADD_UNS_OP_8_1_8               0.000000  s, u
U_REQ_ORDER/add_373       *ADD_UNS_OP_3_1_3               0.000000  s, u
U_REQ_ORDER/add_378       *ADD_UNS_OP_3_1_3               0.000000  s, u
U_REQ_ORDER/add_460       *ADD_UNS_OP_8_1_8               0.000000  s, u
U_REQ_ORDER/add_613       *ADD_UNS_OP_32_4_32             0.000000  s, u
U_REQ_ORDER/add_627       *ADD_UNS_OP_32_4_32             0.000000  s, u
U_REQ_ORDER/eq_267        *EQ_UNS_OP_7_7_1                0.000000  s, u
U_REQ_ORDER/eq_267_G2     *EQ_UNS_OP_7_7_1                0.000000  s, u
U_REQ_ORDER/eq_267_G3     *EQ_UNS_OP_7_7_1                0.000000  s, u
U_REQ_ORDER/eq_267_G4     *EQ_UNS_OP_7_7_1                0.000000  s, u
U_REQ_ORDER/eq_267_G5     *EQ_UNS_OP_7_7_1                0.000000  s, u
U_REQ_ORDER/eq_267_G6     *EQ_UNS_OP_7_7_1                0.000000  s, u
U_REQ_ORDER/eq_267_G7     *EQ_UNS_OP_7_7_1                0.000000  s, u
U_REQ_ORDER/eq_267_G8     *EQ_UNS_OP_7_7_1                0.000000  s, u
U_REQ_ORDER/eq_336        *EQ_UNS_OP_7_7_1                0.000000  s, u
U_REQ_ORDER/eq_336_G2     *EQ_UNS_OP_7_7_1                0.000000  s, u
U_REQ_ORDER/eq_336_G3     *EQ_UNS_OP_7_7_1                0.000000  s, u
U_REQ_ORDER/eq_336_G4     *EQ_UNS_OP_7_7_1                0.000000  s, u
U_REQ_ORDER/eq_336_G5     *EQ_UNS_OP_7_7_1                0.000000  s, u
U_REQ_ORDER/eq_336_G6     *EQ_UNS_OP_7_7_1                0.000000  s, u
U_REQ_ORDER/eq_336_G7     *EQ_UNS_OP_7_7_1                0.000000  s, u
U_REQ_ORDER/eq_336_G8     *EQ_UNS_OP_7_7_1                0.000000  s, u
U_REQ_ORDER/eq_412        *EQ_UNS_OP_8_8_1                0.000000  s, u
U_REQ_ORDER/eq_492        *EQ_UNS_OP_10_10_1              0.000000  s, u
U_REQ_ORDER/eq_492_G2     *EQ_UNS_OP_10_10_1              0.000000  s, u
U_REQ_ORDER/eq_492_G3     *EQ_UNS_OP_10_10_1              0.000000  s, u
U_REQ_ORDER/eq_492_G4     *EQ_UNS_OP_10_10_1              0.000000  s, u
U_REQ_ORDER/eq_492_G5     *EQ_UNS_OP_10_10_1              0.000000  s, u
U_REQ_ORDER/eq_492_G6     *EQ_UNS_OP_10_10_1              0.000000  s, u
U_REQ_ORDER/eq_492_G7     *EQ_UNS_OP_10_10_1              0.000000  s, u
U_REQ_ORDER/eq_492_G8     *EQ_UNS_OP_10_10_1              0.000000  s, u
U_REQ_ORDER/eq_623        *EQ_UNS_OP_32_32_1              0.000000  s, u
U_REQ_ORDER/eq_660        *EQ_UNS_OP_6_6_1                0.000000  s, u
U_REQ_ORDER/eq_660_G2     *EQ_UNS_OP_6_6_1                0.000000  s, u
U_REQ_ORDER/eq_660_G3     *EQ_UNS_OP_6_6_1                0.000000  s, u
U_REQ_ORDER/eq_660_G4     *EQ_UNS_OP_6_6_1                0.000000  s, u
U_REQ_ORDER/eq_660_G5     *EQ_UNS_OP_6_6_1                0.000000  s, u
U_REQ_ORDER/eq_660_G6     *EQ_UNS_OP_6_6_1                0.000000  s, u
U_REQ_ORDER/eq_660_G7     *EQ_UNS_OP_6_6_1                0.000000  s, u
U_REQ_ORDER/eq_660_G8     *EQ_UNS_OP_6_6_1                0.000000  s, u
U_REQ_ORDER/eq_667        *EQ_UNS_OP_8_8_1                0.000000  s, u
U_REQ_ORDER/eq_708_3      *EQ_UNS_OP_3_3_1                0.000000  s, u
U_REQ_ORDER/genblk24.U_ADDR_BORDER_COUNT_REQ/C60
                          *SELECT_OP_2.2_2.1_2            0.000000  s, u
U_REQ_ORDER/genblk24.U_ADDR_BORDER_COUNT_REQ/C61
                          *SELECT_OP_2.26_2.1_26          0.000000  s, u
U_REQ_ORDER/genblk24.U_ADDR_BORDER_COUNT_REQ/add_86
                          *ADD_UNS_OP_32_8_32             0.000000  s, u
U_REQ_ORDER/genblk24.U_ADDR_BORDER_COUNT_REQ/add_91
                          *ADD_UNS_OP_32_8_32             0.000000  s, u
U_REQ_ORDER/gt_793        *GT_UNS_OP_26_26_1              0.000000  s, u
U_REQ_ORDER/gt_793_G2     *GT_UNS_OP_26_26_1              0.000000  s, u
U_REQ_ORDER/gt_793_G3     *GT_UNS_OP_26_26_1              0.000000  s, u
U_REQ_ORDER/gt_793_G4     *GT_UNS_OP_26_26_1              0.000000  s, u
U_REQ_ORDER/gt_793_G5     *GT_UNS_OP_26_26_1              0.000000  s, u
U_REQ_ORDER/gt_793_G6     *GT_UNS_OP_26_26_1              0.000000  s, u
U_REQ_ORDER/gt_793_G7     *GT_UNS_OP_26_26_1              0.000000  s, u
U_REQ_ORDER/gt_793_G8     *GT_UNS_OP_26_26_1              0.000000  s, u
U_REQ_ORDER/lt_372        *LT_UNS_OP_3_3_1                0.000000  s, u
U_REQ_ORDER/lt_377        *LT_UNS_OP_3_3_1                0.000000  s, u
U_REQ_ORDER/lt_793        *LT_UNS_OP_26_26_1              0.000000  s, u
U_REQ_ORDER/lt_793_G2     *LT_UNS_OP_26_26_1              0.000000  s, u
U_REQ_ORDER/lt_793_G3     *LT_UNS_OP_26_26_1              0.000000  s, u
U_REQ_ORDER/lt_793_G4     *LT_UNS_OP_26_26_1              0.000000  s, u
U_REQ_ORDER/lt_793_G5     *LT_UNS_OP_26_26_1              0.000000  s, u
U_REQ_ORDER/lt_793_G6     *LT_UNS_OP_26_26_1              0.000000  s, u
U_REQ_ORDER/lt_793_G7     *LT_UNS_OP_26_26_1              0.000000  s, u
U_REQ_ORDER/lt_793_G8     *LT_UNS_OP_26_26_1              0.000000  s, u
U_REQ_ORDER/ne_584        *NE_UNS_OP_3_1_1                0.000000  s, u
U_REQ_ORDER/ne_793        *NE_UNS_OP_8_8_1                0.000000  s, u
U_REQ_ORDER/ne_793_G2     *NE_UNS_OP_8_8_1                0.000000  s, u
U_REQ_ORDER/ne_793_G3     *NE_UNS_OP_8_8_1                0.000000  s, u
U_REQ_ORDER/ne_793_G4     *NE_UNS_OP_8_8_1                0.000000  s, u
U_REQ_ORDER/ne_793_G5     *NE_UNS_OP_8_8_1                0.000000  s, u
U_REQ_ORDER/ne_793_G6     *NE_UNS_OP_8_8_1                0.000000  s, u
U_REQ_ORDER/ne_793_G7     *NE_UNS_OP_8_8_1                0.000000  s, u
U_REQ_ORDER/ne_793_G8     *NE_UNS_OP_8_8_1                0.000000  s, u
U_REQ_ORDER/sub_578       *SUB_UNS_OP_3_3_3               0.000000  s, u
U_REQ_ORDER/sub_584       *SUB_UNS_OP_4_3_4               0.000000  s, u
U_REQ_ORDER/sub_616       *SUB_UNS_OP_8_4_8               0.000000  s, u
U_REQ_ORDER/sub_623       *SUB_UNS_OP_32_3_32             0.000000  s, u
U_RREQ_TRANS/add_74       *ADD_UNS_OP_2_1_2               0.000000  s, u
U_WATCHDOG/C1973          *SELECT_OP_2.8_2.1_8            0.000000  s, u
U_WATCHDOG/C1974          *SELECT_OP_2.1_2.1_1            0.000000  s, u
U_WATCHDOG/C1975          *SELECT_OP_2.1_2.1_1            0.000000  s, u
U_WATCHDOG/C1976          *SELECT_OP_2.1_2.1_1            0.000000  s, u
U_WATCHDOG/C1977          *SELECT_OP_2.1_2.1_1            0.000000  s, u
U_WATCHDOG/C1978          *SELECT_OP_2.1_2.1_1            0.000000  s, u
U_WATCHDOG/C1979          *SELECT_OP_2.1_2.1_1            0.000000  s, u
U_WATCHDOG/C1980          *SELECT_OP_2.1_2.1_1            0.000000  s, u
U_WATCHDOG/C1981          *SELECT_OP_2.1_2.1_1            0.000000  s, u
U_WATCHDOG/C1982          *SELECT_OP_2.8_2.1_8            0.000000  s, u
U_WATCHDOG/C1983          *SELECT_OP_2.15_2.1_15          0.000000  s, u
U_WATCHDOG/C1984          *SELECT_OP_2.1_2.1_1            0.000000  s, u
U_WATCHDOG/C1985          *SELECT_OP_2.15_2.1_15          0.000000  s, u
U_WATCHDOG/C1986          *SELECT_OP_2.1_2.1_1            0.000000  s, u
U_WATCHDOG/C1987          *SELECT_OP_2.15_2.1_15          0.000000  s, u
U_WATCHDOG/C1988          *SELECT_OP_2.1_2.1_1            0.000000  s, u
U_WATCHDOG/C1989          *SELECT_OP_2.15_2.1_15          0.000000  s, u
U_WATCHDOG/C1990          *SELECT_OP_2.1_2.1_1            0.000000  s, u
U_WATCHDOG/C1991          *SELECT_OP_2.15_2.1_15          0.000000  s, u
U_WATCHDOG/C1992          *SELECT_OP_2.1_2.1_1            0.000000  s, u
U_WATCHDOG/C1993          *SELECT_OP_2.15_2.1_15          0.000000  s, u
U_WATCHDOG/C1994          *SELECT_OP_2.1_2.1_1            0.000000  s, u
U_WATCHDOG/C1995          *SELECT_OP_2.15_2.1_15          0.000000  s, u
U_WATCHDOG/C1996          *SELECT_OP_2.1_2.1_1            0.000000  s, u
U_WATCHDOG/C1997          *SELECT_OP_2.15_2.1_15          0.000000  s, u
U_WATCHDOG/C1998          *SELECT_OP_2.1_2.1_1            0.000000  s, u
U_WATCHDOG/C1999          *SELECT_OP_2.8_2.1_8            0.000000  s, u
U_WATCHDOG/C2000          *SELECT_OP_2.120_2.1_120        0.000000  s, u
U_WATCHDOG/C2002          *MUX_OP_8_3_6                   0.000000  s, u
U_WATCHDOG/U_SYNC_FIFO_TIMOUT/C284
                          *SELECT_OP_2.8_2.1_8            0.000000  s, u
U_WATCHDOG/U_SYNC_FIFO_TIMOUT/C285
                          *MUX_OP_8_3_6_2                 0.000000  s, u
U_WATCHDOG/U_SYNC_FIFO_TIMOUT/add_49
                          *ADD_UNS_OP_4_1_4               0.000000  s, u
U_WATCHDOG/U_SYNC_FIFO_TIMOUT/add_61
                          *ADD_UNS_OP_4_1_4               0.000000  s, u
U_WATCHDOG/U_SYNC_FIFO_TIMOUT/eq_68
                          *EQ_UNS_OP_4_4_1                0.000000  s, u
U_WATCHDOG/U_SYNC_FIFO_TIMOUT/eq_70
                          *EQ_UNS_OP_3_3_1                0.000000  s, u
U_WATCHDOG/add_58_aco     *ADD_UNS_OP_15_1_15             0.000000  s, u
U_WATCHDOG/add_68         *ADD_UNS_OP_15_14_16            0.000000  s, u
U_WATCHDOG/eq_89_G2       *EQ_UNS_OP_10_10_1              0.000000  s, u
U_WATCHDOG/eq_89_G3       *EQ_UNS_OP_10_10_1              0.000000  s, u
U_WATCHDOG/eq_89_G4       *EQ_UNS_OP_10_10_1              0.000000  s, u
U_WATCHDOG/eq_89_G5       *EQ_UNS_OP_10_10_1              0.000000  s, u
U_WATCHDOG/eq_89_G6       *EQ_UNS_OP_10_10_1              0.000000  s, u
U_WATCHDOG/eq_89_G7       *EQ_UNS_OP_10_10_1              0.000000  s, u
U_WATCHDOG/eq_89_G8       *EQ_UNS_OP_10_10_1              0.000000  s, u
U_WATCHDOG/eq_122_G2      *EQ_UNS_OP_10_10_1              0.000000  s, u
U_WATCHDOG/eq_122_G3      *EQ_UNS_OP_10_10_1              0.000000  s, u
U_WATCHDOG/eq_122_G4      *EQ_UNS_OP_10_10_1              0.000000  s, u
U_WATCHDOG/eq_122_G5      *EQ_UNS_OP_10_10_1              0.000000  s, u
U_WATCHDOG/eq_122_G6      *EQ_UNS_OP_10_10_1              0.000000  s, u
U_WATCHDOG/eq_122_G7      *EQ_UNS_OP_10_10_1              0.000000  s, u
U_WATCHDOG/eq_122_G8      *EQ_UNS_OP_10_10_1              0.000000  s, u
U_WATCHDOG/eq_154         *EQ_UNS_OP_15_15_1              0.000000  s, u
U_WATCHDOG/eq_154_G2      *EQ_UNS_OP_15_15_1              0.000000  s, u
U_WATCHDOG/eq_154_G3      *EQ_UNS_OP_15_15_1              0.000000  s, u
U_WATCHDOG/eq_154_G4      *EQ_UNS_OP_15_15_1              0.000000  s, u
U_WATCHDOG/eq_154_G5      *EQ_UNS_OP_15_15_1              0.000000  s, u
U_WATCHDOG/eq_154_G6      *EQ_UNS_OP_15_15_1              0.000000  s, u
U_WATCHDOG/eq_154_G7      *EQ_UNS_OP_15_15_1              0.000000  s, u
U_WATCHDOG/eq_154_G8      *EQ_UNS_OP_15_15_1              0.000000  s, u
U_WATCHDOG/lte_69         *LEQ_UNS_OP_16_15_1             0.000000  s, u
U_WATCHDOG/mult_add_58_aco
                          *MULT_UNS_OP_15_1_15            0.000000  s, u
U_WATCHDOG/sub_69_aco     *SUB_UNS_OP_15_15_15            0.000000  s, u
U_WREQ_TRANS/C72          *SELECT_OP_3.1_3.1_1            0.000000  s, u
U_WREQ_TRANS/C73          *SELECT_OP_3.1_3.1_1            0.000000  s, u
U_WREQ_TRANS/C74          *SELECT_OP_2.1_2.1_1            0.000000  s, u
U_WREQ_TRANS/add_115      *ADD_UNS_OP_2_1_2               0.000000  s, u
genblk1.U_WRAP_ADJUST/C2100
                          *SELECT_OP_3.1_3.1_1            0.000000  s, u
genblk1.U_WRAP_ADJUST/C2101
                          *SELECT_OP_3.1_3.1_1            0.000000  s, u
genblk1.U_WRAP_ADJUST/C2102
                          *SELECT_OP_2.4_2.1_4            0.000000  s, u
genblk1.U_WRAP_ADJUST/C2104
                          *SELECT_OP_2.1_2.1_1            0.000000  s, u
genblk1.U_WRAP_ADJUST/C2106
                          *SELECT_OP_2.1_2.1_1            0.000000  s, u
genblk1.U_WRAP_ADJUST/C2108
                          *SELECT_OP_2.1_2.1_1            0.000000  s, u
genblk1.U_WRAP_ADJUST/C2110
                          *SELECT_OP_2.1_2.1_1            0.000000  s, u
genblk1.U_WRAP_ADJUST/C2111
                          *SELECT_OP_2.4_2.1_4            0.000000  s, u
genblk1.U_WRAP_ADJUST/C2112
                          *SELECT_OP_2.4_2.1_4            0.000000  s, u
genblk1.U_WRAP_ADJUST/C2113
                          *SELECT_OP_3.72_3.1_72          0.000000  s, u
genblk1.U_WRAP_ADJUST/C2114
                          *SELECT_OP_2.32_2.1_32          0.000000  s, u
genblk1.U_WRAP_ADJUST/C2115
                          *SELECT_OP_4.85_4.1_85          0.000000  s, u
genblk1.U_WRAP_ADJUST/C2116
                          *SELECT_OP_2.1_2.1_1            0.000000  s, u
genblk1.U_WRAP_ADJUST/C2117
                          *SELECT_OP_3.1_3.1_1            0.000000  s, u
genblk1.U_WRAP_ADJUST/C2118
                          *SELECT_OP_2.1_2.1_1            0.000000  s, u
genblk1.U_WRAP_ADJUST/C2119
                          *SELECT_OP_2.1_2.1_1            0.000000  s, u
genblk1.U_WRAP_ADJUST/C2121
                          *MUX_OP_4_2_72                  0.000000  s, u
genblk1.U_WRAP_ADJUST/add_96
                          *ADD_UNS_OP_4_1_4               0.000000  s, u
genblk1.U_WRAP_ADJUST/add_234
                          *ADD_UNS_OP_10_8_10             0.000000  s, u
genblk1.U_WRAP_ADJUST/add_240
                          *ADD_UNS_OP_10_8_10             0.000000  s, u
genblk1.U_WRAP_ADJUST/add_262
                          *ADD_UNS_OP_32_8_32             0.000000  s, u
genblk1.U_WRAP_ADJUST/eq_181
                          *EQ_UNS_OP_5_5_1                0.000000  s, u
genblk1.U_WRAP_ADJUST/eq_181_G2
                          *EQ_UNS_OP_5_5_1                0.000000  s, u
genblk1.U_WRAP_ADJUST/eq_181_G3
                          *EQ_UNS_OP_5_5_1                0.000000  s, u
genblk1.U_WRAP_ADJUST/eq_181_G4
                          *EQ_UNS_OP_5_5_1                0.000000  s, u
genblk1.U_WRAP_ADJUST/sll_248
                          *ASH_UNS_UNS_OP_72_10_72        0.000000  s, u
genblk1.U_WRAP_ADJUST/sll_250
                          *ASH_UNS_UNS_OP_72_10_72        0.000000  s, u
genblk1.U_WRAP_ADJUST/srl_248
                          *ASHR_UNS_UNS_OP_72_10_72       0.000000  s, u
genblk1.U_WRAP_ADJUST/srl_250
                          *ASHR_UNS_UNS_OP_72_10_72       0.000000  s, u
genblk1.U_WRAP_ADJUST/sub_240
                          *SUB_UNS_OP_7_10_10             0.000000  s, u
genblk1.U_WRAP_ADJUST/sub_264
                          *SUB_UNS_OP_32_8_32             0.000000  s, u
genblk1.U_WRAP_ALIGN/C1379
                          *SELECT_OP_3.32_3.1_32          0.000000  s, u
genblk1.U_WRAP_ALIGN/C1380
                          *SELECT_OP_3.8_3.1_8            0.000000  s, u
genblk1.U_WRAP_ALIGN/C1381
                          *SELECT_OP_2.8_2.1_8            0.000000  s, u
genblk1.U_WRAP_ALIGN/C1383
                          *SELECT_OP_3.3_3.1_3            0.000000  s, u
genblk1.U_WRAP_ALIGN/C1384
                          *SELECT_OP_3.1_3.1_1            0.000000  s, u
genblk1.U_WRAP_ALIGN/C1385
                          *SELECT_OP_4.1_4.1_1            0.000000  s, u
genblk1.U_WRAP_ALIGN/C1386
                          *SELECT_OP_7.175_7.1_175        0.000000  s, u
genblk1.U_WRAP_ALIGN/C1387
                          *SELECT_OP_3.1_3.1_1            0.000000  s, u
genblk1.U_WRAP_ALIGN/add_83
                          *ADD_UNS_OP_32_4_32             0.000000  s, u
genblk1.U_WRAP_ALIGN/add_126
                          *ADD_UNS_OP_3_1_3               0.000000  s, u
genblk1.U_WRAP_ALIGN/add_193
                          *ADD_UNS_OP_10_8_10             0.000000  s, u
genblk1.U_WRAP_ALIGN/eq_78
                          *EQ_UNS_OP_32_32_1              0.000000  s, u
genblk1.U_WRAP_ALIGN/sll_203
                          *ASH_UNS_UNS_OP_72_32_72        0.000000  s, u
genblk1.U_WRAP_ALIGN/sll_203_2
                          *ASH_UNS_UNS_OP_72_10_72        0.000000  s, u
genblk1.U_WRAP_ALIGN/srl_203
                          *ASHR_UNS_UNS_OP_72_32_72       0.000000  s, u
genblk1.U_WRAP_ALIGN/srl_203_2
                          *ASHR_UNS_UNS_OP_72_10_72       0.000000  s, u
genblk1.U_WRAP_ALIGN/sub_89
                          *SUB_UNS_OP_8_8_8               0.000000  s, u
genblk1.U_WRAP_ALIGN/sub_91
                          *SUB_UNS_OP_8_8_8               0.000000  s, u
genblk1.U_WRAP_ALIGN/sub_129_aco
                          *SUB_UNS_OP_3_1_3               0.000000  s, u
genblk1.U_WRAP_ALIGN/sub_203
                          *SUB_UNS_OP_7_10_11             0.000000  s, u
genblk1.U_WRAP_ALIGN/sub_203_2
                          *SUB_UNS_OP_7_10_11             0.000000  s, u
genblk2.U_ELY_RSP_DETECT/C3296
                          *SELECT_OP_3.8_3.1_8            0.000000  s, u
genblk2.U_ELY_RSP_DETECT/C3297
                          *SELECT_OP_2.9_2.1_9            0.000000  s, u
genblk2.U_ELY_RSP_DETECT/C3298
                          *SELECT_OP_2.9_2.1_9            0.000000  s, u
genblk2.U_ELY_RSP_DETECT/C3299
                          *SELECT_OP_2.1_2.1_1            0.000000  s, u
genblk2.U_ELY_RSP_DETECT/C3300
                          *SELECT_OP_2.1_2.1_1            0.000000  s, u
genblk2.U_ELY_RSP_DETECT/C3301
                          *SELECT_OP_2.1_2.1_1            0.000000  s, u
genblk2.U_ELY_RSP_DETECT/C3302
                          *SELECT_OP_2.1_2.1_1            0.000000  s, u
genblk2.U_ELY_RSP_DETECT/C3303
                          *SELECT_OP_2.1_2.1_1            0.000000  s, u
genblk2.U_ELY_RSP_DETECT/C3304
                          *SELECT_OP_2.1_2.1_1            0.000000  s, u
genblk2.U_ELY_RSP_DETECT/C3305
                          *SELECT_OP_2.1_2.1_1            0.000000  s, u
genblk2.U_ELY_RSP_DETECT/C3306
                          *SELECT_OP_2.1_2.1_1            0.000000  s, u
genblk2.U_ELY_RSP_DETECT/C3307
                          *SELECT_OP_3.8_3.1_8            0.000000  s, u
genblk2.U_ELY_RSP_DETECT/C3308
                          *SELECT_OP_3.18_3.1_18          0.000000  s, u
genblk2.U_ELY_RSP_DETECT/C3309
                          *SELECT_OP_2.9_2.1_9            0.000000  s, u
genblk2.U_ELY_RSP_DETECT/C3310
                          *SELECT_OP_2.1_2.1_1            0.000000  s, u
genblk2.U_ELY_RSP_DETECT/C3311
                          *SELECT_OP_2.9_2.1_9            0.000000  s, u
genblk2.U_ELY_RSP_DETECT/C3312
                          *SELECT_OP_2.1_2.1_1            0.000000  s, u
genblk2.U_ELY_RSP_DETECT/C3313
                          *SELECT_OP_2.1_2.1_1            0.000000  s, u
genblk2.U_ELY_RSP_DETECT/C3314
                          *SELECT_OP_2.1_2.1_1            0.000000  s, u
genblk2.U_ELY_RSP_DETECT/C3315
                          *SELECT_OP_2.1_2.1_1            0.000000  s, u
genblk2.U_ELY_RSP_DETECT/C3316
                          *SELECT_OP_2.1_2.1_1            0.000000  s, u
genblk2.U_ELY_RSP_DETECT/C3317
                          *SELECT_OP_2.1_2.1_1            0.000000  s, u
genblk2.U_ELY_RSP_DETECT/C3318
                          *SELECT_OP_2.1_2.1_1            0.000000  s, u
genblk2.U_ELY_RSP_DETECT/C3319
                          *SELECT_OP_3.8_3.1_8            0.000000  s, u
genblk2.U_ELY_RSP_DETECT/C3320
                          *SELECT_OP_3.27_3.1_27          0.000000  s, u
genblk2.U_ELY_RSP_DETECT/C3321
                          *SELECT_OP_2.9_2.1_9            0.000000  s, u
genblk2.U_ELY_RSP_DETECT/C3322
                          *SELECT_OP_2.1_2.1_1            0.000000  s, u
genblk2.U_ELY_RSP_DETECT/C3323
                          *SELECT_OP_2.9_2.1_9            0.000000  s, u
genblk2.U_ELY_RSP_DETECT/C3324
                          *SELECT_OP_2.1_2.1_1            0.000000  s, u
genblk2.U_ELY_RSP_DETECT/C3325
                          *SELECT_OP_2.9_2.1_9            0.000000  s, u
genblk2.U_ELY_RSP_DETECT/C3326
                          *SELECT_OP_2.1_2.1_1            0.000000  s, u
genblk2.U_ELY_RSP_DETECT/C3327
                          *SELECT_OP_2.1_2.1_1            0.000000  s, u
genblk2.U_ELY_RSP_DETECT/C3328
                          *SELECT_OP_2.1_2.1_1            0.000000  s, u
genblk2.U_ELY_RSP_DETECT/C3329
                          *SELECT_OP_2.1_2.1_1            0.000000  s, u
genblk2.U_ELY_RSP_DETECT/C3330
                          *SELECT_OP_2.1_2.1_1            0.000000  s, u
genblk2.U_ELY_RSP_DETECT/C3331
                          *SELECT_OP_2.1_2.1_1            0.000000  s, u
genblk2.U_ELY_RSP_DETECT/C3332
                          *SELECT_OP_3.8_3.1_8            0.000000  s, u
genblk2.U_ELY_RSP_DETECT/C3333
                          *SELECT_OP_3.36_3.1_36          0.000000  s, u
genblk2.U_ELY_RSP_DETECT/C3334
                          *SELECT_OP_2.9_2.1_9            0.000000  s, u
genblk2.U_ELY_RSP_DETECT/C3335
                          *SELECT_OP_2.1_2.1_1            0.000000  s, u
genblk2.U_ELY_RSP_DETECT/C3336
                          *SELECT_OP_2.9_2.1_9            0.000000  s, u
genblk2.U_ELY_RSP_DETECT/C3337
                          *SELECT_OP_2.1_2.1_1            0.000000  s, u
genblk2.U_ELY_RSP_DETECT/C3338
                          *SELECT_OP_2.9_2.1_9            0.000000  s, u
genblk2.U_ELY_RSP_DETECT/C3339
                          *SELECT_OP_2.1_2.1_1            0.000000  s, u
genblk2.U_ELY_RSP_DETECT/C3340
                          *SELECT_OP_2.9_2.1_9            0.000000  s, u
genblk2.U_ELY_RSP_DETECT/C3341
                          *SELECT_OP_2.1_2.1_1            0.000000  s, u
genblk2.U_ELY_RSP_DETECT/C3342
                          *SELECT_OP_2.1_2.1_1            0.000000  s, u
genblk2.U_ELY_RSP_DETECT/C3343
                          *SELECT_OP_2.1_2.1_1            0.000000  s, u
genblk2.U_ELY_RSP_DETECT/C3344
                          *SELECT_OP_2.1_2.1_1            0.000000  s, u
genblk2.U_ELY_RSP_DETECT/C3345
                          *SELECT_OP_2.1_2.1_1            0.000000  s, u
genblk2.U_ELY_RSP_DETECT/C3346
                          *SELECT_OP_3.8_3.1_8            0.000000  s, u
genblk2.U_ELY_RSP_DETECT/C3347
                          *SELECT_OP_3.45_3.1_45          0.000000  s, u
genblk2.U_ELY_RSP_DETECT/C3348
                          *SELECT_OP_2.9_2.1_9            0.000000  s, u
genblk2.U_ELY_RSP_DETECT/C3349
                          *SELECT_OP_2.1_2.1_1            0.000000  s, u
genblk2.U_ELY_RSP_DETECT/C3350
                          *SELECT_OP_2.9_2.1_9            0.000000  s, u
genblk2.U_ELY_RSP_DETECT/C3351
                          *SELECT_OP_2.1_2.1_1            0.000000  s, u
genblk2.U_ELY_RSP_DETECT/C3352
                          *SELECT_OP_2.9_2.1_9            0.000000  s, u
genblk2.U_ELY_RSP_DETECT/C3353
                          *SELECT_OP_2.1_2.1_1            0.000000  s, u
genblk2.U_ELY_RSP_DETECT/C3354
                          *SELECT_OP_2.9_2.1_9            0.000000  s, u
genblk2.U_ELY_RSP_DETECT/C3355
                          *SELECT_OP_2.1_2.1_1            0.000000  s, u
genblk2.U_ELY_RSP_DETECT/C3356
                          *SELECT_OP_2.9_2.1_9            0.000000  s, u
genblk2.U_ELY_RSP_DETECT/C3357
                          *SELECT_OP_2.1_2.1_1            0.000000  s, u
genblk2.U_ELY_RSP_DETECT/C3358
                          *SELECT_OP_2.1_2.1_1            0.000000  s, u
genblk2.U_ELY_RSP_DETECT/C3359
                          *SELECT_OP_2.1_2.1_1            0.000000  s, u
genblk2.U_ELY_RSP_DETECT/C3360
                          *SELECT_OP_2.1_2.1_1            0.000000  s, u
genblk2.U_ELY_RSP_DETECT/C3361
                          *SELECT_OP_3.8_3.1_8            0.000000  s, u
genblk2.U_ELY_RSP_DETECT/C3362
                          *SELECT_OP_3.54_3.1_54          0.000000  s, u
genblk2.U_ELY_RSP_DETECT/C3363
                          *SELECT_OP_2.9_2.1_9            0.000000  s, u
genblk2.U_ELY_RSP_DETECT/C3364
                          *SELECT_OP_2.1_2.1_1            0.000000  s, u
genblk2.U_ELY_RSP_DETECT/C3365
                          *SELECT_OP_2.9_2.1_9            0.000000  s, u
genblk2.U_ELY_RSP_DETECT/C3366
                          *SELECT_OP_2.1_2.1_1            0.000000  s, u
genblk2.U_ELY_RSP_DETECT/C3367
                          *SELECT_OP_2.9_2.1_9            0.000000  s, u
genblk2.U_ELY_RSP_DETECT/C3368
                          *SELECT_OP_2.1_2.1_1            0.000000  s, u
genblk2.U_ELY_RSP_DETECT/C3369
                          *SELECT_OP_2.9_2.1_9            0.000000  s, u
genblk2.U_ELY_RSP_DETECT/C3370
                          *SELECT_OP_2.1_2.1_1            0.000000  s, u
genblk2.U_ELY_RSP_DETECT/C3371
                          *SELECT_OP_2.9_2.1_9            0.000000  s, u
genblk2.U_ELY_RSP_DETECT/C3372
                          *SELECT_OP_2.1_2.1_1            0.000000  s, u
genblk2.U_ELY_RSP_DETECT/C3373
                          *SELECT_OP_2.9_2.1_9            0.000000  s, u
genblk2.U_ELY_RSP_DETECT/C3374
                          *SELECT_OP_2.1_2.1_1            0.000000  s, u
genblk2.U_ELY_RSP_DETECT/C3375
                          *SELECT_OP_2.1_2.1_1            0.000000  s, u
genblk2.U_ELY_RSP_DETECT/C3376
                          *SELECT_OP_2.1_2.1_1            0.000000  s, u
genblk2.U_ELY_RSP_DETECT/C3377
                          *SELECT_OP_3.8_3.1_8            0.000000  s, u
genblk2.U_ELY_RSP_DETECT/C3378
                          *SELECT_OP_3.63_3.1_63          0.000000  s, u
genblk2.U_ELY_RSP_DETECT/C3379
                          *SELECT_OP_2.9_2.1_9            0.000000  s, u
genblk2.U_ELY_RSP_DETECT/C3380
                          *SELECT_OP_2.1_2.1_1            0.000000  s, u
genblk2.U_ELY_RSP_DETECT/C3381
                          *SELECT_OP_2.9_2.1_9            0.000000  s, u
genblk2.U_ELY_RSP_DETECT/C3382
                          *SELECT_OP_2.1_2.1_1            0.000000  s, u
genblk2.U_ELY_RSP_DETECT/C3383
                          *SELECT_OP_2.9_2.1_9            0.000000  s, u
genblk2.U_ELY_RSP_DETECT/C3384
                          *SELECT_OP_2.1_2.1_1            0.000000  s, u
genblk2.U_ELY_RSP_DETECT/C3385
                          *SELECT_OP_2.9_2.1_9            0.000000  s, u
genblk2.U_ELY_RSP_DETECT/C3386
                          *SELECT_OP_2.1_2.1_1            0.000000  s, u
genblk2.U_ELY_RSP_DETECT/C3387
                          *SELECT_OP_2.9_2.1_9            0.000000  s, u
genblk2.U_ELY_RSP_DETECT/C3388
                          *SELECT_OP_2.1_2.1_1            0.000000  s, u
genblk2.U_ELY_RSP_DETECT/C3389
                          *SELECT_OP_2.9_2.1_9            0.000000  s, u
genblk2.U_ELY_RSP_DETECT/C3390
                          *SELECT_OP_2.1_2.1_1            0.000000  s, u
genblk2.U_ELY_RSP_DETECT/C3391
                          *SELECT_OP_2.9_2.1_9            0.000000  s, u
genblk2.U_ELY_RSP_DETECT/C3392
                          *SELECT_OP_2.1_2.1_1            0.000000  s, u
genblk2.U_ELY_RSP_DETECT/C3393
                          *SELECT_OP_2.1_2.1_1            0.000000  s, u
genblk2.U_ELY_RSP_DETECT/C3394
                          *SELECT_OP_3.8_3.1_8            0.000000  s, u
genblk2.U_ELY_RSP_DETECT/C3395
                          *SELECT_OP_3.72_3.1_72          0.000000  s, u
genblk2.U_ELY_RSP_DETECT/C3396
                          *SELECT_OP_4.8_4.1_8            0.000000  s, u
genblk2.U_ELY_RSP_DETECT/C3397
                          *SELECT_OP_3.72_3.1_72          0.000000  s, u
genblk2.U_ELY_RSP_DETECT/C3398
                          *SELECT_OP_2.1_2.1_1            0.000000  s, u
genblk2.U_ELY_RSP_DETECT/C3399
                          *SELECT_OP_2.1_2.1_1            0.000000  s, u
genblk2.U_ELY_RSP_DETECT/C3400
                          *SELECT_OP_2.1_2.1_1            0.000000  s, u
genblk2.U_ELY_RSP_DETECT/C3401
                          *SELECT_OP_2.1_2.1_1            0.000000  s, u
genblk2.U_ELY_RSP_DETECT/C3404
                          *MUX_OP_8_3_1_1                 0.000000  s, u
genblk2.U_ELY_RSP_DETECT/C3405
                          *MUX_OP_8_3_3_1                 0.000000  s, u
genblk2.U_ELY_RSP_DETECT/add_84
                          *ADD_UNS_OP_8_1_8               0.000000  s, u
genblk2.U_ELY_RSP_DETECT/add_130
                          *ADD_UNS_OP_8_1_8               0.000000  s, u
genblk2.U_ELY_RSP_DETECT/eq_122
                          *EQ_UNS_OP_4_4_1                0.000000  s, u
genblk2.U_ELY_RSP_DETECT/eq_122_G2
                          *EQ_UNS_OP_4_4_1                0.000000  s, u
genblk2.U_ELY_RSP_DETECT/eq_122_G3
                          *EQ_UNS_OP_4_4_1                0.000000  s, u
genblk2.U_ELY_RSP_DETECT/eq_122_G4
                          *EQ_UNS_OP_4_4_1                0.000000  s, u
genblk2.U_ELY_RSP_DETECT/eq_122_G5
                          *EQ_UNS_OP_4_4_1                0.000000  s, u
genblk2.U_ELY_RSP_DETECT/eq_122_G6
                          *EQ_UNS_OP_4_4_1                0.000000  s, u
genblk2.U_ELY_RSP_DETECT/eq_122_G7
                          *EQ_UNS_OP_4_4_1                0.000000  s, u
genblk2.U_ELY_RSP_DETECT/eq_122_G8
                          *EQ_UNS_OP_4_4_1                0.000000  s, u
genblk2.U_ELY_RSP_DETECT/eq_187
                          *EQ_UNS_OP_1_32_1               0.000000  s, u
genblk2.U_ELY_RSP_DETECT/eq_187_I2
                          *EQ_UNS_OP_1_32_1               0.000000  s, u
genblk2.U_ELY_RSP_DETECT/eq_187_I3
                          *EQ_UNS_OP_2_32_1               0.000000  s, u
genblk2.U_ELY_RSP_DETECT/eq_187_I4
                          *EQ_UNS_OP_2_32_1               0.000000  s, u
genblk2.U_ELY_RSP_DETECT/eq_187_I5
                          *EQ_UNS_OP_3_32_1               0.000000  s, u
genblk2.U_ELY_RSP_DETECT/eq_187_I6
                          *EQ_UNS_OP_3_32_1               0.000000  s, u
genblk2.U_ELY_RSP_DETECT/eq_187_I7
                          *EQ_UNS_OP_3_32_1               0.000000  s, u
genblk2.U_ELY_RSP_DETECT/eq_187_I8
                          *EQ_UNS_OP_3_32_1               0.000000  s, u
genblk2.U_ELY_RSP_DETECT/gte_184
                          *GEQ_UNS_OP_1_3_1               0.000000  s, u
genblk2.U_ELY_RSP_DETECT/gte_184_I2
                          *GEQ_UNS_OP_1_3_1               0.000000  s, u
genblk2.U_ELY_RSP_DETECT/gte_184_I3
                          *GEQ_UNS_OP_2_3_1               0.000000  s, u
genblk2.U_ELY_RSP_DETECT/gte_184_I4
                          *GEQ_UNS_OP_2_3_1               0.000000  s, u
genblk2.U_ELY_RSP_DETECT/gte_184_I5
                          *GEQ_UNS_OP_3_3_1               0.000000  s, u
genblk2.U_ELY_RSP_DETECT/gte_184_I6
                          *GEQ_UNS_OP_3_3_1               0.000000  s, u
genblk2.U_ELY_RSP_DETECT/gte_184_I7
                          *GEQ_UNS_OP_3_3_1               0.000000  s, u
genblk2.U_ELY_RSP_DETECT/gte_184_I8
                          *GEQ_UNS_OP_3_3_1               0.000000  s, u
genblk2.U_ELY_RSP_DETECT/gte_196
                          *GEQ_UNS_OP_1_3_1               0.000000  s, u
genblk2.U_ELY_RSP_DETECT/gte_196_I2
                          *GEQ_UNS_OP_1_3_1               0.000000  s, u
genblk2.U_ELY_RSP_DETECT/gte_196_I3
                          *GEQ_UNS_OP_2_3_1               0.000000  s, u
genblk2.U_ELY_RSP_DETECT/gte_196_I4
                          *GEQ_UNS_OP_2_3_1               0.000000  s, u
genblk2.U_ELY_RSP_DETECT/gte_196_I5
                          *GEQ_UNS_OP_3_3_1               0.000000  s, u
genblk2.U_ELY_RSP_DETECT/gte_196_I6
                          *GEQ_UNS_OP_3_3_1               0.000000  s, u
genblk2.U_ELY_RSP_DETECT/gte_196_I7
                          *GEQ_UNS_OP_3_3_1               0.000000  s, u
genblk2.U_ELY_RSP_DETECT/lt_184
                          *LT_UNS_OP_1_32_1               0.000000  s, u
genblk2.U_ELY_RSP_DETECT/lt_184_I2
                          *LT_UNS_OP_1_32_1               0.000000  s, u
genblk2.U_ELY_RSP_DETECT/lt_184_I3
                          *LT_UNS_OP_2_32_1               0.000000  s, u
genblk2.U_ELY_RSP_DETECT/lt_184_I4
                          *LT_UNS_OP_2_32_1               0.000000  s, u
genblk2.U_ELY_RSP_DETECT/lt_184_I5
                          *LT_UNS_OP_3_32_1               0.000000  s, u
genblk2.U_ELY_RSP_DETECT/lt_184_I6
                          *LT_UNS_OP_3_32_1               0.000000  s, u
genblk2.U_ELY_RSP_DETECT/lt_184_I7
                          *LT_UNS_OP_3_32_1               0.000000  s, u
genblk2.U_ELY_RSP_DETECT/lt_184_I8
                          *LT_UNS_OP_3_32_1               0.000000  s, u
genblk2.U_ELY_RSP_DETECT/sub_184
                          *SUB_UNS_OP_3_1_4               0.000000  s, u
genblk2.U_ELY_RSP_DETECT/sub_184_I2
                          *SUB_UNS_OP_3_1_4               0.000000  s, u
genblk2.U_ELY_RSP_DETECT/sub_184_I3
                          *SUB_UNS_OP_3_1_4               0.000000  s, u
genblk2.U_ELY_RSP_DETECT/sub_184_I4
                          *SUB_UNS_OP_3_1_4               0.000000  s, u
genblk2.U_ELY_RSP_DETECT/sub_184_I5
                          *SUB_UNS_OP_3_1_4               0.000000  s, u
genblk2.U_ELY_RSP_DETECT/sub_184_I6
                          *SUB_UNS_OP_3_1_4               0.000000  s, u
genblk2.U_ELY_RSP_DETECT/sub_184_I7
                          *SUB_UNS_OP_3_1_4               0.000000  s, u
genblk2.U_ELY_RSP_DETECT/sub_184_I8
                          *SUB_UNS_OP_3_1_4               0.000000  s, u
genblk2.U_ELY_RSP_DETECT/sub_187
                          *SUB_UNS_OP_3_1_4               0.000000  s, u
genblk2.U_ELY_RSP_DETECT/sub_187_I2
                          *SUB_UNS_OP_3_1_4               0.000000  s, u
genblk2.U_ELY_RSP_DETECT/sub_187_I3
                          *SUB_UNS_OP_3_1_4               0.000000  s, u
genblk2.U_ELY_RSP_DETECT/sub_187_I4
                          *SUB_UNS_OP_3_1_4               0.000000  s, u
genblk2.U_ELY_RSP_DETECT/sub_187_I5
                          *SUB_UNS_OP_3_1_4               0.000000  s, u
genblk2.U_ELY_RSP_DETECT/sub_187_I6
                          *SUB_UNS_OP_3_1_4               0.000000  s, u
genblk2.U_ELY_RSP_DETECT/sub_187_I7
                          *SUB_UNS_OP_3_1_4               0.000000  s, u
genblk2.U_ELY_RSP_DETECT/sub_187_I8
                          *SUB_UNS_OP_3_1_4               0.000000  s, u
genblk2.U_ELY_RSP_DETECT/sub_189
                          *SUB_UNS_OP_3_1_4               0.000000  s, u
genblk2.U_ELY_RSP_DETECT/sub_189_I2
                          *SUB_UNS_OP_3_1_4               0.000000  s, u
genblk2.U_ELY_RSP_DETECT/sub_189_I3
                          *SUB_UNS_OP_3_1_4               0.000000  s, u
genblk2.U_ELY_RSP_DETECT/sub_189_I4
                          *SUB_UNS_OP_3_1_4               0.000000  s, u
genblk2.U_ELY_RSP_DETECT/sub_189_I5
                          *SUB_UNS_OP_3_1_4               0.000000  s, u
genblk2.U_ELY_RSP_DETECT/sub_189_I6
                          *SUB_UNS_OP_3_1_4               0.000000  s, u
genblk2.U_ELY_RSP_DETECT/sub_189_I7
                          *SUB_UNS_OP_3_1_4               0.000000  s, u
genblk2.U_ELY_RSP_DETECT/sub_189_I8
                          *SUB_UNS_OP_3_1_4               0.000000  s, u
genblk2.U_RSP_ORDER/C4786 *SELECT_OP_3.1_3.1_1            0.000000  s, u
genblk2.U_RSP_ORDER/C4787 *SELECT_OP_3.1_3.1_1            0.000000  s, u
genblk2.U_RSP_ORDER/C4788 *SELECT_OP_2.1_2.1_1            0.000000  s, u
genblk2.U_RSP_ORDER/C4789 *SELECT_OP_3.8_3.1_8            0.000000  s, u
genblk2.U_RSP_ORDER/C4790 *SELECT_OP_2.120_2.1_120        0.000000  s, u
genblk2.U_RSP_ORDER/C4791 *SELECT_OP_2.8_2.1_8            0.000000  s, u
genblk2.U_RSP_ORDER/C4793 *SELECT_OP_2.1_2.1_1            0.000000  s, u
genblk2.U_RSP_ORDER/C4794 *SELECT_OP_2.1_2.1_1            0.000000  s, u
genblk2.U_RSP_ORDER/C4796 *SELECT_OP_2.1_2.1_1            0.000000  s, u
genblk2.U_RSP_ORDER/C4797 *SELECT_OP_2.1_2.1_1            0.000000  s, u
genblk2.U_RSP_ORDER/C4799 *SELECT_OP_2.1_2.1_1            0.000000  s, u
genblk2.U_RSP_ORDER/C4800 *SELECT_OP_2.1_2.1_1            0.000000  s, u
genblk2.U_RSP_ORDER/C4802 *SELECT_OP_2.1_2.1_1            0.000000  s, u
genblk2.U_RSP_ORDER/C4803 *SELECT_OP_2.1_2.1_1            0.000000  s, u
genblk2.U_RSP_ORDER/C4805 *SELECT_OP_2.1_2.1_1            0.000000  s, u
genblk2.U_RSP_ORDER/C4806 *SELECT_OP_2.1_2.1_1            0.000000  s, u
genblk2.U_RSP_ORDER/C4808 *SELECT_OP_2.1_2.1_1            0.000000  s, u
genblk2.U_RSP_ORDER/C4809 *SELECT_OP_2.1_2.1_1            0.000000  s, u
genblk2.U_RSP_ORDER/C4811 *SELECT_OP_2.1_2.1_1            0.000000  s, u
genblk2.U_RSP_ORDER/C4812 *SELECT_OP_2.1_2.1_1            0.000000  s, u
genblk2.U_RSP_ORDER/C4814 *SELECT_OP_2.1_2.1_1            0.000000  s, u
genblk2.U_RSP_ORDER/C4815 *SELECT_OP_2.1_2.1_1            0.000000  s, u
genblk2.U_RSP_ORDER/C4816 *SELECT_OP_2.8_2.1_8            0.000000  s, u
genblk2.U_RSP_ORDER/C4817 *SELECT_OP_2.16_2.1_16          0.000000  s, u
genblk2.U_RSP_ORDER/C4818 *SELECT_OP_2.1_2.1_1            0.000000  s, u
genblk2.U_RSP_ORDER/C4819 *SELECT_OP_2.1_2.1_1            0.000000  s, u
genblk2.U_RSP_ORDER/C4820 *SELECT_OP_2.1_2.1_1            0.000000  s, u
genblk2.U_RSP_ORDER/C4821 *SELECT_OP_2.3_2.1_3            0.000000  s, u
genblk2.U_RSP_ORDER/C4822 *SELECT_OP_2.1_2.1_1            0.000000  s, u
genblk2.U_RSP_ORDER/C4823 *SELECT_OP_2.1_2.1_1            0.000000  s, u
genblk2.U_RSP_ORDER/C4824 *SELECT_OP_2.2_2.1_2            0.000000  s, u
genblk2.U_RSP_ORDER/C4825 *SELECT_OP_2.2_2.1_2            0.000000  s, u
genblk2.U_RSP_ORDER/C4826 *SELECT_OP_2.2_2.1_2            0.000000  s, u
genblk2.U_RSP_ORDER/C4827 *SELECT_OP_2.2_2.1_2            0.000000  s, u
genblk2.U_RSP_ORDER/C4828 *SELECT_OP_2.3_2.1_3            0.000000  s, u
genblk2.U_RSP_ORDER/C4829 *SELECT_OP_2.3_2.1_3            0.000000  s, u
genblk2.U_RSP_ORDER/C4830 *SELECT_OP_2.3_2.1_3            0.000000  s, u
genblk2.U_RSP_ORDER/C4831 *SELECT_OP_2.3_2.1_3            0.000000  s, u
genblk2.U_RSP_ORDER/C4832 *SELECT_OP_2.3_2.1_3            0.000000  s, u
genblk2.U_RSP_ORDER/C4833 *SELECT_OP_2.3_2.1_3            0.000000  s, u
genblk2.U_RSP_ORDER/C4834 *SELECT_OP_2.8_2.1_8            0.000000  s, u
genblk2.U_RSP_ORDER/C4835 *SELECT_OP_2.3_2.1_3            0.000000  s, u
genblk2.U_RSP_ORDER/C4836 *SELECT_OP_2.8_2.1_8            0.000000  s, u
genblk2.U_RSP_ORDER/C4837 *SELECT_OP_2.3_2.1_3            0.000000  s, u
genblk2.U_RSP_ORDER/C4838 *SELECT_OP_3.8_3.1_8            0.000000  s, u
genblk2.U_RSP_ORDER/C4839 *SELECT_OP_2.3_2.1_3            0.000000  s, u
genblk2.U_RSP_ORDER/C4840 *SELECT_OP_2.1_2.1_1            0.000000  s, u
genblk2.U_RSP_ORDER/C4841 *SELECT_OP_2.1_2.1_1            0.000000  s, u
genblk2.U_RSP_ORDER/C4842 *SELECT_OP_2.1_2.1_1            0.000000  s, u
genblk2.U_RSP_ORDER/C4843 *SELECT_OP_2.1_2.1_1            0.000000  s, u
genblk2.U_RSP_ORDER/C4844 *SELECT_OP_2.1_2.1_1            0.000000  s, u
genblk2.U_RSP_ORDER/C4845 *SELECT_OP_2.1_2.1_1            0.000000  s, u
genblk2.U_RSP_ORDER/C4846 *SELECT_OP_2.1_2.1_1            0.000000  s, u
genblk2.U_RSP_ORDER/C4847 *SELECT_OP_2.1_2.1_1            0.000000  s, u
genblk2.U_RSP_ORDER/C4848 *SELECT_OP_2.1_2.1_1            0.000000  s, u
genblk2.U_RSP_ORDER/C4849 *SELECT_OP_2.1_2.1_1            0.000000  s, u
genblk2.U_RSP_ORDER/C4850 *SELECT_OP_2.1_2.1_1            0.000000  s, u
genblk2.U_RSP_ORDER/C4851 *SELECT_OP_2.1_2.1_1            0.000000  s, u
genblk2.U_RSP_ORDER/C4852 *SELECT_OP_2.1_2.1_1            0.000000  s, u
genblk2.U_RSP_ORDER/C4853 *SELECT_OP_2.1_2.1_1            0.000000  s, u
genblk2.U_RSP_ORDER/C4854 *SELECT_OP_2.1_2.1_1            0.000000  s, u
genblk2.U_RSP_ORDER/C4855 *SELECT_OP_2.1_2.1_1            0.000000  s, u
genblk2.U_RSP_ORDER/C4856 *SELECT_OP_2.1_2.1_1            0.000000  s, u
genblk2.U_RSP_ORDER/C4857 *SELECT_OP_2.1_2.1_1            0.000000  s, u
genblk2.U_RSP_ORDER/C4858 *SELECT_OP_2.1_2.1_1            0.000000  s, u
genblk2.U_RSP_ORDER/C4859 *SELECT_OP_2.1_2.1_1            0.000000  s, u
genblk2.U_RSP_ORDER/C4860 *SELECT_OP_2.1_2.1_1            0.000000  s, u
genblk2.U_RSP_ORDER/C4861 *SELECT_OP_2.1_2.1_1            0.000000  s, u
genblk2.U_RSP_ORDER/C4862 *SELECT_OP_2.1_2.1_1            0.000000  s, u
genblk2.U_RSP_ORDER/C4863 *SELECT_OP_2.1_2.1_1            0.000000  s, u
genblk2.U_RSP_ORDER/C4864 *SELECT_OP_2.1_2.1_1            0.000000  s, u
genblk2.U_RSP_ORDER/C4865 *SELECT_OP_2.1_2.1_1            0.000000  s, u
genblk2.U_RSP_ORDER/C4866 *SELECT_OP_2.1_2.1_1            0.000000  s, u
genblk2.U_RSP_ORDER/C4867 *SELECT_OP_2.1_2.1_1            0.000000  s, u
genblk2.U_RSP_ORDER/C4868 *SELECT_OP_2.1_2.1_1            0.000000  s, u
genblk2.U_RSP_ORDER/C4869 *SELECT_OP_2.1_2.1_1            0.000000  s, u
genblk2.U_RSP_ORDER/C4870 *SELECT_OP_2.1_2.1_1            0.000000  s, u
genblk2.U_RSP_ORDER/C4871 *SELECT_OP_2.1_2.1_1            0.000000  s, u
genblk2.U_RSP_ORDER/C4872 *SELECT_OP_2.1_2.1_1            0.000000  s, u
genblk2.U_RSP_ORDER/C4873 *SELECT_OP_2.1_2.1_1            0.000000  s, u
genblk2.U_RSP_ORDER/C4874 *SELECT_OP_2.1_2.1_1            0.000000  s, u
genblk2.U_RSP_ORDER/C4875 *SELECT_OP_2.1_2.1_1            0.000000  s, u
genblk2.U_RSP_ORDER/C4876 *SELECT_OP_2.1_2.1_1            0.000000  s, u
genblk2.U_RSP_ORDER/C4877 *SELECT_OP_2.1_2.1_1            0.000000  s, u
genblk2.U_RSP_ORDER/C4878 *SELECT_OP_2.1_2.1_1            0.000000  s, u
genblk2.U_RSP_ORDER/C4879 *SELECT_OP_2.1_2.1_1            0.000000  s, u
genblk2.U_RSP_ORDER/C4880 *SELECT_OP_2.1_2.1_1            0.000000  s, u
genblk2.U_RSP_ORDER/C4881 *SELECT_OP_2.1_2.1_1            0.000000  s, u
genblk2.U_RSP_ORDER/C4882 *SELECT_OP_2.1_2.1_1            0.000000  s, u
genblk2.U_RSP_ORDER/C4883 *SELECT_OP_2.1_2.1_1            0.000000  s, u
genblk2.U_RSP_ORDER/C4884 *SELECT_OP_2.1_2.1_1            0.000000  s, u
genblk2.U_RSP_ORDER/C4885 *SELECT_OP_2.1_2.1_1            0.000000  s, u
genblk2.U_RSP_ORDER/C4886 *SELECT_OP_2.1_2.1_1            0.000000  s, u
genblk2.U_RSP_ORDER/C4887 *SELECT_OP_2.1_2.1_1            0.000000  s, u
genblk2.U_RSP_ORDER/C4888 *SELECT_OP_2.1_2.1_1            0.000000  s, u
genblk2.U_RSP_ORDER/C4889 *SELECT_OP_2.1_2.1_1            0.000000  s, u
genblk2.U_RSP_ORDER/C4890 *SELECT_OP_2.1_2.1_1            0.000000  s, u
genblk2.U_RSP_ORDER/C4891 *SELECT_OP_2.1_2.1_1            0.000000  s, u
genblk2.U_RSP_ORDER/C4892 *SELECT_OP_2.1_2.1_1            0.000000  s, u
genblk2.U_RSP_ORDER/C4893 *SELECT_OP_2.1_2.1_1            0.000000  s, u
genblk2.U_RSP_ORDER/C4894 *SELECT_OP_2.1_2.1_1            0.000000  s, u
genblk2.U_RSP_ORDER/C4895 *SELECT_OP_2.1_2.1_1            0.000000  s, u
genblk2.U_RSP_ORDER/C4896 *SELECT_OP_2.1_2.1_1            0.000000  s, u
genblk2.U_RSP_ORDER/C4897 *SELECT_OP_2.1_2.1_1            0.000000  s, u
genblk2.U_RSP_ORDER/C4898 *SELECT_OP_2.1_2.1_1            0.000000  s, u
genblk2.U_RSP_ORDER/C4899 *SELECT_OP_2.1_2.1_1            0.000000  s, u
genblk2.U_RSP_ORDER/C4900 *SELECT_OP_2.1_2.1_1            0.000000  s, u
genblk2.U_RSP_ORDER/C4901 *SELECT_OP_2.1_2.1_1            0.000000  s, u
genblk2.U_RSP_ORDER/C4902 *SELECT_OP_2.1_2.1_1            0.000000  s, u
genblk2.U_RSP_ORDER/C4903 *SELECT_OP_2.1_2.1_1            0.000000  s, u
genblk2.U_RSP_ORDER/C4904 *SELECT_OP_2.1_2.1_1            0.000000  s, u
genblk2.U_RSP_ORDER/C4905 *SELECT_OP_2.1_2.1_1            0.000000  s, u
genblk2.U_RSP_ORDER/C4906 *SELECT_OP_2.1_2.1_1            0.000000  s, u
genblk2.U_RSP_ORDER/C4907 *SELECT_OP_2.1_2.1_1            0.000000  s, u
genblk2.U_RSP_ORDER/C4908 *SELECT_OP_2.1_2.1_1            0.000000  s, u
genblk2.U_RSP_ORDER/C4909 *SELECT_OP_2.1_2.1_1            0.000000  s, u
genblk2.U_RSP_ORDER/C4910 *SELECT_OP_2.1_2.1_1            0.000000  s, u
genblk2.U_RSP_ORDER/C4911 *SELECT_OP_2.1_2.1_1            0.000000  s, u
genblk2.U_RSP_ORDER/C4912 *SELECT_OP_2.2_2.1_2            0.000000  s, u
genblk2.U_RSP_ORDER/C4913 *SELECT_OP_2.3_2.1_3            0.000000  s, u
genblk2.U_RSP_ORDER/C4914 *SELECT_OP_2.3_2.1_3            0.000000  s, u
genblk2.U_RSP_ORDER/C4915 *SELECT_OP_2.3_2.1_3            0.000000  s, u
genblk2.U_RSP_ORDER/C4916 *SELECT_OP_2.3_2.1_3            0.000000  s, u
genblk2.U_RSP_ORDER/C4917 *SELECT_OP_2.3_2.1_3            0.000000  s, u
genblk2.U_RSP_ORDER/C4918 *SELECT_OP_2.3_2.1_3            0.000000  s, u
genblk2.U_RSP_ORDER/C4919 *SELECT_OP_2.9_2.1_9            0.000000  s, u
genblk2.U_RSP_ORDER/C4920 *SELECT_OP_3.1_3.1_1            0.000000  s, u
genblk2.U_RSP_ORDER/C4921 *SELECT_OP_2.8_2.1_8            0.000000  s, u
genblk2.U_RSP_ORDER/C4922 *SELECT_OP_2.8_2.1_8            0.000000  s, u
genblk2.U_RSP_ORDER/C4923 *SELECT_OP_2.8_2.1_8            0.000000  s, u
genblk2.U_RSP_ORDER/C4924 *SELECT_OP_3.1_3.1_1            0.000000  s, u
genblk2.U_RSP_ORDER/C4925 *SELECT_OP_2.3_2.1_3            0.000000  s, u
genblk2.U_RSP_ORDER/C4926 *SELECT_OP_2.3_2.1_3            0.000000  s, u
genblk2.U_RSP_ORDER/C4927 *SELECT_OP_2.8_2.1_8            0.000000  s, u
genblk2.U_RSP_ORDER/C4928 *SELECT_OP_2.8_2.1_8            0.000000  s, u
genblk2.U_RSP_ORDER/C4929 *SELECT_OP_2.3_2.1_3            0.000000  s, u
genblk2.U_RSP_ORDER/C4930 *SELECT_OP_2.3_2.1_3            0.000000  s, u
genblk2.U_RSP_ORDER/C4931 *SELECT_OP_2.2_2.1_2            0.000000  s, u
genblk2.U_RSP_ORDER/C4932 *SELECT_OP_2.2_2.1_2            0.000000  s, u
genblk2.U_RSP_ORDER/C4933 *SELECT_OP_2.2_2.1_2            0.000000  s, u
genblk2.U_RSP_ORDER/C4934 *SELECT_OP_4.1_4.1_1            0.000000  s, u
genblk2.U_RSP_ORDER/C4935 *SELECT_OP_3.1_3.1_1            0.000000  s, u
genblk2.U_RSP_ORDER/C4936 *SELECT_OP_2.1_2.1_1            0.000000  s, u
genblk2.U_RSP_ORDER/C4938 *SELECT_OP_2.1_2.1_1            0.000000  s, u
genblk2.U_RSP_ORDER/C4939 *SELECT_OP_2.157_2.1_157        0.000000  s, u
genblk2.U_RSP_ORDER/C4940 *SELECT_OP_2.2_2.1_2            0.000000  s, u
genblk2.U_RSP_ORDER/C4941 *SELECT_OP_2.157_2.1_157        0.000000  s, u
genblk2.U_RSP_ORDER/C4942 *SELECT_OP_3.1_3.1_1            0.000000  s, u
genblk2.U_RSP_ORDER/C4943 *SELECT_OP_3.1_3.1_1            0.000000  s, u
genblk2.U_RSP_ORDER/C4944 *SELECT_OP_3.1_3.1_1            0.000000  s, u
genblk2.U_RSP_ORDER/C4945 *SELECT_OP_3.1_3.1_1            0.000000  s, u
genblk2.U_RSP_ORDER/C4946 *SELECT_OP_2.1_2.1_1            0.000000  s, u
genblk2.U_RSP_ORDER/C4947 *SELECT_OP_2.1_2.1_1            0.000000  s, u
genblk2.U_RSP_ORDER/C4948 *SELECT_OP_2.1_2.1_1            0.000000  s, u
genblk2.U_RSP_ORDER/C4949 *SELECT_OP_3.1_3.1_1            0.000000  s, u
genblk2.U_RSP_ORDER/C4950 *SELECT_OP_3.1_3.1_1            0.000000  s, u
genblk2.U_RSP_ORDER/C4951 *SELECT_OP_2.1_2.1_1            0.000000  s, u
genblk2.U_RSP_ORDER/C4952 *SELECT_OP_2.1_2.1_1            0.000000  s, u
genblk2.U_RSP_ORDER/C4953 *SELECT_OP_2.1_2.1_1            0.000000  s, u
genblk2.U_RSP_ORDER/C4954 *SELECT_OP_2.1_2.1_1            0.000000  s, u
genblk2.U_RSP_ORDER/C4955 *SELECT_OP_2.1_2.1_1            0.000000  s, u
genblk2.U_RSP_ORDER/C4956 *SELECT_OP_2.1_2.1_1            0.000000  s, u
genblk2.U_RSP_ORDER/C4957 *SELECT_OP_2.1_2.1_1            0.000000  s, u
genblk2.U_RSP_ORDER/C4959 *SELECT_OP_2.9_2.1_9            0.000000  s, u
genblk2.U_RSP_ORDER/C4960 *SELECT_OP_2.1_2.1_1            0.000000  s, u
genblk2.U_RSP_ORDER/C4961 *SELECT_OP_2.9_2.1_9            0.000000  s, u
genblk2.U_RSP_ORDER/C4962 *SELECT_OP_2.1_2.1_1            0.000000  s, u
genblk2.U_RSP_ORDER/C4963 *SELECT_OP_2.1_2.1_1            0.000000  s, u
genblk2.U_RSP_ORDER/C4964 *SELECT_OP_3.1_3.1_1            0.000000  s, u
genblk2.U_RSP_ORDER/C4965 *SELECT_OP_3.9_3.1_9            0.000000  s, u
genblk2.U_RSP_ORDER/C4966 *SELECT_OP_3.1_3.1_1            0.000000  s, u
genblk2.U_RSP_ORDER/C4967 *SELECT_OP_2.1_2.1_1            0.000000  s, u
genblk2.U_RSP_ORDER/C4968 *SELECT_OP_2.1_2.1_1            0.000000  s, u
genblk2.U_RSP_ORDER/C4969 *SELECT_OP_2.3_2.1_3            0.000000  s, u
genblk2.U_RSP_ORDER/C4970 *SELECT_OP_2.4_2.1_4            0.000000  s, u
genblk2.U_RSP_ORDER/C4971 *SELECT_OP_2.2_2.1_2            0.000000  s, u
genblk2.U_RSP_ORDER/C4972 *SELECT_OP_2.3_2.1_3            0.000000  s, u
genblk2.U_RSP_ORDER/C4985 *MUX_OP_8_3_6_1                 0.000000  s, u
genblk2.U_RSP_ORDER/C4986 *MUX_OP_8_3_3_2                 0.000000  s, u
genblk2.U_RSP_ORDER/C4987 *MUX_OP_8_3_3                   0.000000  s, u
genblk2.U_RSP_ORDER/C4988 *MUX_OP_8_3_3                   0.000000  s, u
genblk2.U_RSP_ORDER/C4989 *MUX_OP_8_3_3                   0.000000  s, u
genblk2.U_RSP_ORDER/C4990 *MUX_OP_8_3_3                   0.000000  s, u
genblk2.U_RSP_ORDER/C4991 *MUX_OP_8_3_4_1                 0.000000  s, u
genblk2.U_RSP_ORDER/C4992 *MUX_OP_8_3_3                   0.000000  s, u
genblk2.U_RSP_ORDER/C4993 *MUX_OP_8_3_9                   0.000000  s, u
genblk2.U_RSP_ORDER/add_210
                          *ADD_UNS_OP_8_1_8               0.000000  s, u
genblk2.U_RSP_ORDER/add_546
                          *ADD_UNS_OP_3_1_3               0.000000  s, u
genblk2.U_RSP_ORDER/add_553
                          *ADD_UNS_OP_3_1_3               0.000000  s, u
genblk2.U_RSP_ORDER/add_716
                          *ADD_UNS_OP_3_8_9               0.000000  s, u
genblk2.U_RSP_ORDER/add_728
                          *ADD_UNS_OP_8_1_8               0.000000  s, u
genblk2.U_RSP_ORDER/add_802
                          *ADD_UNS_OP_3_3_3               0.000000  s, u
genblk2.U_RSP_ORDER/eq_466_G2
                          *EQ_UNS_OP_7_7_1                0.000000  s, u
genblk2.U_RSP_ORDER/eq_466_G3
                          *EQ_UNS_OP_7_7_1                0.000000  s, u
genblk2.U_RSP_ORDER/eq_466_G4
                          *EQ_UNS_OP_7_7_1                0.000000  s, u
genblk2.U_RSP_ORDER/eq_466_G5
                          *EQ_UNS_OP_7_7_1                0.000000  s, u
genblk2.U_RSP_ORDER/eq_466_G6
                          *EQ_UNS_OP_7_7_1                0.000000  s, u
genblk2.U_RSP_ORDER/eq_466_G7
                          *EQ_UNS_OP_7_7_1                0.000000  s, u
genblk2.U_RSP_ORDER/eq_466_G8
                          *EQ_UNS_OP_7_7_1                0.000000  s, u
genblk2.U_RSP_ORDER/eq_513_I2
                          *EQ_UNS_OP_7_7_1                0.000000  s, u
genblk2.U_RSP_ORDER/eq_513_I3
                          *EQ_UNS_OP_7_7_1                0.000000  s, u
genblk2.U_RSP_ORDER/eq_513_I4
                          *EQ_UNS_OP_7_7_1                0.000000  s, u
genblk2.U_RSP_ORDER/eq_513_I5
                          *EQ_UNS_OP_7_7_1                0.000000  s, u
genblk2.U_RSP_ORDER/eq_513_I6
                          *EQ_UNS_OP_7_7_1                0.000000  s, u
genblk2.U_RSP_ORDER/eq_513_I7
                          *EQ_UNS_OP_7_7_1                0.000000  s, u
genblk2.U_RSP_ORDER/eq_513_I8
                          *EQ_UNS_OP_7_7_1                0.000000  s, u
genblk2.U_RSP_ORDER/eq_516_I2
                          *EQ_UNS_OP_7_7_1                0.000000  s, u
genblk2.U_RSP_ORDER/eq_516_I3
                          *EQ_UNS_OP_7_7_1                0.000000  s, u
genblk2.U_RSP_ORDER/eq_516_I4
                          *EQ_UNS_OP_7_7_1                0.000000  s, u
genblk2.U_RSP_ORDER/eq_516_I5
                          *EQ_UNS_OP_7_7_1                0.000000  s, u
genblk2.U_RSP_ORDER/eq_516_I6
                          *EQ_UNS_OP_7_7_1                0.000000  s, u
genblk2.U_RSP_ORDER/eq_516_I7
                          *EQ_UNS_OP_7_7_1                0.000000  s, u
genblk2.U_RSP_ORDER/eq_516_I8
                          *EQ_UNS_OP_7_7_1                0.000000  s, u
genblk2.U_RSP_ORDER/eq_578_2
                          *EQ_UNS_OP_6_6_1                0.000000  s, u
genblk2.U_RSP_ORDER/eq_578_2_I2
                          *EQ_UNS_OP_6_6_1                0.000000  s, u
genblk2.U_RSP_ORDER/eq_578_2_I2_I1
                          *EQ_UNS_OP_6_6_1                0.000000  s, u
genblk2.U_RSP_ORDER/eq_578_2_I2_I2
                          *EQ_UNS_OP_6_6_1                0.000000  s, u
genblk2.U_RSP_ORDER/eq_578_2_I2_I3
                          *EQ_UNS_OP_6_6_1                0.000000  s, u
genblk2.U_RSP_ORDER/eq_578_2_I2_I4
                          *EQ_UNS_OP_6_6_1                0.000000  s, u
genblk2.U_RSP_ORDER/eq_578_2_I2_I5
                          *EQ_UNS_OP_6_6_1                0.000000  s, u
genblk2.U_RSP_ORDER/eq_578_2_I2_I6
                          *EQ_UNS_OP_6_6_1                0.000000  s, u
genblk2.U_RSP_ORDER/eq_578_2_I2_I7
                          *EQ_UNS_OP_6_6_1                0.000000  s, u
genblk2.U_RSP_ORDER/eq_578_2_I2_I8
                          *EQ_UNS_OP_6_6_1                0.000000  s, u
genblk2.U_RSP_ORDER/eq_578_2_I3
                          *EQ_UNS_OP_6_6_1                0.000000  s, u
genblk2.U_RSP_ORDER/eq_578_2_I3_I1
                          *EQ_UNS_OP_6_6_1                0.000000  s, u
genblk2.U_RSP_ORDER/eq_578_2_I3_I2
                          *EQ_UNS_OP_6_6_1                0.000000  s, u
genblk2.U_RSP_ORDER/eq_578_2_I3_I3
                          *EQ_UNS_OP_6_6_1                0.000000  s, u
genblk2.U_RSP_ORDER/eq_578_2_I3_I4
                          *EQ_UNS_OP_6_6_1                0.000000  s, u
genblk2.U_RSP_ORDER/eq_578_2_I3_I5
                          *EQ_UNS_OP_6_6_1                0.000000  s, u
genblk2.U_RSP_ORDER/eq_578_2_I3_I6
                          *EQ_UNS_OP_6_6_1                0.000000  s, u
genblk2.U_RSP_ORDER/eq_578_2_I3_I7
                          *EQ_UNS_OP_6_6_1                0.000000  s, u
genblk2.U_RSP_ORDER/eq_578_2_I3_I8
                          *EQ_UNS_OP_6_6_1                0.000000  s, u
genblk2.U_RSP_ORDER/eq_578_2_I4
                          *EQ_UNS_OP_6_6_1                0.000000  s, u
genblk2.U_RSP_ORDER/eq_578_2_I4_I1
                          *EQ_UNS_OP_6_6_1                0.000000  s, u
genblk2.U_RSP_ORDER/eq_578_2_I4_I2
                          *EQ_UNS_OP_6_6_1                0.000000  s, u
genblk2.U_RSP_ORDER/eq_578_2_I4_I3
                          *EQ_UNS_OP_6_6_1                0.000000  s, u
genblk2.U_RSP_ORDER/eq_578_2_I4_I4
                          *EQ_UNS_OP_6_6_1                0.000000  s, u
genblk2.U_RSP_ORDER/eq_578_2_I4_I5
                          *EQ_UNS_OP_6_6_1                0.000000  s, u
genblk2.U_RSP_ORDER/eq_578_2_I4_I6
                          *EQ_UNS_OP_6_6_1                0.000000  s, u
genblk2.U_RSP_ORDER/eq_578_2_I4_I7
                          *EQ_UNS_OP_6_6_1                0.000000  s, u
genblk2.U_RSP_ORDER/eq_578_2_I4_I8
                          *EQ_UNS_OP_6_6_1                0.000000  s, u
genblk2.U_RSP_ORDER/eq_578_2_I5
                          *EQ_UNS_OP_6_6_1                0.000000  s, u
genblk2.U_RSP_ORDER/eq_578_2_I5_I1
                          *EQ_UNS_OP_6_6_1                0.000000  s, u
genblk2.U_RSP_ORDER/eq_578_2_I5_I2
                          *EQ_UNS_OP_6_6_1                0.000000  s, u
genblk2.U_RSP_ORDER/eq_578_2_I5_I3
                          *EQ_UNS_OP_6_6_1                0.000000  s, u
genblk2.U_RSP_ORDER/eq_578_2_I5_I4
                          *EQ_UNS_OP_6_6_1                0.000000  s, u
genblk2.U_RSP_ORDER/eq_578_2_I5_I5
                          *EQ_UNS_OP_6_6_1                0.000000  s, u
genblk2.U_RSP_ORDER/eq_578_2_I5_I6
                          *EQ_UNS_OP_6_6_1                0.000000  s, u
genblk2.U_RSP_ORDER/eq_578_2_I5_I7
                          *EQ_UNS_OP_6_6_1                0.000000  s, u
genblk2.U_RSP_ORDER/eq_578_2_I5_I8
                          *EQ_UNS_OP_6_6_1                0.000000  s, u
genblk2.U_RSP_ORDER/eq_578_2_I6
                          *EQ_UNS_OP_6_6_1                0.000000  s, u
genblk2.U_RSP_ORDER/eq_578_2_I6_I1
                          *EQ_UNS_OP_6_6_1                0.000000  s, u
genblk2.U_RSP_ORDER/eq_578_2_I6_I2
                          *EQ_UNS_OP_6_6_1                0.000000  s, u
genblk2.U_RSP_ORDER/eq_578_2_I6_I3
                          *EQ_UNS_OP_6_6_1                0.000000  s, u
genblk2.U_RSP_ORDER/eq_578_2_I6_I4
                          *EQ_UNS_OP_6_6_1                0.000000  s, u
genblk2.U_RSP_ORDER/eq_578_2_I6_I5
                          *EQ_UNS_OP_6_6_1                0.000000  s, u
genblk2.U_RSP_ORDER/eq_578_2_I6_I6
                          *EQ_UNS_OP_6_6_1                0.000000  s, u
genblk2.U_RSP_ORDER/eq_578_2_I6_I7
                          *EQ_UNS_OP_6_6_1                0.000000  s, u
genblk2.U_RSP_ORDER/eq_578_2_I6_I8
                          *EQ_UNS_OP_6_6_1                0.000000  s, u
genblk2.U_RSP_ORDER/eq_578_2_I7
                          *EQ_UNS_OP_6_6_1                0.000000  s, u
genblk2.U_RSP_ORDER/eq_578_2_I7_I1
                          *EQ_UNS_OP_6_6_1                0.000000  s, u
genblk2.U_RSP_ORDER/eq_578_2_I7_I2
                          *EQ_UNS_OP_6_6_1                0.000000  s, u
genblk2.U_RSP_ORDER/eq_578_2_I7_I3
                          *EQ_UNS_OP_6_6_1                0.000000  s, u
genblk2.U_RSP_ORDER/eq_578_2_I7_I4
                          *EQ_UNS_OP_6_6_1                0.000000  s, u
genblk2.U_RSP_ORDER/eq_578_2_I7_I5
                          *EQ_UNS_OP_6_6_1                0.000000  s, u
genblk2.U_RSP_ORDER/eq_578_2_I7_I6
                          *EQ_UNS_OP_6_6_1                0.000000  s, u
genblk2.U_RSP_ORDER/eq_578_2_I7_I7
                          *EQ_UNS_OP_6_6_1                0.000000  s, u
genblk2.U_RSP_ORDER/eq_578_2_I7_I8
                          *EQ_UNS_OP_6_6_1                0.000000  s, u
genblk2.U_RSP_ORDER/eq_578_2_I8
                          *EQ_UNS_OP_6_6_1                0.000000  s, u
genblk2.U_RSP_ORDER/eq_578_2_I8_I1
                          *EQ_UNS_OP_6_6_1                0.000000  s, u
genblk2.U_RSP_ORDER/eq_578_2_I8_I2
                          *EQ_UNS_OP_6_6_1                0.000000  s, u
genblk2.U_RSP_ORDER/eq_578_2_I8_I3
                          *EQ_UNS_OP_6_6_1                0.000000  s, u
genblk2.U_RSP_ORDER/eq_578_2_I8_I4
                          *EQ_UNS_OP_6_6_1                0.000000  s, u
genblk2.U_RSP_ORDER/eq_578_2_I8_I5
                          *EQ_UNS_OP_6_6_1                0.000000  s, u
genblk2.U_RSP_ORDER/eq_578_2_I8_I6
                          *EQ_UNS_OP_6_6_1                0.000000  s, u
genblk2.U_RSP_ORDER/eq_578_2_I8_I7
                          *EQ_UNS_OP_6_6_1                0.000000  s, u
genblk2.U_RSP_ORDER/eq_578_2_I8_I8
                          *EQ_UNS_OP_6_6_1                0.000000  s, u
genblk2.U_RSP_ORDER/eq_578_3
                          *EQ_UNS_OP_3_3_1                0.000000  s, u
genblk2.U_RSP_ORDER/eq_578_3_I2
                          *EQ_UNS_OP_3_3_1                0.000000  s, u
genblk2.U_RSP_ORDER/eq_578_3_I2_I1
                          *EQ_UNS_OP_3_3_1                0.000000  s, u
genblk2.U_RSP_ORDER/eq_578_3_I2_I2
                          *EQ_UNS_OP_3_3_1                0.000000  s, u
genblk2.U_RSP_ORDER/eq_578_3_I2_I3
                          *EQ_UNS_OP_3_3_1                0.000000  s, u
genblk2.U_RSP_ORDER/eq_578_3_I2_I4
                          *EQ_UNS_OP_3_3_1                0.000000  s, u
genblk2.U_RSP_ORDER/eq_578_3_I2_I5
                          *EQ_UNS_OP_3_3_1                0.000000  s, u
genblk2.U_RSP_ORDER/eq_578_3_I2_I6
                          *EQ_UNS_OP_3_3_1                0.000000  s, u
genblk2.U_RSP_ORDER/eq_578_3_I2_I7
                          *EQ_UNS_OP_3_3_1                0.000000  s, u
genblk2.U_RSP_ORDER/eq_578_3_I2_I8
                          *EQ_UNS_OP_3_3_1                0.000000  s, u
genblk2.U_RSP_ORDER/eq_578_3_I3
                          *EQ_UNS_OP_3_3_1                0.000000  s, u
genblk2.U_RSP_ORDER/eq_578_3_I3_I1
                          *EQ_UNS_OP_3_3_1                0.000000  s, u
genblk2.U_RSP_ORDER/eq_578_3_I3_I2
                          *EQ_UNS_OP_3_3_1                0.000000  s, u
genblk2.U_RSP_ORDER/eq_578_3_I3_I3
                          *EQ_UNS_OP_3_3_1                0.000000  s, u
genblk2.U_RSP_ORDER/eq_578_3_I3_I4
                          *EQ_UNS_OP_3_3_1                0.000000  s, u
genblk2.U_RSP_ORDER/eq_578_3_I3_I5
                          *EQ_UNS_OP_3_3_1                0.000000  s, u
genblk2.U_RSP_ORDER/eq_578_3_I3_I6
                          *EQ_UNS_OP_3_3_1                0.000000  s, u
genblk2.U_RSP_ORDER/eq_578_3_I3_I7
                          *EQ_UNS_OP_3_3_1                0.000000  s, u
genblk2.U_RSP_ORDER/eq_578_3_I3_I8
                          *EQ_UNS_OP_3_3_1                0.000000  s, u
genblk2.U_RSP_ORDER/eq_578_3_I4
                          *EQ_UNS_OP_3_3_1                0.000000  s, u
genblk2.U_RSP_ORDER/eq_578_3_I4_I1
                          *EQ_UNS_OP_3_3_1                0.000000  s, u
genblk2.U_RSP_ORDER/eq_578_3_I4_I2
                          *EQ_UNS_OP_3_3_1                0.000000  s, u
genblk2.U_RSP_ORDER/eq_578_3_I4_I3
                          *EQ_UNS_OP_3_3_1                0.000000  s, u
genblk2.U_RSP_ORDER/eq_578_3_I4_I4
                          *EQ_UNS_OP_3_3_1                0.000000  s, u
genblk2.U_RSP_ORDER/eq_578_3_I4_I5
                          *EQ_UNS_OP_3_3_1                0.000000  s, u
genblk2.U_RSP_ORDER/eq_578_3_I4_I6
                          *EQ_UNS_OP_3_3_1                0.000000  s, u
genblk2.U_RSP_ORDER/eq_578_3_I4_I7
                          *EQ_UNS_OP_3_3_1                0.000000  s, u
genblk2.U_RSP_ORDER/eq_578_3_I4_I8
                          *EQ_UNS_OP_3_3_1                0.000000  s, u
genblk2.U_RSP_ORDER/eq_578_3_I5
                          *EQ_UNS_OP_3_3_1                0.000000  s, u
genblk2.U_RSP_ORDER/eq_578_3_I5_I1
                          *EQ_UNS_OP_3_3_1                0.000000  s, u
genblk2.U_RSP_ORDER/eq_578_3_I5_I2
                          *EQ_UNS_OP_3_3_1                0.000000  s, u
genblk2.U_RSP_ORDER/eq_578_3_I5_I3
                          *EQ_UNS_OP_3_3_1                0.000000  s, u
genblk2.U_RSP_ORDER/eq_578_3_I5_I4
                          *EQ_UNS_OP_3_3_1                0.000000  s, u
genblk2.U_RSP_ORDER/eq_578_3_I5_I5
                          *EQ_UNS_OP_3_3_1                0.000000  s, u
genblk2.U_RSP_ORDER/eq_578_3_I5_I6
                          *EQ_UNS_OP_3_3_1                0.000000  s, u
genblk2.U_RSP_ORDER/eq_578_3_I5_I7
                          *EQ_UNS_OP_3_3_1                0.000000  s, u
genblk2.U_RSP_ORDER/eq_578_3_I5_I8
                          *EQ_UNS_OP_3_3_1                0.000000  s, u
genblk2.U_RSP_ORDER/eq_578_3_I6
                          *EQ_UNS_OP_3_3_1                0.000000  s, u
genblk2.U_RSP_ORDER/eq_578_3_I6_I1
                          *EQ_UNS_OP_3_3_1                0.000000  s, u
genblk2.U_RSP_ORDER/eq_578_3_I6_I2
                          *EQ_UNS_OP_3_3_1                0.000000  s, u
genblk2.U_RSP_ORDER/eq_578_3_I6_I3
                          *EQ_UNS_OP_3_3_1                0.000000  s, u
genblk2.U_RSP_ORDER/eq_578_3_I6_I4
                          *EQ_UNS_OP_3_3_1                0.000000  s, u
genblk2.U_RSP_ORDER/eq_578_3_I6_I5
                          *EQ_UNS_OP_3_3_1                0.000000  s, u
genblk2.U_RSP_ORDER/eq_578_3_I6_I6
                          *EQ_UNS_OP_3_3_1                0.000000  s, u
genblk2.U_RSP_ORDER/eq_578_3_I6_I7
                          *EQ_UNS_OP_3_3_1                0.000000  s, u
genblk2.U_RSP_ORDER/eq_578_3_I6_I8
                          *EQ_UNS_OP_3_3_1                0.000000  s, u
genblk2.U_RSP_ORDER/eq_578_3_I7
                          *EQ_UNS_OP_3_3_1                0.000000  s, u
genblk2.U_RSP_ORDER/eq_578_3_I7_I1
                          *EQ_UNS_OP_3_3_1                0.000000  s, u
genblk2.U_RSP_ORDER/eq_578_3_I7_I2
                          *EQ_UNS_OP_3_3_1                0.000000  s, u
genblk2.U_RSP_ORDER/eq_578_3_I7_I3
                          *EQ_UNS_OP_3_3_1                0.000000  s, u
genblk2.U_RSP_ORDER/eq_578_3_I7_I4
                          *EQ_UNS_OP_3_3_1                0.000000  s, u
genblk2.U_RSP_ORDER/eq_578_3_I7_I5
                          *EQ_UNS_OP_3_3_1                0.000000  s, u
genblk2.U_RSP_ORDER/eq_578_3_I7_I6
                          *EQ_UNS_OP_3_3_1                0.000000  s, u
genblk2.U_RSP_ORDER/eq_578_3_I7_I7
                          *EQ_UNS_OP_3_3_1                0.000000  s, u
genblk2.U_RSP_ORDER/eq_578_3_I7_I8
                          *EQ_UNS_OP_3_3_1                0.000000  s, u
genblk2.U_RSP_ORDER/eq_578_3_I8
                          *EQ_UNS_OP_3_3_1                0.000000  s, u
genblk2.U_RSP_ORDER/eq_578_3_I8_I1
                          *EQ_UNS_OP_3_3_1                0.000000  s, u
genblk2.U_RSP_ORDER/eq_578_3_I8_I2
                          *EQ_UNS_OP_3_3_1                0.000000  s, u
genblk2.U_RSP_ORDER/eq_578_3_I8_I3
                          *EQ_UNS_OP_3_3_1                0.000000  s, u
genblk2.U_RSP_ORDER/eq_578_3_I8_I4
                          *EQ_UNS_OP_3_3_1                0.000000  s, u
genblk2.U_RSP_ORDER/eq_578_3_I8_I5
                          *EQ_UNS_OP_3_3_1                0.000000  s, u
genblk2.U_RSP_ORDER/eq_578_3_I8_I6
                          *EQ_UNS_OP_3_3_1                0.000000  s, u
genblk2.U_RSP_ORDER/eq_578_3_I8_I7
                          *EQ_UNS_OP_3_3_1                0.000000  s, u
genblk2.U_RSP_ORDER/eq_578_3_I8_I8
                          *EQ_UNS_OP_3_3_1                0.000000  s, u
genblk2.U_RSP_ORDER/eq_748
                          *EQ_UNS_OP_8_9_1                0.000000  s, u
genblk2.U_RSP_ORDER/eq_1160
                          *EQ_UNS_OP_9_1_1                0.000000  s, u
genblk2.U_RSP_ORDER/eq_1162
                          *EQ_UNS_OP_8_9_1                0.000000  s, u
genblk2.U_RSP_ORDER/eq_1194_2
                          *EQ_UNS_OP_8_9_1                0.000000  s, u
genblk2.U_RSP_ORDER/sll_744
                          *ASH_UNS_UNS_OP_8_3_8           0.000000  s, u
genblk2.U_RSP_ORDER/sll_826
                          *ASH_UNS_UNS_OP_8_3_8           0.000000  s, u
genblk2.U_RSP_ORDER/srl_749
                          *ASHR_UNS_UNS_OP_8_32_8         0.000000  s, u
genblk2.U_RSP_ORDER/srl_831
                          *ASHR_UNS_UNS_OP_8_32_8         0.000000  s, u
genblk2.U_RSP_ORDER/sub_749
                          *SUB_UNS_OP_3_3_4               0.000000  s, u
genblk2.U_RSP_ORDER/sub_831
                          *SUB_UNS_OP_3_3_4               0.000000  s, u
genblk2.U_RSP_TRANS/C1445 *SELECT_OP_4.1_4.1_1            0.000000  s, u
genblk2.U_RSP_TRANS/C1446 *SELECT_OP_4.1_4.1_1            0.000000  s, u
genblk2.U_RSP_TRANS/C1447 *SELECT_OP_3.4_3.1_4            0.000000  s, u
genblk2.U_RSP_TRANS/C1448 *SELECT_OP_3.64_3.1_64          0.000000  s, u
genblk2.U_RSP_TRANS/C1449 *SELECT_OP_3.1_3.1_1            0.000000  s, u
genblk2.U_RSP_TRANS/C1450 *SELECT_OP_3.1_3.1_1            0.000000  s, u
genblk2.U_RSP_TRANS/C1451 *SELECT_OP_3.1_3.1_1            0.000000  s, u
genblk2.U_RSP_TRANS/C1452 *SELECT_OP_3.1_3.1_1            0.000000  s, u
genblk2.U_RSP_TRANS/C1453 *SELECT_OP_3.2_3.1_2            0.000000  s, u
genblk2.U_RSP_TRANS/C1454 *SELECT_OP_3.1_3.1_1            0.000000  s, u
genblk2.U_RSP_TRANS/C1455 *SELECT_OP_2.1_2.1_1            0.000000  s, u
genblk2.U_RSP_TRANS/C1456 *SELECT_OP_2.1_2.1_1            0.000000  s, u
genblk2.U_RSP_TRANS/C1457 *SELECT_OP_2.4_2.1_4            0.000000  s, u
genblk2.U_RSP_TRANS/C1458 *SELECT_OP_2.8_2.1_8            0.000000  s, u
genblk2.U_RSP_TRANS/C1459 *SELECT_OP_2.8_2.1_8            0.000000  s, u
genblk2.U_RSP_TRANS/C1460 *SELECT_OP_2.8_2.1_8            0.000000  s, u
genblk2.U_RSP_TRANS/C1461 *SELECT_OP_2.8_2.1_8            0.000000  s, u
genblk2.U_RSP_TRANS/C1462 *SELECT_OP_2.8_2.1_8            0.000000  s, u
genblk2.U_RSP_TRANS/C1463 *SELECT_OP_2.8_2.1_8            0.000000  s, u
genblk2.U_RSP_TRANS/C1464 *SELECT_OP_2.8_2.1_8            0.000000  s, u
genblk2.U_RSP_TRANS/C1465 *SELECT_OP_2.8_2.1_8            0.000000  s, u
genblk2.U_RSP_TRANS/C1466 *SELECT_OP_2.1_2.1_1            0.000000  s, u
genblk2.U_RSP_TRANS/C1467 *SELECT_OP_2.1_2.1_1            0.000000  s, u
genblk2.U_RSP_TRANS/ne_99 *NE_UNS_OP_4_4_1                0.000000  s, u
genblk2.U_RSP_TRANS/ne_155
                          *NE_UNS_OP_4_4_1                0.000000  s, u
--------------------------------------------------------------------------------
Total 842 cells                                           0.000000
1
