 
****************************************
check_design summary:
Version:     O-2018.06-SP1
Date:        Fri Aug 21 19:46:48 2026
****************************************

                   Name                                            Total
--------------------------------------------------------------------------------
Inputs/Outputs                                                    201
    Unconnected ports (LINT-28)                                   201

Cells                                                              79
    Connected to power or ground (LINT-32)                         79
--------------------------------------------------------------------------------

Warning: In design 'axi_tniu', port 'rknp_rxreq_data[102]' is not connected to any nets. (LINT-28)
Warning: In design 'axi_tniu', port 'axi_m_rresp[0]' is not connected to any nets. (LINT-28)
Warning: In design 'axi_tniu', port 'axi_m_bresp[0]' is not connected to any nets. (LINT-28)
Warning: In design 'wrap_align_REQ_HEAD_LEN_OFFSET102_ADDR_WITH32_REQ_OPC_OFFSET43_REQ_STATUS_OFFSET47_REQ_LEN_OFFSET49_REQ_ADDR_OFFSET57_REQ_USER_OFFSET89_NBYTEPERWORD8_REQ_FLIT_WITH175_RWRAP_CNT_MAX4_DLY0_0', port 'rknp_xx2wa_data[102]' is not connected to any nets. (LINT-28)
Warning: In design 'wrap_align_REQ_HEAD_LEN_OFFSET102_ADDR_WITH32_REQ_OPC_OFFSET43_REQ_STATUS_OFFSET47_REQ_LEN_OFFSET49_REQ_ADDR_OFFSET57_REQ_USER_OFFSET89_NBYTEPERWORD8_REQ_FLIT_WITH175_RWRAP_CNT_MAX4_DLY0_0', port 'wa2reqo_data[102]' is not connected to any nets. (LINT-28)
Warning: In design 'req_order_REQ_FLIT_WITH175_URGE_WITH7_IID_WITH10_TID_WITH10_SUBR_WITH8_ADDR_WITH32_AXID_WITH4_ORDKEY_WITH8_LEN_WITH8_USER_WITH10_NBYTEPERWORD8_TAG_CNT_WITH3_REQ_IID_OFFSET7_REQ_TID_OFFSET17_REQ_SUBR_OFFSET27_REQ_ORDKEY_OFFSET35_REQ_OPC_OFFSET43_REQ_STATUS_OFFSET47_REQ_LEN_OFFSET49_REQ_ADDR_OFFSET57_REQ_USER_OFFSET89_REQ_ERRC_OFFSET99_REQ_HEAD_LEN_OFFSET102_HEAD_BUFF_DEEP8_ADDR_BLOCK_SIZE64_ADDR_BP_TYPE1_EARLY_RSP_MODE1_DLY0_0', port 'rknp_xx2reqo_data[102]' is not connected to any nets. (LINT-28)
Warning: In design 'req_order_REQ_FLIT_WITH175_URGE_WITH7_IID_WITH10_TID_WITH10_SUBR_WITH8_ADDR_WITH32_AXID_WITH4_ORDKEY_WITH8_LEN_WITH8_USER_WITH10_NBYTEPERWORD8_TAG_CNT_WITH3_REQ_IID_OFFSET7_REQ_TID_OFFSET17_REQ_SUBR_OFFSET27_REQ_ORDKEY_OFFSET35_REQ_OPC_OFFSET43_REQ_STATUS_OFFSET47_REQ_LEN_OFFSET49_REQ_ADDR_OFFSET57_REQ_USER_OFFSET89_REQ_ERRC_OFFSET99_REQ_HEAD_LEN_OFFSET102_HEAD_BUFF_DEEP8_ADDR_BLOCK_SIZE64_ADDR_BP_TYPE1_EARLY_RSP_MODE1_DLY0_0', port 'reqo2rspo_subr[7]' is not connected to any nets. (LINT-28)
Warning: In design 'req_order_REQ_FLIT_WITH175_URGE_WITH7_IID_WITH10_TID_WITH10_SUBR_WITH8_ADDR_WITH32_AXID_WITH4_ORDKEY_WITH8_LEN_WITH8_USER_WITH10_NBYTEPERWORD8_TAG_CNT_WITH3_REQ_IID_OFFSET7_REQ_TID_OFFSET17_REQ_SUBR_OFFSET27_REQ_ORDKEY_OFFSET35_REQ_OPC_OFFSET43_REQ_STATUS_OFFSET47_REQ_LEN_OFFSET49_REQ_ADDR_OFFSET57_REQ_USER_OFFSET89_REQ_ERRC_OFFSET99_REQ_HEAD_LEN_OFFSET102_HEAD_BUFF_DEEP8_ADDR_BLOCK_SIZE64_ADDR_BP_TYPE1_EARLY_RSP_MODE1_DLY0_0', port 'reqo2rspo_subr[6]' is not connected to any nets. (LINT-28)
Warning: In design 'req_order_REQ_FLIT_WITH175_URGE_WITH7_IID_WITH10_TID_WITH10_SUBR_WITH8_ADDR_WITH32_AXID_WITH4_ORDKEY_WITH8_LEN_WITH8_USER_WITH10_NBYTEPERWORD8_TAG_CNT_WITH3_REQ_IID_OFFSET7_REQ_TID_OFFSET17_REQ_SUBR_OFFSET27_REQ_ORDKEY_OFFSET35_REQ_OPC_OFFSET43_REQ_STATUS_OFFSET47_REQ_LEN_OFFSET49_REQ_ADDR_OFFSET57_REQ_USER_OFFSET89_REQ_ERRC_OFFSET99_REQ_HEAD_LEN_OFFSET102_HEAD_BUFF_DEEP8_ADDR_BLOCK_SIZE64_ADDR_BP_TYPE1_EARLY_RSP_MODE1_DLY0_0', port 'reqo2rspo_subr[5]' is not connected to any nets. (LINT-28)
Warning: In design 'req_order_REQ_FLIT_WITH175_URGE_WITH7_IID_WITH10_TID_WITH10_SUBR_WITH8_ADDR_WITH32_AXID_WITH4_ORDKEY_WITH8_LEN_WITH8_USER_WITH10_NBYTEPERWORD8_TAG_CNT_WITH3_REQ_IID_OFFSET7_REQ_TID_OFFSET17_REQ_SUBR_OFFSET27_REQ_ORDKEY_OFFSET35_REQ_OPC_OFFSET43_REQ_STATUS_OFFSET47_REQ_LEN_OFFSET49_REQ_ADDR_OFFSET57_REQ_USER_OFFSET89_REQ_ERRC_OFFSET99_REQ_HEAD_LEN_OFFSET102_HEAD_BUFF_DEEP8_ADDR_BLOCK_SIZE64_ADDR_BP_TYPE1_EARLY_RSP_MODE1_DLY0_0', port 'reqo2rspo_subr[4]' is not connected to any nets. (LINT-28)
Warning: In design 'req_order_REQ_FLIT_WITH175_URGE_WITH7_IID_WITH10_TID_WITH10_SUBR_WITH8_ADDR_WITH32_AXID_WITH4_ORDKEY_WITH8_LEN_WITH8_USER_WITH10_NBYTEPERWORD8_TAG_CNT_WITH3_REQ_IID_OFFSET7_REQ_TID_OFFSET17_REQ_SUBR_OFFSET27_REQ_ORDKEY_OFFSET35_REQ_OPC_OFFSET43_REQ_STATUS_OFFSET47_REQ_LEN_OFFSET49_REQ_ADDR_OFFSET57_REQ_USER_OFFSET89_REQ_ERRC_OFFSET99_REQ_HEAD_LEN_OFFSET102_HEAD_BUFF_DEEP8_ADDR_BLOCK_SIZE64_ADDR_BP_TYPE1_EARLY_RSP_MODE1_DLY0_0', port 'reqo2rspo_subr[3]' is not connected to any nets. (LINT-28)
Warning: In design 'req_order_REQ_FLIT_WITH175_URGE_WITH7_IID_WITH10_TID_WITH10_SUBR_WITH8_ADDR_WITH32_AXID_WITH4_ORDKEY_WITH8_LEN_WITH8_USER_WITH10_NBYTEPERWORD8_TAG_CNT_WITH3_REQ_IID_OFFSET7_REQ_TID_OFFSET17_REQ_SUBR_OFFSET27_REQ_ORDKEY_OFFSET35_REQ_OPC_OFFSET43_REQ_STATUS_OFFSET47_REQ_LEN_OFFSET49_REQ_ADDR_OFFSET57_REQ_USER_OFFSET89_REQ_ERRC_OFFSET99_REQ_HEAD_LEN_OFFSET102_HEAD_BUFF_DEEP8_ADDR_BLOCK_SIZE64_ADDR_BP_TYPE1_EARLY_RSP_MODE1_DLY0_0', port 'reqo2rspo_user[9]' is not connected to any nets. (LINT-28)
Warning: In design 'req_order_REQ_FLIT_WITH175_URGE_WITH7_IID_WITH10_TID_WITH10_SUBR_WITH8_ADDR_WITH32_AXID_WITH4_ORDKEY_WITH8_LEN_WITH8_USER_WITH10_NBYTEPERWORD8_TAG_CNT_WITH3_REQ_IID_OFFSET7_REQ_TID_OFFSET17_REQ_SUBR_OFFSET27_REQ_ORDKEY_OFFSET35_REQ_OPC_OFFSET43_REQ_STATUS_OFFSET47_REQ_LEN_OFFSET49_REQ_ADDR_OFFSET57_REQ_USER_OFFSET89_REQ_ERRC_OFFSET99_REQ_HEAD_LEN_OFFSET102_HEAD_BUFF_DEEP8_ADDR_BLOCK_SIZE64_ADDR_BP_TYPE1_EARLY_RSP_MODE1_DLY0_0', port 'reqo2rspo_data[0]' is not connected to any nets. (LINT-28)
Warning: In design 'req_order_REQ_FLIT_WITH175_URGE_WITH7_IID_WITH10_TID_WITH10_SUBR_WITH8_ADDR_WITH32_AXID_WITH4_ORDKEY_WITH8_LEN_WITH8_USER_WITH10_NBYTEPERWORD8_TAG_CNT_WITH3_REQ_IID_OFFSET7_REQ_TID_OFFSET17_REQ_SUBR_OFFSET27_REQ_ORDKEY_OFFSET35_REQ_OPC_OFFSET43_REQ_STATUS_OFFSET47_REQ_LEN_OFFSET49_REQ_ADDR_OFFSET57_REQ_USER_OFFSET89_REQ_ERRC_OFFSET99_REQ_HEAD_LEN_OFFSET102_HEAD_BUFF_DEEP8_ADDR_BLOCK_SIZE64_ADDR_BP_TYPE1_EARLY_RSP_MODE1_DLY0_0', port 'reqo2wd_timout_table[3]' is not connected to any nets. (LINT-28)
Warning: In design 'req_order_REQ_FLIT_WITH175_URGE_WITH7_IID_WITH10_TID_WITH10_SUBR_WITH8_ADDR_WITH32_AXID_WITH4_ORDKEY_WITH8_LEN_WITH8_USER_WITH10_NBYTEPERWORD8_TAG_CNT_WITH3_REQ_IID_OFFSET7_REQ_TID_OFFSET17_REQ_SUBR_OFFSET27_REQ_ORDKEY_OFFSET35_REQ_OPC_OFFSET43_REQ_STATUS_OFFSET47_REQ_LEN_OFFSET49_REQ_ADDR_OFFSET57_REQ_USER_OFFSET89_REQ_ERRC_OFFSET99_REQ_HEAD_LEN_OFFSET102_HEAD_BUFF_DEEP8_ADDR_BLOCK_SIZE64_ADDR_BP_TYPE1_EARLY_RSP_MODE1_DLY0_0', port 'reqo2wd_timout_table[2]' is not connected to any nets. (LINT-28)
Warning: In design 'req_order_REQ_FLIT_WITH175_URGE_WITH7_IID_WITH10_TID_WITH10_SUBR_WITH8_ADDR_WITH32_AXID_WITH4_ORDKEY_WITH8_LEN_WITH8_USER_WITH10_NBYTEPERWORD8_TAG_CNT_WITH3_REQ_IID_OFFSET7_REQ_TID_OFFSET17_REQ_SUBR_OFFSET27_REQ_ORDKEY_OFFSET35_REQ_OPC_OFFSET43_REQ_STATUS_OFFSET47_REQ_LEN_OFFSET49_REQ_ADDR_OFFSET57_REQ_USER_OFFSET89_REQ_ERRC_OFFSET99_REQ_HEAD_LEN_OFFSET102_HEAD_BUFF_DEEP8_ADDR_BLOCK_SIZE64_ADDR_BP_TYPE1_EARLY_RSP_MODE1_DLY0_0', port 'reqo2wd_timout_table[1]' is not connected to any nets. (LINT-28)
Warning: In design 'req_order_REQ_FLIT_WITH175_URGE_WITH7_IID_WITH10_TID_WITH10_SUBR_WITH8_ADDR_WITH32_AXID_WITH4_ORDKEY_WITH8_LEN_WITH8_USER_WITH10_NBYTEPERWORD8_TAG_CNT_WITH3_REQ_IID_OFFSET7_REQ_TID_OFFSET17_REQ_SUBR_OFFSET27_REQ_ORDKEY_OFFSET35_REQ_OPC_OFFSET43_REQ_STATUS_OFFSET47_REQ_LEN_OFFSET49_REQ_ADDR_OFFSET57_REQ_USER_OFFSET89_REQ_ERRC_OFFSET99_REQ_HEAD_LEN_OFFSET102_HEAD_BUFF_DEEP8_ADDR_BLOCK_SIZE64_ADDR_BP_TYPE1_EARLY_RSP_MODE1_DLY0_0', port 'reqo2wd_timout_table[0]' is not connected to any nets. (LINT-28)
Warning: In design 'addr_map_URGE_WITH7_SUBR_WITH8_ADDR_WITH32_AXID_WITH4_LEN_WITH8_USER_WITH10_NBYTEPERWORD8_AADDR_WITH40_AQOS_WITH3_0', port 'rspo2am_subr[7]' is not connected to any nets. (LINT-28)
Warning: In design 'addr_map_URGE_WITH7_SUBR_WITH8_ADDR_WITH32_AXID_WITH4_LEN_WITH8_USER_WITH10_NBYTEPERWORD8_AADDR_WITH40_AQOS_WITH3_0', port 'rspo2am_subr[6]' is not connected to any nets. (LINT-28)
Warning: In design 'addr_map_URGE_WITH7_SUBR_WITH8_ADDR_WITH32_AXID_WITH4_LEN_WITH8_USER_WITH10_NBYTEPERWORD8_AADDR_WITH40_AQOS_WITH3_0', port 'rspo2am_subr[5]' is not connected to any nets. (LINT-28)
Warning: In design 'addr_map_URGE_WITH7_SUBR_WITH8_ADDR_WITH32_AXID_WITH4_LEN_WITH8_USER_WITH10_NBYTEPERWORD8_AADDR_WITH40_AQOS_WITH3_0', port 'rspo2am_subr[4]' is not connected to any nets. (LINT-28)
Warning: In design 'addr_map_URGE_WITH7_SUBR_WITH8_ADDR_WITH32_AXID_WITH4_LEN_WITH8_USER_WITH10_NBYTEPERWORD8_AADDR_WITH40_AQOS_WITH3_0', port 'rspo2am_subr[3]' is not connected to any nets. (LINT-28)
Warning: In design 'addr_map_URGE_WITH7_SUBR_WITH8_ADDR_WITH32_AXID_WITH4_LEN_WITH8_USER_WITH10_NBYTEPERWORD8_AADDR_WITH40_AQOS_WITH3_0', port 'rspo2am_user[9]' is not connected to any nets. (LINT-28)
Warning: In design 'addr_map_URGE_WITH7_SUBR_WITH8_ADDR_WITH32_AXID_WITH4_LEN_WITH8_USER_WITH10_NBYTEPERWORD8_AADDR_WITH40_AQOS_WITH3_0', port 'rspo2am_data[0]' is not connected to any nets. (LINT-28)
Warning: In design 'addr_map_URGE_WITH7_SUBR_WITH8_ADDR_WITH32_AXID_WITH4_LEN_WITH8_USER_WITH10_NBYTEPERWORD8_AADDR_WITH40_AQOS_WITH3_0', port 'am2rreqt_tail' is not connected to any nets. (LINT-28)
Warning: In design 'addr_map_URGE_WITH7_SUBR_WITH8_ADDR_WITH32_AXID_WITH4_LEN_WITH8_USER_WITH10_NBYTEPERWORD8_AADDR_WITH40_AQOS_WITH3_0', port 'am2rreqt_araddr[39]' is not connected to any nets. (LINT-28)
Warning: In design 'addr_map_URGE_WITH7_SUBR_WITH8_ADDR_WITH32_AXID_WITH4_LEN_WITH8_USER_WITH10_NBYTEPERWORD8_AADDR_WITH40_AQOS_WITH3_0', port 'am2rreqt_araddr[34]' is not connected to any nets. (LINT-28)
Warning: In design 'addr_map_URGE_WITH7_SUBR_WITH8_ADDR_WITH32_AXID_WITH4_LEN_WITH8_USER_WITH10_NBYTEPERWORD8_AADDR_WITH40_AQOS_WITH3_0', port 'am2rreqt_araddr[33]' is not connected to any nets. (LINT-28)
Warning: In design 'addr_map_URGE_WITH7_SUBR_WITH8_ADDR_WITH32_AXID_WITH4_LEN_WITH8_USER_WITH10_NBYTEPERWORD8_AADDR_WITH40_AQOS_WITH3_0', port 'am2rreqt_araddr[32]' is not connected to any nets. (LINT-28)
Warning: In design 'addr_map_URGE_WITH7_SUBR_WITH8_ADDR_WITH32_AXID_WITH4_LEN_WITH8_USER_WITH10_NBYTEPERWORD8_AADDR_WITH40_AQOS_WITH3_0', port 'am2rreqt_arlen[7]' is not connected to any nets. (LINT-28)
Warning: In design 'addr_map_URGE_WITH7_SUBR_WITH8_ADDR_WITH32_AXID_WITH4_LEN_WITH8_USER_WITH10_NBYTEPERWORD8_AADDR_WITH40_AQOS_WITH3_0', port 'am2rreqt_arlen[6]' is not connected to any nets. (LINT-28)
Warning: In design 'addr_map_URGE_WITH7_SUBR_WITH8_ADDR_WITH32_AXID_WITH4_LEN_WITH8_USER_WITH10_NBYTEPERWORD8_AADDR_WITH40_AQOS_WITH3_0', port 'am2rreqt_user[9]' is not connected to any nets. (LINT-28)
Warning: In design 'addr_map_URGE_WITH7_SUBR_WITH8_ADDR_WITH32_AXID_WITH4_LEN_WITH8_USER_WITH10_NBYTEPERWORD8_AADDR_WITH40_AQOS_WITH3_0', port 'am2wreqt_awaddr[39]' is not connected to any nets. (LINT-28)
Warning: In design 'addr_map_URGE_WITH7_SUBR_WITH8_ADDR_WITH32_AXID_WITH4_LEN_WITH8_USER_WITH10_NBYTEPERWORD8_AADDR_WITH40_AQOS_WITH3_0', port 'am2wreqt_awaddr[34]' is not connected to any nets. (LINT-28)
Warning: In design 'addr_map_URGE_WITH7_SUBR_WITH8_ADDR_WITH32_AXID_WITH4_LEN_WITH8_USER_WITH10_NBYTEPERWORD8_AADDR_WITH40_AQOS_WITH3_0', port 'am2wreqt_awaddr[33]' is not connected to any nets. (LINT-28)
Warning: In design 'addr_map_URGE_WITH7_SUBR_WITH8_ADDR_WITH32_AXID_WITH4_LEN_WITH8_USER_WITH10_NBYTEPERWORD8_AADDR_WITH40_AQOS_WITH3_0', port 'am2wreqt_awaddr[32]' is not connected to any nets. (LINT-28)
Warning: In design 'addr_map_URGE_WITH7_SUBR_WITH8_ADDR_WITH32_AXID_WITH4_LEN_WITH8_USER_WITH10_NBYTEPERWORD8_AADDR_WITH40_AQOS_WITH3_0', port 'am2wreqt_awlen[7]' is not connected to any nets. (LINT-28)
Warning: In design 'addr_map_URGE_WITH7_SUBR_WITH8_ADDR_WITH32_AXID_WITH4_LEN_WITH8_USER_WITH10_NBYTEPERWORD8_AADDR_WITH40_AQOS_WITH3_0', port 'am2wreqt_awlen[6]' is not connected to any nets. (LINT-28)
Warning: In design 'addr_map_URGE_WITH7_SUBR_WITH8_ADDR_WITH32_AXID_WITH4_LEN_WITH8_USER_WITH10_NBYTEPERWORD8_AADDR_WITH40_AQOS_WITH3_0', port 'am2wreqt_user[9]' is not connected to any nets. (LINT-28)
Warning: In design 'addr_map_URGE_WITH7_SUBR_WITH8_ADDR_WITH32_AXID_WITH4_LEN_WITH8_USER_WITH10_NBYTEPERWORD8_AADDR_WITH40_AQOS_WITH3_0', port 'am2wreqt_data[0]' is not connected to any nets. (LINT-28)
Warning: In design 'rreq_trans_URGE_WITH7_SUBR_WITH8_AXID_WITH4_LEN_WITH8_USER_WITH10_NBYTEPERWORD8_AADDR_WITH40_AUSER_WITH1_AQOS_WITH3_DLY0_0', port 'clk' is not connected to any nets. (LINT-28)
Warning: In design 'rreq_trans_URGE_WITH7_SUBR_WITH8_AXID_WITH4_LEN_WITH8_USER_WITH10_NBYTEPERWORD8_AADDR_WITH40_AUSER_WITH1_AQOS_WITH3_DLY0_0', port 'resetn' is not connected to any nets. (LINT-28)
Warning: In design 'rreq_trans_URGE_WITH7_SUBR_WITH8_AXID_WITH4_LEN_WITH8_USER_WITH10_NBYTEPERWORD8_AADDR_WITH40_AUSER_WITH1_AQOS_WITH3_DLY0_0', port 'am2rreqt_tail' is not connected to any nets. (LINT-28)
Warning: In design 'rreq_trans_URGE_WITH7_SUBR_WITH8_AXID_WITH4_LEN_WITH8_USER_WITH10_NBYTEPERWORD8_AADDR_WITH40_AUSER_WITH1_AQOS_WITH3_DLY0_0', port 'am2rreqt_araddr[39]' is not connected to any nets. (LINT-28)
Warning: In design 'rreq_trans_URGE_WITH7_SUBR_WITH8_AXID_WITH4_LEN_WITH8_USER_WITH10_NBYTEPERWORD8_AADDR_WITH40_AUSER_WITH1_AQOS_WITH3_DLY0_0', port 'am2rreqt_araddr[34]' is not connected to any nets. (LINT-28)
Warning: In design 'rreq_trans_URGE_WITH7_SUBR_WITH8_AXID_WITH4_LEN_WITH8_USER_WITH10_NBYTEPERWORD8_AADDR_WITH40_AUSER_WITH1_AQOS_WITH3_DLY0_0', port 'am2rreqt_araddr[33]' is not connected to any nets. (LINT-28)
Warning: In design 'rreq_trans_URGE_WITH7_SUBR_WITH8_AXID_WITH4_LEN_WITH8_USER_WITH10_NBYTEPERWORD8_AADDR_WITH40_AUSER_WITH1_AQOS_WITH3_DLY0_0', port 'am2rreqt_araddr[32]' is not connected to any nets. (LINT-28)
Warning: In design 'rreq_trans_URGE_WITH7_SUBR_WITH8_AXID_WITH4_LEN_WITH8_USER_WITH10_NBYTEPERWORD8_AADDR_WITH40_AUSER_WITH1_AQOS_WITH3_DLY0_0', port 'am2rreqt_arlen[7]' is not connected to any nets. (LINT-28)
Warning: In design 'rreq_trans_URGE_WITH7_SUBR_WITH8_AXID_WITH4_LEN_WITH8_USER_WITH10_NBYTEPERWORD8_AADDR_WITH40_AUSER_WITH1_AQOS_WITH3_DLY0_0', port 'am2rreqt_arlen[6]' is not connected to any nets. (LINT-28)
Warning: In design 'rreq_trans_URGE_WITH7_SUBR_WITH8_AXID_WITH4_LEN_WITH8_USER_WITH10_NBYTEPERWORD8_AADDR_WITH40_AUSER_WITH1_AQOS_WITH3_DLY0_0', port 'am2rreqt_user[9]' is not connected to any nets. (LINT-28)
Warning: In design 'rreq_trans_URGE_WITH7_SUBR_WITH8_AXID_WITH4_LEN_WITH8_USER_WITH10_NBYTEPERWORD8_AADDR_WITH40_AUSER_WITH1_AQOS_WITH3_DLY0_0', port 'axi_m_araddr[39]' is not connected to any nets. (LINT-28)
Warning: In design 'rreq_trans_URGE_WITH7_SUBR_WITH8_AXID_WITH4_LEN_WITH8_USER_WITH10_NBYTEPERWORD8_AADDR_WITH40_AUSER_WITH1_AQOS_WITH3_DLY0_0', port 'axi_m_araddr[34]' is not connected to any nets. (LINT-28)
Warning: In design 'rreq_trans_URGE_WITH7_SUBR_WITH8_AXID_WITH4_LEN_WITH8_USER_WITH10_NBYTEPERWORD8_AADDR_WITH40_AUSER_WITH1_AQOS_WITH3_DLY0_0', port 'axi_m_araddr[33]' is not connected to any nets. (LINT-28)
Warning: In design 'rreq_trans_URGE_WITH7_SUBR_WITH8_AXID_WITH4_LEN_WITH8_USER_WITH10_NBYTEPERWORD8_AADDR_WITH40_AUSER_WITH1_AQOS_WITH3_DLY0_0', port 'axi_m_araddr[32]' is not connected to any nets. (LINT-28)
Warning: In design 'rreq_trans_URGE_WITH7_SUBR_WITH8_AXID_WITH4_LEN_WITH8_USER_WITH10_NBYTEPERWORD8_AADDR_WITH40_AUSER_WITH1_AQOS_WITH3_DLY0_0', port 'axi_m_arlen[7]' is not connected to any nets. (LINT-28)
Warning: In design 'rreq_trans_URGE_WITH7_SUBR_WITH8_AXID_WITH4_LEN_WITH8_USER_WITH10_NBYTEPERWORD8_AADDR_WITH40_AUSER_WITH1_AQOS_WITH3_DLY0_0', port 'axi_m_arlen[6]' is not connected to any nets. (LINT-28)
Warning: In design 'rreq_trans_URGE_WITH7_SUBR_WITH8_AXID_WITH4_LEN_WITH8_USER_WITH10_NBYTEPERWORD8_AADDR_WITH40_AUSER_WITH1_AQOS_WITH3_DLY0_0', port 'axi_m_arsize[2]' is not connected to any nets. (LINT-28)
Warning: In design 'rreq_trans_URGE_WITH7_SUBR_WITH8_AXID_WITH4_LEN_WITH8_USER_WITH10_NBYTEPERWORD8_AADDR_WITH40_AUSER_WITH1_AQOS_WITH3_DLY0_0', port 'axi_m_arsize[1]' is not connected to any nets. (LINT-28)
Warning: In design 'rreq_trans_URGE_WITH7_SUBR_WITH8_AXID_WITH4_LEN_WITH8_USER_WITH10_NBYTEPERWORD8_AADDR_WITH40_AUSER_WITH1_AQOS_WITH3_DLY0_0', port 'axi_m_arsize[0]' is not connected to any nets. (LINT-28)
Warning: In design 'wreq_trans_URGE_WITH7_SUBR_WITH8_AXID_WITH4_LEN_WITH8_USER_WITH10_NBYTEPERWORD8_AADDR_WITH40_AUSER_WITH1_AQOS_WITH3_DLY0_0', port 'am2wreqt_awaddr[39]' is not connected to any nets. (LINT-28)
Warning: In design 'wreq_trans_URGE_WITH7_SUBR_WITH8_AXID_WITH4_LEN_WITH8_USER_WITH10_NBYTEPERWORD8_AADDR_WITH40_AUSER_WITH1_AQOS_WITH3_DLY0_0', port 'am2wreqt_awaddr[34]' is not connected to any nets. (LINT-28)
Warning: In design 'wreq_trans_URGE_WITH7_SUBR_WITH8_AXID_WITH4_LEN_WITH8_USER_WITH10_NBYTEPERWORD8_AADDR_WITH40_AUSER_WITH1_AQOS_WITH3_DLY0_0', port 'am2wreqt_awaddr[33]' is not connected to any nets. (LINT-28)
Warning: In design 'wreq_trans_URGE_WITH7_SUBR_WITH8_AXID_WITH4_LEN_WITH8_USER_WITH10_NBYTEPERWORD8_AADDR_WITH40_AUSER_WITH1_AQOS_WITH3_DLY0_0', port 'am2wreqt_awaddr[32]' is not connected to any nets. (LINT-28)
Warning: In design 'wreq_trans_URGE_WITH7_SUBR_WITH8_AXID_WITH4_LEN_WITH8_USER_WITH10_NBYTEPERWORD8_AADDR_WITH40_AUSER_WITH1_AQOS_WITH3_DLY0_0', port 'am2wreqt_awlen[7]' is not connected to any nets. (LINT-28)
Warning: In design 'wreq_trans_URGE_WITH7_SUBR_WITH8_AXID_WITH4_LEN_WITH8_USER_WITH10_NBYTEPERWORD8_AADDR_WITH40_AUSER_WITH1_AQOS_WITH3_DLY0_0', port 'am2wreqt_awlen[6]' is not connected to any nets. (LINT-28)
Warning: In design 'wreq_trans_URGE_WITH7_SUBR_WITH8_AXID_WITH4_LEN_WITH8_USER_WITH10_NBYTEPERWORD8_AADDR_WITH40_AUSER_WITH1_AQOS_WITH3_DLY0_0', port 'am2wreqt_user[9]' is not connected to any nets. (LINT-28)
Warning: In design 'wreq_trans_URGE_WITH7_SUBR_WITH8_AXID_WITH4_LEN_WITH8_USER_WITH10_NBYTEPERWORD8_AADDR_WITH40_AUSER_WITH1_AQOS_WITH3_DLY0_0', port 'am2wreqt_data[0]' is not connected to any nets. (LINT-28)
Warning: In design 'wreq_trans_URGE_WITH7_SUBR_WITH8_AXID_WITH4_LEN_WITH8_USER_WITH10_NBYTEPERWORD8_AADDR_WITH40_AUSER_WITH1_AQOS_WITH3_DLY0_0', port 'axi_m_awaddr[39]' is not connected to any nets. (LINT-28)
Warning: In design 'wreq_trans_URGE_WITH7_SUBR_WITH8_AXID_WITH4_LEN_WITH8_USER_WITH10_NBYTEPERWORD8_AADDR_WITH40_AUSER_WITH1_AQOS_WITH3_DLY0_0', port 'axi_m_awaddr[34]' is not connected to any nets. (LINT-28)
Warning: In design 'wreq_trans_URGE_WITH7_SUBR_WITH8_AXID_WITH4_LEN_WITH8_USER_WITH10_NBYTEPERWORD8_AADDR_WITH40_AUSER_WITH1_AQOS_WITH3_DLY0_0', port 'axi_m_awaddr[33]' is not connected to any nets. (LINT-28)
Warning: In design 'wreq_trans_URGE_WITH7_SUBR_WITH8_AXID_WITH4_LEN_WITH8_USER_WITH10_NBYTEPERWORD8_AADDR_WITH40_AUSER_WITH1_AQOS_WITH3_DLY0_0', port 'axi_m_awaddr[32]' is not connected to any nets. (LINT-28)
Warning: In design 'wreq_trans_URGE_WITH7_SUBR_WITH8_AXID_WITH4_LEN_WITH8_USER_WITH10_NBYTEPERWORD8_AADDR_WITH40_AUSER_WITH1_AQOS_WITH3_DLY0_0', port 'axi_m_awlen[7]' is not connected to any nets. (LINT-28)
Warning: In design 'wreq_trans_URGE_WITH7_SUBR_WITH8_AXID_WITH4_LEN_WITH8_USER_WITH10_NBYTEPERWORD8_AADDR_WITH40_AUSER_WITH1_AQOS_WITH3_DLY0_0', port 'axi_m_awlen[6]' is not connected to any nets. (LINT-28)
Warning: In design 'wreq_trans_URGE_WITH7_SUBR_WITH8_AXID_WITH4_LEN_WITH8_USER_WITH10_NBYTEPERWORD8_AADDR_WITH40_AUSER_WITH1_AQOS_WITH3_DLY0_0', port 'axi_m_awsize[2]' is not connected to any nets. (LINT-28)
Warning: In design 'wreq_trans_URGE_WITH7_SUBR_WITH8_AXID_WITH4_LEN_WITH8_USER_WITH10_NBYTEPERWORD8_AADDR_WITH40_AUSER_WITH1_AQOS_WITH3_DLY0_0', port 'axi_m_awsize[1]' is not connected to any nets. (LINT-28)
Warning: In design 'wreq_trans_URGE_WITH7_SUBR_WITH8_AXID_WITH4_LEN_WITH8_USER_WITH10_NBYTEPERWORD8_AADDR_WITH40_AUSER_WITH1_AQOS_WITH3_DLY0_0', port 'axi_m_awsize[0]' is not connected to any nets. (LINT-28)
Warning: In design 'watchdog_AXID_WITH4_TAG_CNT_WITH3_TIMOUT_VALUE10240_TIMOUT_TABLE_DEEP8_DLY0_0', port 'reqo2wd_timout_table[3]' is not connected to any nets. (LINT-28)
Warning: In design 'watchdog_AXID_WITH4_TAG_CNT_WITH3_TIMOUT_VALUE10240_TIMOUT_TABLE_DEEP8_DLY0_0', port 'reqo2wd_timout_table[2]' is not connected to any nets. (LINT-28)
Warning: In design 'watchdog_AXID_WITH4_TAG_CNT_WITH3_TIMOUT_VALUE10240_TIMOUT_TABLE_DEEP8_DLY0_0', port 'reqo2wd_timout_table[1]' is not connected to any nets. (LINT-28)
Warning: In design 'watchdog_AXID_WITH4_TAG_CNT_WITH3_TIMOUT_VALUE10240_TIMOUT_TABLE_DEEP8_DLY0_0', port 'reqo2wd_timout_table[0]' is not connected to any nets. (LINT-28)
Warning: In design 'watchdog_AXID_WITH4_TAG_CNT_WITH3_TIMOUT_VALUE10240_TIMOUT_TABLE_DEEP8_DLY0_0', port 'rspo2wd_opc[1]' is not connected to any nets. (LINT-28)
Warning: In design 'rsp_trans_AXID_WITH4_USER_WITH10_NBYTEPERWORD8_AUSER_WITH1_DLY0_0', port 'axi_m_rresp[0]' is not connected to any nets. (LINT-28)
Warning: In design 'rsp_trans_AXID_WITH4_USER_WITH10_NBYTEPERWORD8_AUSER_WITH1_DLY0_0', port 'axi_m_bresp[0]' is not connected to any nets. (LINT-28)
Warning: In design 'rsp_trans_AXID_WITH4_USER_WITH10_NBYTEPERWORD8_AUSER_WITH1_DLY0_0', port 'rspt2rspo_opc[1]' is not connected to any nets. (LINT-28)
Warning: In design 'rsp_trans_AXID_WITH4_USER_WITH10_NBYTEPERWORD8_AUSER_WITH1_DLY0_0', port 'rspt2rspo_errcode[2]' is not connected to any nets. (LINT-28)
Warning: In design 'rsp_trans_AXID_WITH4_USER_WITH10_NBYTEPERWORD8_AUSER_WITH1_DLY0_0', port 'rspt2rspo_errcode[1]' is not connected to any nets. (LINT-28)
Warning: In design 'rsp_trans_AXID_WITH4_USER_WITH10_NBYTEPERWORD8_AUSER_WITH1_DLY0_0', port 'rspt2rspo_errcode[0]' is not connected to any nets. (LINT-28)
Warning: In design 'rsp_trans_AXID_WITH4_USER_WITH10_NBYTEPERWORD8_AUSER_WITH1_DLY0_0', port 'rspt2rspo_status[1]' is not connected to any nets. (LINT-28)
Warning: In design 'rsp_trans_AXID_WITH4_USER_WITH10_NBYTEPERWORD8_AUSER_WITH1_DLY0_0', port 'rspt2rspo_data[64]' is not connected to any nets. (LINT-28)
Warning: In design 'rsp_trans_AXID_WITH4_USER_WITH10_NBYTEPERWORD8_AUSER_WITH1_DLY0_0', port 'rspt2rspo_data[55]' is not connected to any nets. (LINT-28)
Warning: In design 'rsp_trans_AXID_WITH4_USER_WITH10_NBYTEPERWORD8_AUSER_WITH1_DLY0_0', port 'rspt2rspo_data[46]' is not connected to any nets. (LINT-28)
Warning: In design 'rsp_trans_AXID_WITH4_USER_WITH10_NBYTEPERWORD8_AUSER_WITH1_DLY0_0', port 'rspt2rspo_data[37]' is not connected to any nets. (LINT-28)
Warning: In design 'rsp_trans_AXID_WITH4_USER_WITH10_NBYTEPERWORD8_AUSER_WITH1_DLY0_0', port 'rspt2rspo_data[28]' is not connected to any nets. (LINT-28)
Warning: In design 'rsp_trans_AXID_WITH4_USER_WITH10_NBYTEPERWORD8_AUSER_WITH1_DLY0_0', port 'rspt2rspo_data[19]' is not connected to any nets. (LINT-28)
Warning: In design 'rsp_trans_AXID_WITH4_USER_WITH10_NBYTEPERWORD8_AUSER_WITH1_DLY0_0', port 'rspt2rspo_data[10]' is not connected to any nets. (LINT-28)
Warning: In design 'rsp_trans_AXID_WITH4_USER_WITH10_NBYTEPERWORD8_AUSER_WITH1_DLY0_0', port 'rspt2rspo_data[1]' is not connected to any nets. (LINT-28)
Warning: In design 'rsp_trans_AXID_WITH4_USER_WITH10_NBYTEPERWORD8_AUSER_WITH1_DLY0_0', port 'rspt2rspo_data[0]' is not connected to any nets. (LINT-28)
Warning: In design 'ely_rsp_detect_URGE_WITH7_SUBR_WITH8_ADDR_WITH32_AXID_WITH4_LEN_WITH8_USER_WITH10_NBYTEPERWORD8_ELYRSP_TABLE_DEEP8_AUSER_WITH1_TAG_CNT_WITH3_DLY0_0', port 'rspo2erd_opc[1]' is not connected to any nets. (LINT-28)
Warning: In design 'ely_rsp_detect_URGE_WITH7_SUBR_WITH8_ADDR_WITH32_AXID_WITH4_LEN_WITH8_USER_WITH10_NBYTEPERWORD8_ELYRSP_TABLE_DEEP8_AUSER_WITH1_TAG_CNT_WITH3_DLY0_0', port 'rspo2erd_opc[0]' is not connected to any nets. (LINT-28)
Warning: In design 'ely_rsp_detect_URGE_WITH7_SUBR_WITH8_ADDR_WITH32_AXID_WITH4_LEN_WITH8_USER_WITH10_NBYTEPERWORD8_ELYRSP_TABLE_DEEP8_AUSER_WITH1_TAG_CNT_WITH3_DLY0_0', port 'rspo2erd_user[9]' is not connected to any nets. (LINT-28)
Warning: In design 'ely_rsp_detect_URGE_WITH7_SUBR_WITH8_ADDR_WITH32_AXID_WITH4_LEN_WITH8_USER_WITH10_NBYTEPERWORD8_ELYRSP_TABLE_DEEP8_AUSER_WITH1_TAG_CNT_WITH3_DLY0_0', port 'rspo2erd_user[8]' is not connected to any nets. (LINT-28)
Warning: In design 'ely_rsp_detect_URGE_WITH7_SUBR_WITH8_ADDR_WITH32_AXID_WITH4_LEN_WITH8_USER_WITH10_NBYTEPERWORD8_ELYRSP_TABLE_DEEP8_AUSER_WITH1_TAG_CNT_WITH3_DLY0_0', port 'rspo2erd_user[7]' is not connected to any nets. (LINT-28)
Warning: In design 'ely_rsp_detect_URGE_WITH7_SUBR_WITH8_ADDR_WITH32_AXID_WITH4_LEN_WITH8_USER_WITH10_NBYTEPERWORD8_ELYRSP_TABLE_DEEP8_AUSER_WITH1_TAG_CNT_WITH3_DLY0_0', port 'rspo2erd_user[6]' is not connected to any nets. (LINT-28)
Warning: In design 'ely_rsp_detect_URGE_WITH7_SUBR_WITH8_ADDR_WITH32_AXID_WITH4_LEN_WITH8_USER_WITH10_NBYTEPERWORD8_ELYRSP_TABLE_DEEP8_AUSER_WITH1_TAG_CNT_WITH3_DLY0_0', port 'rspo2erd_user[5]' is not connected to any nets. (LINT-28)
Warning: In design 'ely_rsp_detect_URGE_WITH7_SUBR_WITH8_ADDR_WITH32_AXID_WITH4_LEN_WITH8_USER_WITH10_NBYTEPERWORD8_ELYRSP_TABLE_DEEP8_AUSER_WITH1_TAG_CNT_WITH3_DLY0_0', port 'rspo2erd_user[4]' is not connected to any nets. (LINT-28)
Warning: In design 'ely_rsp_detect_URGE_WITH7_SUBR_WITH8_ADDR_WITH32_AXID_WITH4_LEN_WITH8_USER_WITH10_NBYTEPERWORD8_ELYRSP_TABLE_DEEP8_AUSER_WITH1_TAG_CNT_WITH3_DLY0_0', port 'rspo2erd_user[3]' is not connected to any nets. (LINT-28)
Warning: In design 'ely_rsp_detect_URGE_WITH7_SUBR_WITH8_ADDR_WITH32_AXID_WITH4_LEN_WITH8_USER_WITH10_NBYTEPERWORD8_ELYRSP_TABLE_DEEP8_AUSER_WITH1_TAG_CNT_WITH3_DLY0_0', port 'rspo2erd_user[2]' is not connected to any nets. (LINT-28)
Warning: In design 'ely_rsp_detect_URGE_WITH7_SUBR_WITH8_ADDR_WITH32_AXID_WITH4_LEN_WITH8_USER_WITH10_NBYTEPERWORD8_ELYRSP_TABLE_DEEP8_AUSER_WITH1_TAG_CNT_WITH3_DLY0_0', port 'rspo2erd_user[1]' is not connected to any nets. (LINT-28)
Warning: In design 'ely_rsp_detect_URGE_WITH7_SUBR_WITH8_ADDR_WITH32_AXID_WITH4_LEN_WITH8_USER_WITH10_NBYTEPERWORD8_ELYRSP_TABLE_DEEP8_AUSER_WITH1_TAG_CNT_WITH3_DLY0_0', port 'rspt2erd_opc[1]' is not connected to any nets. (LINT-28)
Warning: In design 'ely_rsp_detect_URGE_WITH7_SUBR_WITH8_ADDR_WITH32_AXID_WITH4_LEN_WITH8_USER_WITH10_NBYTEPERWORD8_ELYRSP_TABLE_DEEP8_AUSER_WITH1_TAG_CNT_WITH3_DLY0_0', port 'rspt2erd_errcode[2]' is not connected to any nets. (LINT-28)
Warning: In design 'ely_rsp_detect_URGE_WITH7_SUBR_WITH8_ADDR_WITH32_AXID_WITH4_LEN_WITH8_USER_WITH10_NBYTEPERWORD8_ELYRSP_TABLE_DEEP8_AUSER_WITH1_TAG_CNT_WITH3_DLY0_0', port 'rspt2erd_errcode[1]' is not connected to any nets. (LINT-28)
Warning: In design 'ely_rsp_detect_URGE_WITH7_SUBR_WITH8_ADDR_WITH32_AXID_WITH4_LEN_WITH8_USER_WITH10_NBYTEPERWORD8_ELYRSP_TABLE_DEEP8_AUSER_WITH1_TAG_CNT_WITH3_DLY0_0', port 'rspt2erd_errcode[0]' is not connected to any nets. (LINT-28)
Warning: In design 'ely_rsp_detect_URGE_WITH7_SUBR_WITH8_ADDR_WITH32_AXID_WITH4_LEN_WITH8_USER_WITH10_NBYTEPERWORD8_ELYRSP_TABLE_DEEP8_AUSER_WITH1_TAG_CNT_WITH3_DLY0_0', port 'rspt2erd_status[1]' is not connected to any nets. (LINT-28)
Warning: In design 'ely_rsp_detect_URGE_WITH7_SUBR_WITH8_ADDR_WITH32_AXID_WITH4_LEN_WITH8_USER_WITH10_NBYTEPERWORD8_ELYRSP_TABLE_DEEP8_AUSER_WITH1_TAG_CNT_WITH3_DLY0_0', port 'rspt2erd_data[64]' is not connected to any nets. (LINT-28)
Warning: In design 'ely_rsp_detect_URGE_WITH7_SUBR_WITH8_ADDR_WITH32_AXID_WITH4_LEN_WITH8_USER_WITH10_NBYTEPERWORD8_ELYRSP_TABLE_DEEP8_AUSER_WITH1_TAG_CNT_WITH3_DLY0_0', port 'rspt2erd_data[55]' is not connected to any nets. (LINT-28)
Warning: In design 'ely_rsp_detect_URGE_WITH7_SUBR_WITH8_ADDR_WITH32_AXID_WITH4_LEN_WITH8_USER_WITH10_NBYTEPERWORD8_ELYRSP_TABLE_DEEP8_AUSER_WITH1_TAG_CNT_WITH3_DLY0_0', port 'rspt2erd_data[46]' is not connected to any nets. (LINT-28)
Warning: In design 'ely_rsp_detect_URGE_WITH7_SUBR_WITH8_ADDR_WITH32_AXID_WITH4_LEN_WITH8_USER_WITH10_NBYTEPERWORD8_ELYRSP_TABLE_DEEP8_AUSER_WITH1_TAG_CNT_WITH3_DLY0_0', port 'rspt2erd_data[37]' is not connected to any nets. (LINT-28)
Warning: In design 'ely_rsp_detect_URGE_WITH7_SUBR_WITH8_ADDR_WITH32_AXID_WITH4_LEN_WITH8_USER_WITH10_NBYTEPERWORD8_ELYRSP_TABLE_DEEP8_AUSER_WITH1_TAG_CNT_WITH3_DLY0_0', port 'rspt2erd_data[28]' is not connected to any nets. (LINT-28)
Warning: In design 'ely_rsp_detect_URGE_WITH7_SUBR_WITH8_ADDR_WITH32_AXID_WITH4_LEN_WITH8_USER_WITH10_NBYTEPERWORD8_ELYRSP_TABLE_DEEP8_AUSER_WITH1_TAG_CNT_WITH3_DLY0_0', port 'rspt2erd_data[19]' is not connected to any nets. (LINT-28)
Warning: In design 'ely_rsp_detect_URGE_WITH7_SUBR_WITH8_ADDR_WITH32_AXID_WITH4_LEN_WITH8_USER_WITH10_NBYTEPERWORD8_ELYRSP_TABLE_DEEP8_AUSER_WITH1_TAG_CNT_WITH3_DLY0_0', port 'rspt2erd_data[10]' is not connected to any nets. (LINT-28)
Warning: In design 'ely_rsp_detect_URGE_WITH7_SUBR_WITH8_ADDR_WITH32_AXID_WITH4_LEN_WITH8_USER_WITH10_NBYTEPERWORD8_ELYRSP_TABLE_DEEP8_AUSER_WITH1_TAG_CNT_WITH3_DLY0_0', port 'rspt2erd_data[1]' is not connected to any nets. (LINT-28)
Warning: In design 'ely_rsp_detect_URGE_WITH7_SUBR_WITH8_ADDR_WITH32_AXID_WITH4_LEN_WITH8_USER_WITH10_NBYTEPERWORD8_ELYRSP_TABLE_DEEP8_AUSER_WITH1_TAG_CNT_WITH3_DLY0_0', port 'rspt2erd_data[0]' is not connected to any nets. (LINT-28)
Warning: In design 'ely_rsp_detect_URGE_WITH7_SUBR_WITH8_ADDR_WITH32_AXID_WITH4_LEN_WITH8_USER_WITH10_NBYTEPERWORD8_ELYRSP_TABLE_DEEP8_AUSER_WITH1_TAG_CNT_WITH3_DLY0_0', port 'erd2rspo_opc[1]' is not connected to any nets. (LINT-28)
Warning: In design 'ely_rsp_detect_URGE_WITH7_SUBR_WITH8_ADDR_WITH32_AXID_WITH4_LEN_WITH8_USER_WITH10_NBYTEPERWORD8_ELYRSP_TABLE_DEEP8_AUSER_WITH1_TAG_CNT_WITH3_DLY0_0', port 'erd2rspo_errcode[2]' is not connected to any nets. (LINT-28)
Warning: In design 'ely_rsp_detect_URGE_WITH7_SUBR_WITH8_ADDR_WITH32_AXID_WITH4_LEN_WITH8_USER_WITH10_NBYTEPERWORD8_ELYRSP_TABLE_DEEP8_AUSER_WITH1_TAG_CNT_WITH3_DLY0_0', port 'erd2rspo_errcode[1]' is not connected to any nets. (LINT-28)
Warning: In design 'ely_rsp_detect_URGE_WITH7_SUBR_WITH8_ADDR_WITH32_AXID_WITH4_LEN_WITH8_USER_WITH10_NBYTEPERWORD8_ELYRSP_TABLE_DEEP8_AUSER_WITH1_TAG_CNT_WITH3_DLY0_0', port 'erd2rspo_errcode[0]' is not connected to any nets. (LINT-28)
Warning: In design 'ely_rsp_detect_URGE_WITH7_SUBR_WITH8_ADDR_WITH32_AXID_WITH4_LEN_WITH8_USER_WITH10_NBYTEPERWORD8_ELYRSP_TABLE_DEEP8_AUSER_WITH1_TAG_CNT_WITH3_DLY0_0', port 'erd2rspo_status[1]' is not connected to any nets. (LINT-28)
Warning: In design 'ely_rsp_detect_URGE_WITH7_SUBR_WITH8_ADDR_WITH32_AXID_WITH4_LEN_WITH8_USER_WITH10_NBYTEPERWORD8_ELYRSP_TABLE_DEEP8_AUSER_WITH1_TAG_CNT_WITH3_DLY0_0', port 'erd2rspo_data[64]' is not connected to any nets. (LINT-28)
Warning: In design 'ely_rsp_detect_URGE_WITH7_SUBR_WITH8_ADDR_WITH32_AXID_WITH4_LEN_WITH8_USER_WITH10_NBYTEPERWORD8_ELYRSP_TABLE_DEEP8_AUSER_WITH1_TAG_CNT_WITH3_DLY0_0', port 'erd2rspo_data[55]' is not connected to any nets. (LINT-28)
Warning: In design 'ely_rsp_detect_URGE_WITH7_SUBR_WITH8_ADDR_WITH32_AXID_WITH4_LEN_WITH8_USER_WITH10_NBYTEPERWORD8_ELYRSP_TABLE_DEEP8_AUSER_WITH1_TAG_CNT_WITH3_DLY0_0', port 'erd2rspo_data[46]' is not connected to any nets. (LINT-28)
Warning: In design 'ely_rsp_detect_URGE_WITH7_SUBR_WITH8_ADDR_WITH32_AXID_WITH4_LEN_WITH8_USER_WITH10_NBYTEPERWORD8_ELYRSP_TABLE_DEEP8_AUSER_WITH1_TAG_CNT_WITH3_DLY0_0', port 'erd2rspo_data[37]' is not connected to any nets. (LINT-28)
Warning: In design 'ely_rsp_detect_URGE_WITH7_SUBR_WITH8_ADDR_WITH32_AXID_WITH4_LEN_WITH8_USER_WITH10_NBYTEPERWORD8_ELYRSP_TABLE_DEEP8_AUSER_WITH1_TAG_CNT_WITH3_DLY0_0', port 'erd2rspo_data[28]' is not connected to any nets. (LINT-28)
Warning: In design 'ely_rsp_detect_URGE_WITH7_SUBR_WITH8_ADDR_WITH32_AXID_WITH4_LEN_WITH8_USER_WITH10_NBYTEPERWORD8_ELYRSP_TABLE_DEEP8_AUSER_WITH1_TAG_CNT_WITH3_DLY0_0', port 'erd2rspo_data[19]' is not connected to any nets. (LINT-28)
Warning: In design 'ely_rsp_detect_URGE_WITH7_SUBR_WITH8_ADDR_WITH32_AXID_WITH4_LEN_WITH8_USER_WITH10_NBYTEPERWORD8_ELYRSP_TABLE_DEEP8_AUSER_WITH1_TAG_CNT_WITH3_DLY0_0', port 'erd2rspo_data[10]' is not connected to any nets. (LINT-28)
Warning: In design 'ely_rsp_detect_URGE_WITH7_SUBR_WITH8_ADDR_WITH32_AXID_WITH4_LEN_WITH8_USER_WITH10_NBYTEPERWORD8_ELYRSP_TABLE_DEEP8_AUSER_WITH1_TAG_CNT_WITH3_DLY0_0', port 'erd2rspo_data[1]' is not connected to any nets. (LINT-28)
Warning: In design 'ely_rsp_detect_URGE_WITH7_SUBR_WITH8_ADDR_WITH32_AXID_WITH4_LEN_WITH8_USER_WITH10_NBYTEPERWORD8_ELYRSP_TABLE_DEEP8_AUSER_WITH1_TAG_CNT_WITH3_DLY0_0', port 'erd2rspo_data[0]' is not connected to any nets. (LINT-28)
Warning: In design 'rsp_order_URGE_WITH7_SUBR_WITH8_IID_WITH10_TID_WITH10_ADDR_WITH32_AXID_WITH4_ORDKEY_WITH8_LEN_WITH8_USER_WITH10_RSP_IID_OFFSET7_RSP_TID_OFFSET17_RSP_ORDKEY_OFFSET27_RSP_OPC_OFFSET35_RSP_STATUS_OFFSET37_RSP_ADDR_OFFSET39_RSP_USER_OFFSET71_RSP_ERRC_OFFSET81_NBYTEPERWORD8_TAG_CNT_WITH3_SPEC_REQ_BUFF_DEEP8_ADDR_BLOCK_SIZE64_ADDR_BP_TYPE1_AUSER_WITH1_EARLY_RSP_MODE1_DLY0_0', port 'reqo2rspo_subr[7]' is not connected to any nets. (LINT-28)
Warning: In design 'rsp_order_URGE_WITH7_SUBR_WITH8_IID_WITH10_TID_WITH10_ADDR_WITH32_AXID_WITH4_ORDKEY_WITH8_LEN_WITH8_USER_WITH10_RSP_IID_OFFSET7_RSP_TID_OFFSET17_RSP_ORDKEY_OFFSET27_RSP_OPC_OFFSET35_RSP_STATUS_OFFSET37_RSP_ADDR_OFFSET39_RSP_USER_OFFSET71_RSP_ERRC_OFFSET81_NBYTEPERWORD8_TAG_CNT_WITH3_SPEC_REQ_BUFF_DEEP8_ADDR_BLOCK_SIZE64_ADDR_BP_TYPE1_AUSER_WITH1_EARLY_RSP_MODE1_DLY0_0', port 'reqo2rspo_subr[6]' is not connected to any nets. (LINT-28)
Warning: In design 'rsp_order_URGE_WITH7_SUBR_WITH8_IID_WITH10_TID_WITH10_ADDR_WITH32_AXID_WITH4_ORDKEY_WITH8_LEN_WITH8_USER_WITH10_RSP_IID_OFFSET7_RSP_TID_OFFSET17_RSP_ORDKEY_OFFSET27_RSP_OPC_OFFSET35_RSP_STATUS_OFFSET37_RSP_ADDR_OFFSET39_RSP_USER_OFFSET71_RSP_ERRC_OFFSET81_NBYTEPERWORD8_TAG_CNT_WITH3_SPEC_REQ_BUFF_DEEP8_ADDR_BLOCK_SIZE64_ADDR_BP_TYPE1_AUSER_WITH1_EARLY_RSP_MODE1_DLY0_0', port 'reqo2rspo_subr[5]' is not connected to any nets. (LINT-28)
Warning: In design 'rsp_order_URGE_WITH7_SUBR_WITH8_IID_WITH10_TID_WITH10_ADDR_WITH32_AXID_WITH4_ORDKEY_WITH8_LEN_WITH8_USER_WITH10_RSP_IID_OFFSET7_RSP_TID_OFFSET17_RSP_ORDKEY_OFFSET27_RSP_OPC_OFFSET35_RSP_STATUS_OFFSET37_RSP_ADDR_OFFSET39_RSP_USER_OFFSET71_RSP_ERRC_OFFSET81_NBYTEPERWORD8_TAG_CNT_WITH3_SPEC_REQ_BUFF_DEEP8_ADDR_BLOCK_SIZE64_ADDR_BP_TYPE1_AUSER_WITH1_EARLY_RSP_MODE1_DLY0_0', port 'reqo2rspo_subr[4]' is not connected to any nets. (LINT-28)
Warning: In design 'rsp_order_URGE_WITH7_SUBR_WITH8_IID_WITH10_TID_WITH10_ADDR_WITH32_AXID_WITH4_ORDKEY_WITH8_LEN_WITH8_USER_WITH10_RSP_IID_OFFSET7_RSP_TID_OFFSET17_RSP_ORDKEY_OFFSET27_RSP_OPC_OFFSET35_RSP_STATUS_OFFSET37_RSP_ADDR_OFFSET39_RSP_USER_OFFSET71_RSP_ERRC_OFFSET81_NBYTEPERWORD8_TAG_CNT_WITH3_SPEC_REQ_BUFF_DEEP8_ADDR_BLOCK_SIZE64_ADDR_BP_TYPE1_AUSER_WITH1_EARLY_RSP_MODE1_DLY0_0', port 'reqo2rspo_subr[3]' is not connected to any nets. (LINT-28)
Warning: In design 'rsp_order_URGE_WITH7_SUBR_WITH8_IID_WITH10_TID_WITH10_ADDR_WITH32_AXID_WITH4_ORDKEY_WITH8_LEN_WITH8_USER_WITH10_RSP_IID_OFFSET7_RSP_TID_OFFSET17_RSP_ORDKEY_OFFSET27_RSP_OPC_OFFSET35_RSP_STATUS_OFFSET37_RSP_ADDR_OFFSET39_RSP_USER_OFFSET71_RSP_ERRC_OFFSET81_NBYTEPERWORD8_TAG_CNT_WITH3_SPEC_REQ_BUFF_DEEP8_ADDR_BLOCK_SIZE64_ADDR_BP_TYPE1_AUSER_WITH1_EARLY_RSP_MODE1_DLY0_0', port 'reqo2rspo_user[9]' is not connected to any nets. (LINT-28)
Warning: In design 'rsp_order_URGE_WITH7_SUBR_WITH8_IID_WITH10_TID_WITH10_ADDR_WITH32_AXID_WITH4_ORDKEY_WITH8_LEN_WITH8_USER_WITH10_RSP_IID_OFFSET7_RSP_TID_OFFSET17_RSP_ORDKEY_OFFSET27_RSP_OPC_OFFSET35_RSP_STATUS_OFFSET37_RSP_ADDR_OFFSET39_RSP_USER_OFFSET71_RSP_ERRC_OFFSET81_NBYTEPERWORD8_TAG_CNT_WITH3_SPEC_REQ_BUFF_DEEP8_ADDR_BLOCK_SIZE64_ADDR_BP_TYPE1_AUSER_WITH1_EARLY_RSP_MODE1_DLY0_0', port 'reqo2rspo_data[0]' is not connected to any nets. (LINT-28)
Warning: In design 'rsp_order_URGE_WITH7_SUBR_WITH8_IID_WITH10_TID_WITH10_ADDR_WITH32_AXID_WITH4_ORDKEY_WITH8_LEN_WITH8_USER_WITH10_RSP_IID_OFFSET7_RSP_TID_OFFSET17_RSP_ORDKEY_OFFSET27_RSP_OPC_OFFSET35_RSP_STATUS_OFFSET37_RSP_ADDR_OFFSET39_RSP_USER_OFFSET71_RSP_ERRC_OFFSET81_NBYTEPERWORD8_TAG_CNT_WITH3_SPEC_REQ_BUFF_DEEP8_ADDR_BLOCK_SIZE64_ADDR_BP_TYPE1_AUSER_WITH1_EARLY_RSP_MODE1_DLY0_0', port 'rspo2am_subr[7]' is not connected to any nets. (LINT-28)
Warning: In design 'rsp_order_URGE_WITH7_SUBR_WITH8_IID_WITH10_TID_WITH10_ADDR_WITH32_AXID_WITH4_ORDKEY_WITH8_LEN_WITH8_USER_WITH10_RSP_IID_OFFSET7_RSP_TID_OFFSET17_RSP_ORDKEY_OFFSET27_RSP_OPC_OFFSET35_RSP_STATUS_OFFSET37_RSP_ADDR_OFFSET39_RSP_USER_OFFSET71_RSP_ERRC_OFFSET81_NBYTEPERWORD8_TAG_CNT_WITH3_SPEC_REQ_BUFF_DEEP8_ADDR_BLOCK_SIZE64_ADDR_BP_TYPE1_AUSER_WITH1_EARLY_RSP_MODE1_DLY0_0', port 'rspo2am_subr[6]' is not connected to any nets. (LINT-28)
Warning: In design 'rsp_order_URGE_WITH7_SUBR_WITH8_IID_WITH10_TID_WITH10_ADDR_WITH32_AXID_WITH4_ORDKEY_WITH8_LEN_WITH8_USER_WITH10_RSP_IID_OFFSET7_RSP_TID_OFFSET17_RSP_ORDKEY_OFFSET27_RSP_OPC_OFFSET35_RSP_STATUS_OFFSET37_RSP_ADDR_OFFSET39_RSP_USER_OFFSET71_RSP_ERRC_OFFSET81_NBYTEPERWORD8_TAG_CNT_WITH3_SPEC_REQ_BUFF_DEEP8_ADDR_BLOCK_SIZE64_ADDR_BP_TYPE1_AUSER_WITH1_EARLY_RSP_MODE1_DLY0_0', port 'rspo2am_subr[5]' is not connected to any nets. (LINT-28)
Warning: In design 'rsp_order_URGE_WITH7_SUBR_WITH8_IID_WITH10_TID_WITH10_ADDR_WITH32_AXID_WITH4_ORDKEY_WITH8_LEN_WITH8_USER_WITH10_RSP_IID_OFFSET7_RSP_TID_OFFSET17_RSP_ORDKEY_OFFSET27_RSP_OPC_OFFSET35_RSP_STATUS_OFFSET37_RSP_ADDR_OFFSET39_RSP_USER_OFFSET71_RSP_ERRC_OFFSET81_NBYTEPERWORD8_TAG_CNT_WITH3_SPEC_REQ_BUFF_DEEP8_ADDR_BLOCK_SIZE64_ADDR_BP_TYPE1_AUSER_WITH1_EARLY_RSP_MODE1_DLY0_0', port 'rspo2am_subr[4]' is not connected to any nets. (LINT-28)
Warning: In design 'rsp_order_URGE_WITH7_SUBR_WITH8_IID_WITH10_TID_WITH10_ADDR_WITH32_AXID_WITH4_ORDKEY_WITH8_LEN_WITH8_USER_WITH10_RSP_IID_OFFSET7_RSP_TID_OFFSET17_RSP_ORDKEY_OFFSET27_RSP_OPC_OFFSET35_RSP_STATUS_OFFSET37_RSP_ADDR_OFFSET39_RSP_USER_OFFSET71_RSP_ERRC_OFFSET81_NBYTEPERWORD8_TAG_CNT_WITH3_SPEC_REQ_BUFF_DEEP8_ADDR_BLOCK_SIZE64_ADDR_BP_TYPE1_AUSER_WITH1_EARLY_RSP_MODE1_DLY0_0', port 'rspo2am_subr[3]' is not connected to any nets. (LINT-28)
Warning: In design 'rsp_order_URGE_WITH7_SUBR_WITH8_IID_WITH10_TID_WITH10_ADDR_WITH32_AXID_WITH4_ORDKEY_WITH8_LEN_WITH8_USER_WITH10_RSP_IID_OFFSET7_RSP_TID_OFFSET17_RSP_ORDKEY_OFFSET27_RSP_OPC_OFFSET35_RSP_STATUS_OFFSET37_RSP_ADDR_OFFSET39_RSP_USER_OFFSET71_RSP_ERRC_OFFSET81_NBYTEPERWORD8_TAG_CNT_WITH3_SPEC_REQ_BUFF_DEEP8_ADDR_BLOCK_SIZE64_ADDR_BP_TYPE1_AUSER_WITH1_EARLY_RSP_MODE1_DLY0_0', port 'rspo2am_user[9]' is not connected to any nets. (LINT-28)
Warning: In design 'rsp_order_URGE_WITH7_SUBR_WITH8_IID_WITH10_TID_WITH10_ADDR_WITH32_AXID_WITH4_ORDKEY_WITH8_LEN_WITH8_USER_WITH10_RSP_IID_OFFSET7_RSP_TID_OFFSET17_RSP_ORDKEY_OFFSET27_RSP_OPC_OFFSET35_RSP_STATUS_OFFSET37_RSP_ADDR_OFFSET39_RSP_USER_OFFSET71_RSP_ERRC_OFFSET81_NBYTEPERWORD8_TAG_CNT_WITH3_SPEC_REQ_BUFF_DEEP8_ADDR_BLOCK_SIZE64_ADDR_BP_TYPE1_AUSER_WITH1_EARLY_RSP_MODE1_DLY0_0', port 'rspo2am_data[0]' is not connected to any nets. (LINT-28)
Warning: In design 'rsp_order_URGE_WITH7_SUBR_WITH8_IID_WITH10_TID_WITH10_ADDR_WITH32_AXID_WITH4_ORDKEY_WITH8_LEN_WITH8_USER_WITH10_RSP_IID_OFFSET7_RSP_TID_OFFSET17_RSP_ORDKEY_OFFSET27_RSP_OPC_OFFSET35_RSP_STATUS_OFFSET37_RSP_ADDR_OFFSET39_RSP_USER_OFFSET71_RSP_ERRC_OFFSET81_NBYTEPERWORD8_TAG_CNT_WITH3_SPEC_REQ_BUFF_DEEP8_ADDR_BLOCK_SIZE64_ADDR_BP_TYPE1_AUSER_WITH1_EARLY_RSP_MODE1_DLY0_0', port 'rspt2rspo_opc[1]' is not connected to any nets. (LINT-28)
Warning: In design 'rsp_order_URGE_WITH7_SUBR_WITH8_IID_WITH10_TID_WITH10_ADDR_WITH32_AXID_WITH4_ORDKEY_WITH8_LEN_WITH8_USER_WITH10_RSP_IID_OFFSET7_RSP_TID_OFFSET17_RSP_ORDKEY_OFFSET27_RSP_OPC_OFFSET35_RSP_STATUS_OFFSET37_RSP_ADDR_OFFSET39_RSP_USER_OFFSET71_RSP_ERRC_OFFSET81_NBYTEPERWORD8_TAG_CNT_WITH3_SPEC_REQ_BUFF_DEEP8_ADDR_BLOCK_SIZE64_ADDR_BP_TYPE1_AUSER_WITH1_EARLY_RSP_MODE1_DLY0_0', port 'rspt2rspo_errcode[2]' is not connected to any nets. (LINT-28)
Warning: In design 'rsp_order_URGE_WITH7_SUBR_WITH8_IID_WITH10_TID_WITH10_ADDR_WITH32_AXID_WITH4_ORDKEY_WITH8_LEN_WITH8_USER_WITH10_RSP_IID_OFFSET7_RSP_TID_OFFSET17_RSP_ORDKEY_OFFSET27_RSP_OPC_OFFSET35_RSP_STATUS_OFFSET37_RSP_ADDR_OFFSET39_RSP_USER_OFFSET71_RSP_ERRC_OFFSET81_NBYTEPERWORD8_TAG_CNT_WITH3_SPEC_REQ_BUFF_DEEP8_ADDR_BLOCK_SIZE64_ADDR_BP_TYPE1_AUSER_WITH1_EARLY_RSP_MODE1_DLY0_0', port 'rspt2rspo_errcode[1]' is not connected to any nets. (LINT-28)
Warning: In design 'rsp_order_URGE_WITH7_SUBR_WITH8_IID_WITH10_TID_WITH10_ADDR_WITH32_AXID_WITH4_ORDKEY_WITH8_LEN_WITH8_USER_WITH10_RSP_IID_OFFSET7_RSP_TID_OFFSET17_RSP_ORDKEY_OFFSET27_RSP_OPC_OFFSET35_RSP_STATUS_OFFSET37_RSP_ADDR_OFFSET39_RSP_USER_OFFSET71_RSP_ERRC_OFFSET81_NBYTEPERWORD8_TAG_CNT_WITH3_SPEC_REQ_BUFF_DEEP8_ADDR_BLOCK_SIZE64_ADDR_BP_TYPE1_AUSER_WITH1_EARLY_RSP_MODE1_DLY0_0', port 'rspt2rspo_errcode[0]' is not connected to any nets. (LINT-28)
Warning: In design 'rsp_order_URGE_WITH7_SUBR_WITH8_IID_WITH10_TID_WITH10_ADDR_WITH32_AXID_WITH4_ORDKEY_WITH8_LEN_WITH8_USER_WITH10_RSP_IID_OFFSET7_RSP_TID_OFFSET17_RSP_ORDKEY_OFFSET27_RSP_OPC_OFFSET35_RSP_STATUS_OFFSET37_RSP_ADDR_OFFSET39_RSP_USER_OFFSET71_RSP_ERRC_OFFSET81_NBYTEPERWORD8_TAG_CNT_WITH3_SPEC_REQ_BUFF_DEEP8_ADDR_BLOCK_SIZE64_ADDR_BP_TYPE1_AUSER_WITH1_EARLY_RSP_MODE1_DLY0_0', port 'rspt2rspo_status[1]' is not connected to any nets. (LINT-28)
Warning: In design 'rsp_order_URGE_WITH7_SUBR_WITH8_IID_WITH10_TID_WITH10_ADDR_WITH32_AXID_WITH4_ORDKEY_WITH8_LEN_WITH8_USER_WITH10_RSP_IID_OFFSET7_RSP_TID_OFFSET17_RSP_ORDKEY_OFFSET27_RSP_OPC_OFFSET35_RSP_STATUS_OFFSET37_RSP_ADDR_OFFSET39_RSP_USER_OFFSET71_RSP_ERRC_OFFSET81_NBYTEPERWORD8_TAG_CNT_WITH3_SPEC_REQ_BUFF_DEEP8_ADDR_BLOCK_SIZE64_ADDR_BP_TYPE1_AUSER_WITH1_EARLY_RSP_MODE1_DLY0_0', port 'rspt2rspo_data[64]' is not connected to any nets. (LINT-28)
Warning: In design 'rsp_order_URGE_WITH7_SUBR_WITH8_IID_WITH10_TID_WITH10_ADDR_WITH32_AXID_WITH4_ORDKEY_WITH8_LEN_WITH8_USER_WITH10_RSP_IID_OFFSET7_RSP_TID_OFFSET17_RSP_ORDKEY_OFFSET27_RSP_OPC_OFFSET35_RSP_STATUS_OFFSET37_RSP_ADDR_OFFSET39_RSP_USER_OFFSET71_RSP_ERRC_OFFSET81_NBYTEPERWORD8_TAG_CNT_WITH3_SPEC_REQ_BUFF_DEEP8_ADDR_BLOCK_SIZE64_ADDR_BP_TYPE1_AUSER_WITH1_EARLY_RSP_MODE1_DLY0_0', port 'rspt2rspo_data[55]' is not connected to any nets. (LINT-28)
Warning: In design 'rsp_order_URGE_WITH7_SUBR_WITH8_IID_WITH10_TID_WITH10_ADDR_WITH32_AXID_WITH4_ORDKEY_WITH8_LEN_WITH8_USER_WITH10_RSP_IID_OFFSET7_RSP_TID_OFFSET17_RSP_ORDKEY_OFFSET27_RSP_OPC_OFFSET35_RSP_STATUS_OFFSET37_RSP_ADDR_OFFSET39_RSP_USER_OFFSET71_RSP_ERRC_OFFSET81_NBYTEPERWORD8_TAG_CNT_WITH3_SPEC_REQ_BUFF_DEEP8_ADDR_BLOCK_SIZE64_ADDR_BP_TYPE1_AUSER_WITH1_EARLY_RSP_MODE1_DLY0_0', port 'rspt2rspo_data[46]' is not connected to any nets. (LINT-28)
Warning: In design 'rsp_order_URGE_WITH7_SUBR_WITH8_IID_WITH10_TID_WITH10_ADDR_WITH32_AXID_WITH4_ORDKEY_WITH8_LEN_WITH8_USER_WITH10_RSP_IID_OFFSET7_RSP_TID_OFFSET17_RSP_ORDKEY_OFFSET27_RSP_OPC_OFFSET35_RSP_STATUS_OFFSET37_RSP_ADDR_OFFSET39_RSP_USER_OFFSET71_RSP_ERRC_OFFSET81_NBYTEPERWORD8_TAG_CNT_WITH3_SPEC_REQ_BUFF_DEEP8_ADDR_BLOCK_SIZE64_ADDR_BP_TYPE1_AUSER_WITH1_EARLY_RSP_MODE1_DLY0_0', port 'rspt2rspo_data[37]' is not connected to any nets. (LINT-28)
Warning: In design 'rsp_order_URGE_WITH7_SUBR_WITH8_IID_WITH10_TID_WITH10_ADDR_WITH32_AXID_WITH4_ORDKEY_WITH8_LEN_WITH8_USER_WITH10_RSP_IID_OFFSET7_RSP_TID_OFFSET17_RSP_ORDKEY_OFFSET27_RSP_OPC_OFFSET35_RSP_STATUS_OFFSET37_RSP_ADDR_OFFSET39_RSP_USER_OFFSET71_RSP_ERRC_OFFSET81_NBYTEPERWORD8_TAG_CNT_WITH3_SPEC_REQ_BUFF_DEEP8_ADDR_BLOCK_SIZE64_ADDR_BP_TYPE1_AUSER_WITH1_EARLY_RSP_MODE1_DLY0_0', port 'rspt2rspo_data[28]' is not connected to any nets. (LINT-28)
Warning: In design 'rsp_order_URGE_WITH7_SUBR_WITH8_IID_WITH10_TID_WITH10_ADDR_WITH32_AXID_WITH4_ORDKEY_WITH8_LEN_WITH8_USER_WITH10_RSP_IID_OFFSET7_RSP_TID_OFFSET17_RSP_ORDKEY_OFFSET27_RSP_OPC_OFFSET35_RSP_STATUS_OFFSET37_RSP_ADDR_OFFSET39_RSP_USER_OFFSET71_RSP_ERRC_OFFSET81_NBYTEPERWORD8_TAG_CNT_WITH3_SPEC_REQ_BUFF_DEEP8_ADDR_BLOCK_SIZE64_ADDR_BP_TYPE1_AUSER_WITH1_EARLY_RSP_MODE1_DLY0_0', port 'rspt2rspo_data[19]' is not connected to any nets. (LINT-28)
Warning: In design 'rsp_order_URGE_WITH7_SUBR_WITH8_IID_WITH10_TID_WITH10_ADDR_WITH32_AXID_WITH4_ORDKEY_WITH8_LEN_WITH8_USER_WITH10_RSP_IID_OFFSET7_RSP_TID_OFFSET17_RSP_ORDKEY_OFFSET27_RSP_OPC_OFFSET35_RSP_STATUS_OFFSET37_RSP_ADDR_OFFSET39_RSP_USER_OFFSET71_RSP_ERRC_OFFSET81_NBYTEPERWORD8_TAG_CNT_WITH3_SPEC_REQ_BUFF_DEEP8_ADDR_BLOCK_SIZE64_ADDR_BP_TYPE1_AUSER_WITH1_EARLY_RSP_MODE1_DLY0_0', port 'rspt2rspo_data[10]' is not connected to any nets. (LINT-28)
Warning: In design 'rsp_order_URGE_WITH7_SUBR_WITH8_IID_WITH10_TID_WITH10_ADDR_WITH32_AXID_WITH4_ORDKEY_WITH8_LEN_WITH8_USER_WITH10_RSP_IID_OFFSET7_RSP_TID_OFFSET17_RSP_ORDKEY_OFFSET27_RSP_OPC_OFFSET35_RSP_STATUS_OFFSET37_RSP_ADDR_OFFSET39_RSP_USER_OFFSET71_RSP_ERRC_OFFSET81_NBYTEPERWORD8_TAG_CNT_WITH3_SPEC_REQ_BUFF_DEEP8_ADDR_BLOCK_SIZE64_ADDR_BP_TYPE1_AUSER_WITH1_EARLY_RSP_MODE1_DLY0_0', port 'rspt2rspo_data[1]' is not connected to any nets. (LINT-28)
Warning: In design 'rsp_order_URGE_WITH7_SUBR_WITH8_IID_WITH10_TID_WITH10_ADDR_WITH32_AXID_WITH4_ORDKEY_WITH8_LEN_WITH8_USER_WITH10_RSP_IID_OFFSET7_RSP_TID_OFFSET17_RSP_ORDKEY_OFFSET27_RSP_OPC_OFFSET35_RSP_STATUS_OFFSET37_RSP_ADDR_OFFSET39_RSP_USER_OFFSET71_RSP_ERRC_OFFSET81_NBYTEPERWORD8_TAG_CNT_WITH3_SPEC_REQ_BUFF_DEEP8_ADDR_BLOCK_SIZE64_ADDR_BP_TYPE1_AUSER_WITH1_EARLY_RSP_MODE1_DLY0_0', port 'rspt2rspo_data[0]' is not connected to any nets. (LINT-28)
Warning: In design 'rsp_order_URGE_WITH7_SUBR_WITH8_IID_WITH10_TID_WITH10_ADDR_WITH32_AXID_WITH4_ORDKEY_WITH8_LEN_WITH8_USER_WITH10_RSP_IID_OFFSET7_RSP_TID_OFFSET17_RSP_ORDKEY_OFFSET27_RSP_OPC_OFFSET35_RSP_STATUS_OFFSET37_RSP_ADDR_OFFSET39_RSP_USER_OFFSET71_RSP_ERRC_OFFSET81_NBYTEPERWORD8_TAG_CNT_WITH3_SPEC_REQ_BUFF_DEEP8_ADDR_BLOCK_SIZE64_ADDR_BP_TYPE1_AUSER_WITH1_EARLY_RSP_MODE1_DLY0_0', port 'rspo2wd_opc[1]' is not connected to any nets. (LINT-28)
Warning: In design 'rsp_order_URGE_WITH7_SUBR_WITH8_IID_WITH10_TID_WITH10_ADDR_WITH32_AXID_WITH4_ORDKEY_WITH8_LEN_WITH8_USER_WITH10_RSP_IID_OFFSET7_RSP_TID_OFFSET17_RSP_ORDKEY_OFFSET27_RSP_OPC_OFFSET35_RSP_STATUS_OFFSET37_RSP_ADDR_OFFSET39_RSP_USER_OFFSET71_RSP_ERRC_OFFSET81_NBYTEPERWORD8_TAG_CNT_WITH3_SPEC_REQ_BUFF_DEEP8_ADDR_BLOCK_SIZE64_ADDR_BP_TYPE1_AUSER_WITH1_EARLY_RSP_MODE1_DLY0_0', port 'rspo2erd_opc[1]' is not connected to any nets. (LINT-28)
Warning: In design 'rsp_order_URGE_WITH7_SUBR_WITH8_IID_WITH10_TID_WITH10_ADDR_WITH32_AXID_WITH4_ORDKEY_WITH8_LEN_WITH8_USER_WITH10_RSP_IID_OFFSET7_RSP_TID_OFFSET17_RSP_ORDKEY_OFFSET27_RSP_OPC_OFFSET35_RSP_STATUS_OFFSET37_RSP_ADDR_OFFSET39_RSP_USER_OFFSET71_RSP_ERRC_OFFSET81_NBYTEPERWORD8_TAG_CNT_WITH3_SPEC_REQ_BUFF_DEEP8_ADDR_BLOCK_SIZE64_ADDR_BP_TYPE1_AUSER_WITH1_EARLY_RSP_MODE1_DLY0_0', port 'rspo2erd_opc[0]' is not connected to any nets. (LINT-28)
Warning: In design 'rsp_order_URGE_WITH7_SUBR_WITH8_IID_WITH10_TID_WITH10_ADDR_WITH32_AXID_WITH4_ORDKEY_WITH8_LEN_WITH8_USER_WITH10_RSP_IID_OFFSET7_RSP_TID_OFFSET17_RSP_ORDKEY_OFFSET27_RSP_OPC_OFFSET35_RSP_STATUS_OFFSET37_RSP_ADDR_OFFSET39_RSP_USER_OFFSET71_RSP_ERRC_OFFSET81_NBYTEPERWORD8_TAG_CNT_WITH3_SPEC_REQ_BUFF_DEEP8_ADDR_BLOCK_SIZE64_ADDR_BP_TYPE1_AUSER_WITH1_EARLY_RSP_MODE1_DLY0_0', port 'rspo2erd_user[9]' is not connected to any nets. (LINT-28)
Warning: In design 'rsp_order_URGE_WITH7_SUBR_WITH8_IID_WITH10_TID_WITH10_ADDR_WITH32_AXID_WITH4_ORDKEY_WITH8_LEN_WITH8_USER_WITH10_RSP_IID_OFFSET7_RSP_TID_OFFSET17_RSP_ORDKEY_OFFSET27_RSP_OPC_OFFSET35_RSP_STATUS_OFFSET37_RSP_ADDR_OFFSET39_RSP_USER_OFFSET71_RSP_ERRC_OFFSET81_NBYTEPERWORD8_TAG_CNT_WITH3_SPEC_REQ_BUFF_DEEP8_ADDR_BLOCK_SIZE64_ADDR_BP_TYPE1_AUSER_WITH1_EARLY_RSP_MODE1_DLY0_0', port 'rspo2erd_user[8]' is not connected to any nets. (LINT-28)
Warning: In design 'rsp_order_URGE_WITH7_SUBR_WITH8_IID_WITH10_TID_WITH10_ADDR_WITH32_AXID_WITH4_ORDKEY_WITH8_LEN_WITH8_USER_WITH10_RSP_IID_OFFSET7_RSP_TID_OFFSET17_RSP_ORDKEY_OFFSET27_RSP_OPC_OFFSET35_RSP_STATUS_OFFSET37_RSP_ADDR_OFFSET39_RSP_USER_OFFSET71_RSP_ERRC_OFFSET81_NBYTEPERWORD8_TAG_CNT_WITH3_SPEC_REQ_BUFF_DEEP8_ADDR_BLOCK_SIZE64_ADDR_BP_TYPE1_AUSER_WITH1_EARLY_RSP_MODE1_DLY0_0', port 'rspo2erd_user[7]' is not connected to any nets. (LINT-28)
Warning: In design 'rsp_order_URGE_WITH7_SUBR_WITH8_IID_WITH10_TID_WITH10_ADDR_WITH32_AXID_WITH4_ORDKEY_WITH8_LEN_WITH8_USER_WITH10_RSP_IID_OFFSET7_RSP_TID_OFFSET17_RSP_ORDKEY_OFFSET27_RSP_OPC_OFFSET35_RSP_STATUS_OFFSET37_RSP_ADDR_OFFSET39_RSP_USER_OFFSET71_RSP_ERRC_OFFSET81_NBYTEPERWORD8_TAG_CNT_WITH3_SPEC_REQ_BUFF_DEEP8_ADDR_BLOCK_SIZE64_ADDR_BP_TYPE1_AUSER_WITH1_EARLY_RSP_MODE1_DLY0_0', port 'rspo2erd_user[6]' is not connected to any nets. (LINT-28)
Warning: In design 'rsp_order_URGE_WITH7_SUBR_WITH8_IID_WITH10_TID_WITH10_ADDR_WITH32_AXID_WITH4_ORDKEY_WITH8_LEN_WITH8_USER_WITH10_RSP_IID_OFFSET7_RSP_TID_OFFSET17_RSP_ORDKEY_OFFSET27_RSP_OPC_OFFSET35_RSP_STATUS_OFFSET37_RSP_ADDR_OFFSET39_RSP_USER_OFFSET71_RSP_ERRC_OFFSET81_NBYTEPERWORD8_TAG_CNT_WITH3_SPEC_REQ_BUFF_DEEP8_ADDR_BLOCK_SIZE64_ADDR_BP_TYPE1_AUSER_WITH1_EARLY_RSP_MODE1_DLY0_0', port 'rspo2erd_user[5]' is not connected to any nets. (LINT-28)
Warning: In design 'rsp_order_URGE_WITH7_SUBR_WITH8_IID_WITH10_TID_WITH10_ADDR_WITH32_AXID_WITH4_ORDKEY_WITH8_LEN_WITH8_USER_WITH10_RSP_IID_OFFSET7_RSP_TID_OFFSET17_RSP_ORDKEY_OFFSET27_RSP_OPC_OFFSET35_RSP_STATUS_OFFSET37_RSP_ADDR_OFFSET39_RSP_USER_OFFSET71_RSP_ERRC_OFFSET81_NBYTEPERWORD8_TAG_CNT_WITH3_SPEC_REQ_BUFF_DEEP8_ADDR_BLOCK_SIZE64_ADDR_BP_TYPE1_AUSER_WITH1_EARLY_RSP_MODE1_DLY0_0', port 'rspo2erd_user[4]' is not connected to any nets. (LINT-28)
Warning: In design 'rsp_order_URGE_WITH7_SUBR_WITH8_IID_WITH10_TID_WITH10_ADDR_WITH32_AXID_WITH4_ORDKEY_WITH8_LEN_WITH8_USER_WITH10_RSP_IID_OFFSET7_RSP_TID_OFFSET17_RSP_ORDKEY_OFFSET27_RSP_OPC_OFFSET35_RSP_STATUS_OFFSET37_RSP_ADDR_OFFSET39_RSP_USER_OFFSET71_RSP_ERRC_OFFSET81_NBYTEPERWORD8_TAG_CNT_WITH3_SPEC_REQ_BUFF_DEEP8_ADDR_BLOCK_SIZE64_ADDR_BP_TYPE1_AUSER_WITH1_EARLY_RSP_MODE1_DLY0_0', port 'rspo2erd_user[3]' is not connected to any nets. (LINT-28)
Warning: In design 'rsp_order_URGE_WITH7_SUBR_WITH8_IID_WITH10_TID_WITH10_ADDR_WITH32_AXID_WITH4_ORDKEY_WITH8_LEN_WITH8_USER_WITH10_RSP_IID_OFFSET7_RSP_TID_OFFSET17_RSP_ORDKEY_OFFSET27_RSP_OPC_OFFSET35_RSP_STATUS_OFFSET37_RSP_ADDR_OFFSET39_RSP_USER_OFFSET71_RSP_ERRC_OFFSET81_NBYTEPERWORD8_TAG_CNT_WITH3_SPEC_REQ_BUFF_DEEP8_ADDR_BLOCK_SIZE64_ADDR_BP_TYPE1_AUSER_WITH1_EARLY_RSP_MODE1_DLY0_0', port 'rspo2erd_user[2]' is not connected to any nets. (LINT-28)
Warning: In design 'rsp_order_URGE_WITH7_SUBR_WITH8_IID_WITH10_TID_WITH10_ADDR_WITH32_AXID_WITH4_ORDKEY_WITH8_LEN_WITH8_USER_WITH10_RSP_IID_OFFSET7_RSP_TID_OFFSET17_RSP_ORDKEY_OFFSET27_RSP_OPC_OFFSET35_RSP_STATUS_OFFSET37_RSP_ADDR_OFFSET39_RSP_USER_OFFSET71_RSP_ERRC_OFFSET81_NBYTEPERWORD8_TAG_CNT_WITH3_SPEC_REQ_BUFF_DEEP8_ADDR_BLOCK_SIZE64_ADDR_BP_TYPE1_AUSER_WITH1_EARLY_RSP_MODE1_DLY0_0', port 'rspo2erd_user[1]' is not connected to any nets. (LINT-28)
Warning: In design 'addr_border_cout_ADDR_WITH32_LEN_WITH8_NBYTEPERWORD8_ADDR_BLOCK_SIZE1_COUNT_MODE1_0', port 'addr_begin[31]' is not connected to any nets. (LINT-28)
Warning: In design 'addr_border_cout_ADDR_WITH32_LEN_WITH8_NBYTEPERWORD8_ADDR_BLOCK_SIZE1_COUNT_MODE1_0', port 'addr_begin[30]' is not connected to any nets. (LINT-28)
Warning: In design 'addr_border_cout_ADDR_WITH32_LEN_WITH8_NBYTEPERWORD8_ADDR_BLOCK_SIZE1_COUNT_MODE1_0', port 'addr_begin[29]' is not connected to any nets. (LINT-28)
Warning: In design 'addr_border_cout_ADDR_WITH32_LEN_WITH8_NBYTEPERWORD8_ADDR_BLOCK_SIZE1_COUNT_MODE1_0', port 'addr_begin[28]' is not connected to any nets. (LINT-28)
Warning: In design 'addr_border_cout_ADDR_WITH32_LEN_WITH8_NBYTEPERWORD8_ADDR_BLOCK_SIZE1_COUNT_MODE1_0', port 'addr_begin[27]' is not connected to any nets. (LINT-28)
Warning: In design 'addr_border_cout_ADDR_WITH32_LEN_WITH8_NBYTEPERWORD8_ADDR_BLOCK_SIZE1_COUNT_MODE1_0', port 'addr_begin[26]' is not connected to any nets. (LINT-28)
Warning: In design 'addr_border_cout_ADDR_WITH32_LEN_WITH8_NBYTEPERWORD8_ADDR_BLOCK_SIZE1_COUNT_MODE1_0', port 'addr_begin[25]' is not connected to any nets. (LINT-28)
Warning: In design 'addr_border_cout_ADDR_WITH32_LEN_WITH8_NBYTEPERWORD8_ADDR_BLOCK_SIZE1_COUNT_MODE1_0', port 'addr_begin[24]' is not connected to any nets. (LINT-28)
Warning: In design 'addr_border_cout_ADDR_WITH32_LEN_WITH8_NBYTEPERWORD8_ADDR_BLOCK_SIZE1_COUNT_MODE1_0', port 'addr_begin[23]' is not connected to any nets. (LINT-28)
Warning: In design 'addr_border_cout_ADDR_WITH32_LEN_WITH8_NBYTEPERWORD8_ADDR_BLOCK_SIZE1_COUNT_MODE1_0', port 'addr_begin[22]' is not connected to any nets. (LINT-28)
Warning: In design 'addr_border_cout_ADDR_WITH32_LEN_WITH8_NBYTEPERWORD8_ADDR_BLOCK_SIZE1_COUNT_MODE1_0', port 'addr_begin[21]' is not connected to any nets. (LINT-28)
Warning: In design 'addr_border_cout_ADDR_WITH32_LEN_WITH8_NBYTEPERWORD8_ADDR_BLOCK_SIZE1_COUNT_MODE1_0', port 'addr_begin[20]' is not connected to any nets. (LINT-28)
Warning: In design 'addr_border_cout_ADDR_WITH32_LEN_WITH8_NBYTEPERWORD8_ADDR_BLOCK_SIZE1_COUNT_MODE1_0', port 'addr_begin[19]' is not connected to any nets. (LINT-28)
Warning: In design 'addr_border_cout_ADDR_WITH32_LEN_WITH8_NBYTEPERWORD8_ADDR_BLOCK_SIZE1_COUNT_MODE1_0', port 'addr_begin[18]' is not connected to any nets. (LINT-28)
Warning: In design 'addr_border_cout_ADDR_WITH32_LEN_WITH8_NBYTEPERWORD8_ADDR_BLOCK_SIZE1_COUNT_MODE1_0', port 'addr_begin[17]' is not connected to any nets. (LINT-28)
Warning: In design 'addr_border_cout_ADDR_WITH32_LEN_WITH8_NBYTEPERWORD8_ADDR_BLOCK_SIZE1_COUNT_MODE1_0', port 'addr_begin[16]' is not connected to any nets. (LINT-28)
Warning: In design 'addr_border_cout_ADDR_WITH32_LEN_WITH8_NBYTEPERWORD8_ADDR_BLOCK_SIZE1_COUNT_MODE1_0', port 'addr_begin[15]' is not connected to any nets. (LINT-28)
Warning: In design 'addr_border_cout_ADDR_WITH32_LEN_WITH8_NBYTEPERWORD8_ADDR_BLOCK_SIZE1_COUNT_MODE1_0', port 'addr_begin[14]' is not connected to any nets. (LINT-28)
Warning: In design 'addr_border_cout_ADDR_WITH32_LEN_WITH8_NBYTEPERWORD8_ADDR_BLOCK_SIZE1_COUNT_MODE1_0', port 'addr_begin[13]' is not connected to any nets. (LINT-28)
Warning: In design 'addr_border_cout_ADDR_WITH32_LEN_WITH8_NBYTEPERWORD8_ADDR_BLOCK_SIZE1_COUNT_MODE1_0', port 'addr_begin[12]' is not connected to any nets. (LINT-28)
Warning: In design 'addr_border_cout_ADDR_WITH32_LEN_WITH8_NBYTEPERWORD8_ADDR_BLOCK_SIZE1_COUNT_MODE1_0', port 'addr_begin[11]' is not connected to any nets. (LINT-28)
Warning: In design 'addr_border_cout_ADDR_WITH32_LEN_WITH8_NBYTEPERWORD8_ADDR_BLOCK_SIZE1_COUNT_MODE1_0', port 'addr_begin[10]' is not connected to any nets. (LINT-28)
Warning: In design 'addr_border_cout_ADDR_WITH32_LEN_WITH8_NBYTEPERWORD8_ADDR_BLOCK_SIZE1_COUNT_MODE1_0', port 'addr_begin[9]' is not connected to any nets. (LINT-28)
Warning: In design 'addr_border_cout_ADDR_WITH32_LEN_WITH8_NBYTEPERWORD8_ADDR_BLOCK_SIZE1_COUNT_MODE1_0', port 'addr_begin[8]' is not connected to any nets. (LINT-28)
Warning: In design 'sync_fifo_DATA_WIDTH6_DATA_DEPTH8_DLY0_0', port 'full' is not connected to any nets. (LINT-28)
Warning: In design 'axi_tniu', a pin on submodule 'genblk1.U_WRAP_ALIGN' is connected to logic 1 or logic 0. (LINT-32)
   Pin 'rknp_xx2wa_data[102]' is connected to logic 0. 
Warning: In design 'axi_tniu', a pin on submodule 'U_REQ_ORDER' is connected to logic 1 or logic 0. (LINT-32)
   Pin 'rknp_xx2reqo_data[102]' is connected to logic 0. 
Warning: In design 'axi_tniu', a pin on submodule 'U_ADDR_MAP' is connected to logic 1 or logic 0. (LINT-32)
   Pin 'rspo2am_subr[7]' is connected to logic 0. 
Warning: In design 'axi_tniu', a pin on submodule 'U_ADDR_MAP' is connected to logic 1 or logic 0. (LINT-32)
   Pin 'rspo2am_subr[6]' is connected to logic 0. 
Warning: In design 'axi_tniu', a pin on submodule 'U_ADDR_MAP' is connected to logic 1 or logic 0. (LINT-32)
   Pin 'rspo2am_subr[5]' is connected to logic 0. 
Warning: In design 'axi_tniu', a pin on submodule 'U_ADDR_MAP' is connected to logic 1 or logic 0. (LINT-32)
   Pin 'rspo2am_subr[4]' is connected to logic 0. 
Warning: In design 'axi_tniu', a pin on submodule 'U_ADDR_MAP' is connected to logic 1 or logic 0. (LINT-32)
   Pin 'rspo2am_subr[3]' is connected to logic 0. 
Warning: In design 'axi_tniu', a pin on submodule 'U_ADDR_MAP' is connected to logic 1 or logic 0. (LINT-32)
   Pin 'rspo2am_user[9]' is connected to logic 0. 
Warning: In design 'axi_tniu', a pin on submodule 'U_ADDR_MAP' is connected to logic 1 or logic 0. (LINT-32)
   Pin 'rspo2am_data[0]' is connected to logic 0. 
Warning: In design 'axi_tniu', a pin on submodule 'U_RREQ_TRANS' is connected to logic 1 or logic 0. (LINT-32)
   Pin 'resetn' is connected to logic 0. 
Warning: In design 'axi_tniu', a pin on submodule 'U_RREQ_TRANS' is connected to logic 1 or logic 0. (LINT-32)
   Pin 'am2rreqt_tail' is connected to logic 0. 
Warning: In design 'axi_tniu', a pin on submodule 'U_RREQ_TRANS' is connected to logic 1 or logic 0. (LINT-32)
   Pin 'am2rreqt_araddr[39]' is connected to logic 0. 
Warning: In design 'axi_tniu', a pin on submodule 'U_RREQ_TRANS' is connected to logic 1 or logic 0. (LINT-32)
   Pin 'am2rreqt_araddr[34]' is connected to logic 0. 
Warning: In design 'axi_tniu', a pin on submodule 'U_RREQ_TRANS' is connected to logic 1 or logic 0. (LINT-32)
   Pin 'am2rreqt_araddr[33]' is connected to logic 0. 
Warning: In design 'axi_tniu', a pin on submodule 'U_RREQ_TRANS' is connected to logic 1 or logic 0. (LINT-32)
   Pin 'am2rreqt_araddr[32]' is connected to logic 0. 
Warning: In design 'axi_tniu', a pin on submodule 'U_RREQ_TRANS' is connected to logic 1 or logic 0. (LINT-32)
   Pin 'am2rreqt_arlen[7]' is connected to logic 0. 
Warning: In design 'axi_tniu', a pin on submodule 'U_RREQ_TRANS' is connected to logic 1 or logic 0. (LINT-32)
   Pin 'am2rreqt_arlen[6]' is connected to logic 0. 
Warning: In design 'axi_tniu', a pin on submodule 'U_RREQ_TRANS' is connected to logic 1 or logic 0. (LINT-32)
   Pin 'am2rreqt_user[9]' is connected to logic 0. 
Warning: In design 'axi_tniu', a pin on submodule 'U_WREQ_TRANS' is connected to logic 1 or logic 0. (LINT-32)
   Pin 'am2wreqt_awaddr[39]' is connected to logic 0. 
Warning: In design 'axi_tniu', a pin on submodule 'U_WREQ_TRANS' is connected to logic 1 or logic 0. (LINT-32)
   Pin 'am2wreqt_awaddr[34]' is connected to logic 0. 
Warning: In design 'axi_tniu', a pin on submodule 'U_WREQ_TRANS' is connected to logic 1 or logic 0. (LINT-32)
   Pin 'am2wreqt_awaddr[33]' is connected to logic 0. 
Warning: In design 'axi_tniu', a pin on submodule 'U_WREQ_TRANS' is connected to logic 1 or logic 0. (LINT-32)
   Pin 'am2wreqt_awaddr[32]' is connected to logic 0. 
Warning: In design 'axi_tniu', a pin on submodule 'U_WREQ_TRANS' is connected to logic 1 or logic 0. (LINT-32)
   Pin 'am2wreqt_awlen[7]' is connected to logic 0. 
Warning: In design 'axi_tniu', a pin on submodule 'U_WREQ_TRANS' is connected to logic 1 or logic 0. (LINT-32)
   Pin 'am2wreqt_awlen[6]' is connected to logic 0. 
Warning: In design 'axi_tniu', a pin on submodule 'U_WREQ_TRANS' is connected to logic 1 or logic 0. (LINT-32)
   Pin 'am2wreqt_user[9]' is connected to logic 0. 
Warning: In design 'axi_tniu', a pin on submodule 'U_WREQ_TRANS' is connected to logic 1 or logic 0. (LINT-32)
   Pin 'am2wreqt_data[0]' is connected to logic 0. 
Warning: In design 'axi_tniu', a pin on submodule 'U_WATCHDOG' is connected to logic 1 or logic 0. (LINT-32)
   Pin 'reqo2wd_timout_table[3]' is connected to logic 0. 
Warning: In design 'axi_tniu', a pin on submodule 'U_WATCHDOG' is connected to logic 1 or logic 0. (LINT-32)
   Pin 'reqo2wd_timout_table[2]' is connected to logic 0. 
Warning: In design 'axi_tniu', a pin on submodule 'U_WATCHDOG' is connected to logic 1 or logic 0. (LINT-32)
   Pin 'reqo2wd_timout_table[1]' is connected to logic 0. 
Warning: In design 'axi_tniu', a pin on submodule 'U_WATCHDOG' is connected to logic 1 or logic 0. (LINT-32)
   Pin 'reqo2wd_timout_table[0]' is connected to logic 0. 
Warning: In design 'axi_tniu', a pin on submodule 'U_WATCHDOG' is connected to logic 1 or logic 0. (LINT-32)
   Pin 'rspo2wd_opc[1]' is connected to logic 0. 
Warning: In design 'axi_tniu', a pin on submodule 'genblk2.U_RSP_TRANS' is connected to logic 1 or logic 0. (LINT-32)
   Pin 'axi_m_rresp[0]' is connected to logic 0. 
Warning: In design 'axi_tniu', a pin on submodule 'genblk2.U_RSP_TRANS' is connected to logic 1 or logic 0. (LINT-32)
   Pin 'axi_m_bresp[0]' is connected to logic 0. 
Warning: In design 'axi_tniu', a pin on submodule 'genblk2.U_ELY_RSP_DETECT' is connected to logic 1 or logic 0. (LINT-32)
   Pin 'rspo2erd_opc[1]' is connected to logic 0. 
Warning: In design 'axi_tniu', a pin on submodule 'genblk2.U_ELY_RSP_DETECT' is connected to logic 1 or logic 0. (LINT-32)
   Pin 'rspo2erd_opc[0]' is connected to logic 0. 
Warning: In design 'axi_tniu', a pin on submodule 'genblk2.U_ELY_RSP_DETECT' is connected to logic 1 or logic 0. (LINT-32)
   Pin 'rspo2erd_user[9]' is connected to logic 0. 
Warning: In design 'axi_tniu', a pin on submodule 'genblk2.U_ELY_RSP_DETECT' is connected to logic 1 or logic 0. (LINT-32)
   Pin 'rspo2erd_user[8]' is connected to logic 0. 
Warning: In design 'axi_tniu', a pin on submodule 'genblk2.U_ELY_RSP_DETECT' is connected to logic 1 or logic 0. (LINT-32)
   Pin 'rspo2erd_user[7]' is connected to logic 0. 
Warning: In design 'axi_tniu', a pin on submodule 'genblk2.U_ELY_RSP_DETECT' is connected to logic 1 or logic 0. (LINT-32)
   Pin 'rspo2erd_user[6]' is connected to logic 0. 
Warning: In design 'axi_tniu', a pin on submodule 'genblk2.U_ELY_RSP_DETECT' is connected to logic 1 or logic 0. (LINT-32)
   Pin 'rspo2erd_user[5]' is connected to logic 0. 
Warning: In design 'axi_tniu', a pin on submodule 'genblk2.U_ELY_RSP_DETECT' is connected to logic 1 or logic 0. (LINT-32)
   Pin 'rspo2erd_user[4]' is connected to logic 0. 
Warning: In design 'axi_tniu', a pin on submodule 'genblk2.U_ELY_RSP_DETECT' is connected to logic 1 or logic 0. (LINT-32)
   Pin 'rspo2erd_user[3]' is connected to logic 0. 
Warning: In design 'axi_tniu', a pin on submodule 'genblk2.U_ELY_RSP_DETECT' is connected to logic 1 or logic 0. (LINT-32)
   Pin 'rspo2erd_user[2]' is connected to logic 0. 
Warning: In design 'axi_tniu', a pin on submodule 'genblk2.U_ELY_RSP_DETECT' is connected to logic 1 or logic 0. (LINT-32)
   Pin 'rspo2erd_user[1]' is connected to logic 0. 
Warning: In design 'axi_tniu', a pin on submodule 'genblk2.U_ELY_RSP_DETECT' is connected to logic 1 or logic 0. (LINT-32)
   Pin 'rspt2erd_opc[1]' is connected to logic 0. 
Warning: In design 'axi_tniu', a pin on submodule 'genblk2.U_ELY_RSP_DETECT' is connected to logic 1 or logic 0. (LINT-32)
   Pin 'rspt2erd_errcode[2]' is connected to logic 0. 
Warning: In design 'axi_tniu', a pin on submodule 'genblk2.U_ELY_RSP_DETECT' is connected to logic 1 or logic 0. (LINT-32)
   Pin 'rspt2erd_errcode[1]' is connected to logic 0. 
Warning: In design 'axi_tniu', a pin on submodule 'genblk2.U_ELY_RSP_DETECT' is connected to logic 1 or logic 0. (LINT-32)
   Pin 'rspt2erd_errcode[0]' is connected to logic 0. 
Warning: In design 'axi_tniu', a pin on submodule 'genblk2.U_ELY_RSP_DETECT' is connected to logic 1 or logic 0. (LINT-32)
   Pin 'rspt2erd_status[1]' is connected to logic 0. 
Warning: In design 'axi_tniu', a pin on submodule 'genblk2.U_ELY_RSP_DETECT' is connected to logic 1 or logic 0. (LINT-32)
   Pin 'rspt2erd_data[64]' is connected to logic 0. 
Warning: In design 'axi_tniu', a pin on submodule 'genblk2.U_ELY_RSP_DETECT' is connected to logic 1 or logic 0. (LINT-32)
   Pin 'rspt2erd_data[55]' is connected to logic 0. 
Warning: In design 'axi_tniu', a pin on submodule 'genblk2.U_ELY_RSP_DETECT' is connected to logic 1 or logic 0. (LINT-32)
   Pin 'rspt2erd_data[46]' is connected to logic 0. 
Warning: In design 'axi_tniu', a pin on submodule 'genblk2.U_ELY_RSP_DETECT' is connected to logic 1 or logic 0. (LINT-32)
   Pin 'rspt2erd_data[37]' is connected to logic 0. 
Warning: In design 'axi_tniu', a pin on submodule 'genblk2.U_ELY_RSP_DETECT' is connected to logic 1 or logic 0. (LINT-32)
   Pin 'rspt2erd_data[28]' is connected to logic 0. 
Warning: In design 'axi_tniu', a pin on submodule 'genblk2.U_ELY_RSP_DETECT' is connected to logic 1 or logic 0. (LINT-32)
   Pin 'rspt2erd_data[19]' is connected to logic 0. 
Warning: In design 'axi_tniu', a pin on submodule 'genblk2.U_ELY_RSP_DETECT' is connected to logic 1 or logic 0. (LINT-32)
   Pin 'rspt2erd_data[10]' is connected to logic 0. 
Warning: In design 'axi_tniu', a pin on submodule 'genblk2.U_ELY_RSP_DETECT' is connected to logic 1 or logic 0. (LINT-32)
   Pin 'rspt2erd_data[1]' is connected to logic 0. 
Warning: In design 'axi_tniu', a pin on submodule 'genblk2.U_ELY_RSP_DETECT' is connected to logic 1 or logic 0. (LINT-32)
   Pin 'rspt2erd_data[0]' is connected to logic 0. 
Warning: In design 'axi_tniu', a pin on submodule 'genblk2.U_RSP_ORDER' is connected to logic 1 or logic 0. (LINT-32)
   Pin 'reqo2rspo_subr[7]' is connected to logic 0. 
Warning: In design 'axi_tniu', a pin on submodule 'genblk2.U_RSP_ORDER' is connected to logic 1 or logic 0. (LINT-32)
   Pin 'reqo2rspo_subr[6]' is connected to logic 0. 
Warning: In design 'axi_tniu', a pin on submodule 'genblk2.U_RSP_ORDER' is connected to logic 1 or logic 0. (LINT-32)
   Pin 'reqo2rspo_subr[5]' is connected to logic 0. 
Warning: In design 'axi_tniu', a pin on submodule 'genblk2.U_RSP_ORDER' is connected to logic 1 or logic 0. (LINT-32)
   Pin 'reqo2rspo_subr[4]' is connected to logic 0. 
Warning: In design 'axi_tniu', a pin on submodule 'genblk2.U_RSP_ORDER' is connected to logic 1 or logic 0. (LINT-32)
   Pin 'reqo2rspo_subr[3]' is connected to logic 0. 
Warning: In design 'axi_tniu', a pin on submodule 'genblk2.U_RSP_ORDER' is connected to logic 1 or logic 0. (LINT-32)
   Pin 'reqo2rspo_user[9]' is connected to logic 0. 
Warning: In design 'axi_tniu', a pin on submodule 'genblk2.U_RSP_ORDER' is connected to logic 1 or logic 0. (LINT-32)
   Pin 'reqo2rspo_data[0]' is connected to logic 0. 
Warning: In design 'axi_tniu', a pin on submodule 'genblk2.U_RSP_ORDER' is connected to logic 1 or logic 0. (LINT-32)
   Pin 'rspt2rspo_opc[1]' is connected to logic 0. 
Warning: In design 'axi_tniu', a pin on submodule 'genblk2.U_RSP_ORDER' is connected to logic 1 or logic 0. (LINT-32)
   Pin 'rspt2rspo_errcode[2]' is connected to logic 0. 
Warning: In design 'axi_tniu', a pin on submodule 'genblk2.U_RSP_ORDER' is connected to logic 1 or logic 0. (LINT-32)
   Pin 'rspt2rspo_errcode[1]' is connected to logic 0. 
Warning: In design 'axi_tniu', a pin on submodule 'genblk2.U_RSP_ORDER' is connected to logic 1 or logic 0. (LINT-32)
   Pin 'rspt2rspo_errcode[0]' is connected to logic 0. 
Warning: In design 'axi_tniu', a pin on submodule 'genblk2.U_RSP_ORDER' is connected to logic 1 or logic 0. (LINT-32)
   Pin 'rspt2rspo_status[1]' is connected to logic 0. 
Warning: In design 'axi_tniu', a pin on submodule 'genblk2.U_RSP_ORDER' is connected to logic 1 or logic 0. (LINT-32)
   Pin 'rspt2rspo_data[64]' is connected to logic 0. 
Warning: In design 'axi_tniu', a pin on submodule 'genblk2.U_RSP_ORDER' is connected to logic 1 or logic 0. (LINT-32)
   Pin 'rspt2rspo_data[55]' is connected to logic 0. 
Warning: In design 'axi_tniu', a pin on submodule 'genblk2.U_RSP_ORDER' is connected to logic 1 or logic 0. (LINT-32)
   Pin 'rspt2rspo_data[46]' is connected to logic 0. 
Warning: In design 'axi_tniu', a pin on submodule 'genblk2.U_RSP_ORDER' is connected to logic 1 or logic 0. (LINT-32)
   Pin 'rspt2rspo_data[37]' is connected to logic 0. 
Warning: In design 'axi_tniu', a pin on submodule 'genblk2.U_RSP_ORDER' is connected to logic 1 or logic 0. (LINT-32)
   Pin 'rspt2rspo_data[28]' is connected to logic 0. 
Warning: In design 'axi_tniu', a pin on submodule 'genblk2.U_RSP_ORDER' is connected to logic 1 or logic 0. (LINT-32)
   Pin 'rspt2rspo_data[19]' is connected to logic 0. 
Warning: In design 'axi_tniu', a pin on submodule 'genblk2.U_RSP_ORDER' is connected to logic 1 or logic 0. (LINT-32)
   Pin 'rspt2rspo_data[10]' is connected to logic 0. 
Warning: In design 'axi_tniu', a pin on submodule 'genblk2.U_RSP_ORDER' is connected to logic 1 or logic 0. (LINT-32)
   Pin 'rspt2rspo_data[1]' is connected to logic 0. 
Warning: In design 'axi_tniu', a pin on submodule 'genblk2.U_RSP_ORDER' is connected to logic 1 or logic 0. (LINT-32)
   Pin 'rspt2rspo_data[0]' is connected to logic 0. 
1
