 
****************************************
Report : net fanout
        -threshold 16
Design : axi_tniu
Version: O-2018.06-SP1
Date   : Fri Aug 21 16:51:20 2026
****************************************


Operating Conditions: typical   Library: typical
Wire Load Model Mode: top


Attributes:
   dr - drc disabled
    c - annotated capacitance
    d - dont_touch
    i - ideal_net
    I - ideal_network
    p - includes pin load
    r - annotated resistance
    h - high fanout

Net                 Fanout   Attributes   Capacitance   Driver
--------------------------------------------------------------------------------
aclk                  2957   dr, d, h      1001.00      aclk
1
