 
****************************************
Report : power
        -analysis_effort low
Design : axi_tniu
Version: O-2018.06-SP1
Date   : Fri Aug 21 19:46:49 2026
****************************************


Library(s) Used:

    typical (File: /home/ic_libs/TSMC.90/aci/sc-x/libspm/typical.db)


Operating Conditions: typical   Library: typical
Wire Load Model Mode: top


Global Operating Voltage = 1    
Power-specific unit information :
    Voltage Units = 1V
    Capacitance Units = 1.000000pf
    Time Units = 1ns
    Dynamic Power Units = 1mW    (derived from V,C,T units)
    Leakage Power Units = 1pW


  Cell Internal Power  =   3.8669 mW   (92%)
  Net Switching Power  = 319.6816 uW    (8%)
                         ---------
Total Dynamic Power    =   4.1866 mW  (100%)

Cell Leakage Power     = 112.5981 uW


                 Internal         Switching           Leakage            Total
Power Group      Power            Power               Power              Power   (   %    )  Attrs
--------------------------------------------------------------------------------------------------
io_pad             0.0000            0.0000            0.0000            0.0000  (   0.00%)
memory             0.0000            0.0000            0.0000            0.0000  (   0.00%)
black_box          0.0000            0.0000            0.0000            0.0000  (   0.00%)
clock_network      0.0000            0.0000            0.0000            0.0000  (   0.00%)
register           3.6641        8.7566e-03        4.5629e+07            3.7185  (  86.49%)
sequential     2.5019e-02        7.8512e-03        2.2722e+06        3.5143e-02  (   0.82%)
combinational      0.1778            0.3031        6.4697e+07            0.5456  (  12.69%)
--------------------------------------------------------------------------------------------------
Total              3.8669 mW         0.3197 mW     1.1260e+08 pW         4.2992 mW
1
