Warning: The clock '_sel29' associated with the port 'rknp_rxreq_head' does not exist or has no period. (PWR-412)
Warning: The clock '_sel29' associated with the port 'rknp_rxreq_tail' does not exist or has no period. (PWR-412)
Warning: The clock '_sel29' associated with the port 'rknp_rxreq_valid' does not exist or has no period. (PWR-412)
Warning: The clock '_sel29' associated with the port 'rknp_rxreq_data[174]' does not exist or has no period. (PWR-412)
Warning: The clock '_sel29' associated with the port 'rknp_rxreq_data[173]' does not exist or has no period. (PWR-412)
Warning: The clock '_sel29' associated with the port 'rknp_rxreq_data[172]' does not exist or has no period. (PWR-412)
Warning: The clock '_sel29' associated with the port 'rknp_rxreq_data[171]' does not exist or has no period. (PWR-412)
Warning: The clock '_sel29' associated with the port 'rknp_rxreq_data[170]' does not exist or has no period. (PWR-412)
Warning: The clock '_sel29' associated with the port 'rknp_rxreq_data[169]' does not exist or has no period. (PWR-412)
Warning: The clock '_sel29' associated with the port 'rknp_rxreq_data[168]' does not exist or has no period. (PWR-412)
Warning: The clock '_sel29' associated with the port 'rknp_rxreq_data[167]' does not exist or has no period. (PWR-412)
Warning: The clock '_sel29' associated with the port 'rknp_rxreq_data[166]' does not exist or has no period. (PWR-412)
Warning: The clock '_sel29' associated with the port 'rknp_rxreq_data[165]' does not exist or has no period. (PWR-412)
Warning: The clock '_sel29' associated with the port 'rknp_rxreq_data[164]' does not exist or has no period. (PWR-412)
Warning: The clock '_sel29' associated with the port 'rknp_rxreq_data[163]' does not exist or has no period. (PWR-412)
Warning: The clock '_sel29' associated with the port 'rknp_rxreq_data[162]' does not exist or has no period. (PWR-412)
Warning: The clock '_sel29' associated with the port 'rknp_rxreq_data[161]' does not exist or has no period. (PWR-412)
Warning: The clock '_sel29' associated with the port 'rknp_rxreq_data[160]' does not exist or has no period. (PWR-412)
Warning: The clock '_sel29' associated with the port 'rknp_rxreq_data[159]' does not exist or has no period. (PWR-412)
Warning: The clock '_sel29' associated with the port 'rknp_rxreq_data[158]' does not exist or has no period. (PWR-412)
Warning: The clock '_sel29' associated with the port 'rknp_rxreq_data[157]' does not exist or has no period. (PWR-412)
Warning: The clock '_sel29' associated with the port 'rknp_rxreq_data[156]' does not exist or has no period. (PWR-412)
Warning: The clock '_sel29' associated with the port 'rknp_rxreq_data[155]' does not exist or has no period. (PWR-412)
Warning: The clock '_sel29' associated with the port 'rknp_rxreq_data[154]' does not exist or has no period. (PWR-412)
Warning: The clock '_sel29' associated with the port 'rknp_rxreq_data[153]' does not exist or has no period. (PWR-412)
Warning: The clock '_sel29' associated with the port 'rknp_rxreq_data[152]' does not exist or has no period. (PWR-412)
Warning: The clock '_sel29' associated with the port 'rknp_rxreq_data[151]' does not exist or has no period. (PWR-412)
Warning: The clock '_sel29' associated with the port 'rknp_rxreq_data[150]' does not exist or has no period. (PWR-412)
Warning: The clock '_sel29' associated with the port 'rknp_rxreq_data[149]' does not exist or has no period. (PWR-412)
Warning: The clock '_sel29' associated with the port 'rknp_rxreq_data[148]' does not exist or has no period. (PWR-412)
Warning: The clock '_sel29' associated with the port 'rknp_rxreq_data[147]' does not exist or has no period. (PWR-412)
Warning: The clock '_sel29' associated with the port 'rknp_rxreq_data[146]' does not exist or has no period. (PWR-412)
Warning: The clock '_sel29' associated with the port 'rknp_rxreq_data[145]' does not exist or has no period. (PWR-412)
Warning: The clock '_sel29' associated with the port 'rknp_rxreq_data[144]' does not exist or has no period. (PWR-412)
Warning: The clock '_sel29' associated with the port 'rknp_rxreq_data[143]' does not exist or has no period. (PWR-412)
Warning: The clock '_sel29' associated with the port 'rknp_rxreq_data[142]' does not exist or has no period. (PWR-412)
Warning: The clock '_sel29' associated with the port 'rknp_rxreq_data[141]' does not exist or has no period. (PWR-412)
Warning: The clock '_sel29' associated with the port 'rknp_rxreq_data[140]' does not exist or has no period. (PWR-412)
Warning: The clock '_sel29' associated with the port 'rknp_rxreq_data[139]' does not exist or has no period. (PWR-412)
Warning: The clock '_sel29' associated with the port 'rknp_rxreq_data[138]' does not exist or has no period. (PWR-412)
Warning: The clock '_sel29' associated with the port 'rknp_rxreq_data[137]' does not exist or has no period. (PWR-412)
Warning: The clock '_sel29' associated with the port 'rknp_rxreq_data[136]' does not exist or has no period. (PWR-412)
Warning: The clock '_sel29' associated with the port 'rknp_rxreq_data[135]' does not exist or has no period. (PWR-412)
Warning: The clock '_sel29' associated with the port 'rknp_rxreq_data[134]' does not exist or has no period. (PWR-412)
Warning: The clock '_sel29' associated with the port 'rknp_rxreq_data[133]' does not exist or has no period. (PWR-412)
Warning: The clock '_sel29' associated with the port 'rknp_rxreq_data[132]' does not exist or has no period. (PWR-412)
Warning: The clock '_sel29' associated with the port 'rknp_rxreq_data[131]' does not exist or has no period. (PWR-412)
Warning: The clock '_sel29' associated with the port 'rknp_rxreq_data[130]' does not exist or has no period. (PWR-412)
Warning: The clock '_sel29' associated with the port 'rknp_rxreq_data[129]' does not exist or has no period. (PWR-412)
Warning: The clock '_sel29' associated with the port 'rknp_rxreq_data[128]' does not exist or has no period. (PWR-412)
Warning: The clock '_sel29' associated with the port 'rknp_rxreq_data[127]' does not exist or has no period. (PWR-412)
Warning: The clock '_sel29' associated with the port 'rknp_rxreq_data[126]' does not exist or has no period. (PWR-412)
Warning: The clock '_sel29' associated with the port 'rknp_rxreq_data[125]' does not exist or has no period. (PWR-412)
Warning: The clock '_sel29' associated with the port 'rknp_rxreq_data[124]' does not exist or has no period. (PWR-412)
Warning: The clock '_sel29' associated with the port 'rknp_rxreq_data[123]' does not exist or has no period. (PWR-412)
Warning: The clock '_sel29' associated with the port 'rknp_rxreq_data[122]' does not exist or has no period. (PWR-412)
Warning: The clock '_sel29' associated with the port 'rknp_rxreq_data[121]' does not exist or has no period. (PWR-412)
Warning: The clock '_sel29' associated with the port 'rknp_rxreq_data[120]' does not exist or has no period. (PWR-412)
Warning: The clock '_sel29' associated with the port 'rknp_rxreq_data[119]' does not exist or has no period. (PWR-412)
Warning: The clock '_sel29' associated with the port 'rknp_rxreq_data[118]' does not exist or has no period. (PWR-412)
Warning: The clock '_sel29' associated with the port 'rknp_rxreq_data[117]' does not exist or has no period. (PWR-412)
Warning: The clock '_sel29' associated with the port 'rknp_rxreq_data[116]' does not exist or has no period. (PWR-412)
Warning: The clock '_sel29' associated with the port 'rknp_rxreq_data[115]' does not exist or has no period. (PWR-412)
Warning: The clock '_sel29' associated with the port 'rknp_rxreq_data[114]' does not exist or has no period. (PWR-412)
Warning: The clock '_sel29' associated with the port 'rknp_rxreq_data[113]' does not exist or has no period. (PWR-412)
Warning: The clock '_sel29' associated with the port 'rknp_rxreq_data[112]' does not exist or has no period. (PWR-412)
Warning: The clock '_sel29' associated with the port 'rknp_rxreq_data[111]' does not exist or has no period. (PWR-412)
Warning: The clock '_sel29' associated with the port 'rknp_rxreq_data[110]' does not exist or has no period. (PWR-412)
Warning: The clock '_sel29' associated with the port 'rknp_rxreq_data[109]' does not exist or has no period. (PWR-412)
Warning: The clock '_sel29' associated with the port 'rknp_rxreq_data[108]' does not exist or has no period. (PWR-412)
Warning: The clock '_sel29' associated with the port 'rknp_rxreq_data[107]' does not exist or has no period. (PWR-412)
Warning: The clock '_sel29' associated with the port 'rknp_rxreq_data[106]' does not exist or has no period. (PWR-412)
Warning: The clock '_sel29' associated with the port 'rknp_rxreq_data[105]' does not exist or has no period. (PWR-412)
Warning: The clock '_sel29' associated with the port 'rknp_rxreq_data[104]' does not exist or has no period. (PWR-412)
Warning: The clock '_sel29' associated with the port 'rknp_rxreq_data[103]' does not exist or has no period. (PWR-412)
Warning: The clock '_sel29' associated with the port 'rknp_rxreq_data[101]' does not exist or has no period. (PWR-412)
Warning: The clock '_sel29' associated with the port 'rknp_rxreq_data[100]' does not exist or has no period. (PWR-412)
Warning: The clock '_sel29' associated with the port 'rknp_rxreq_data[99]' does not exist or has no period. (PWR-412)
Warning: The clock '_sel29' associated with the port 'rknp_rxreq_data[98]' does not exist or has no period. (PWR-412)
Warning: The clock '_sel29' associated with the port 'rknp_rxreq_data[97]' does not exist or has no period. (PWR-412)
Warning: The clock '_sel29' associated with the port 'rknp_rxreq_data[96]' does not exist or has no period. (PWR-412)
Warning: The clock '_sel29' associated with the port 'rknp_rxreq_data[95]' does not exist or has no period. (PWR-412)
Warning: The clock '_sel29' associated with the port 'rknp_rxreq_data[94]' does not exist or has no period. (PWR-412)
Warning: The clock '_sel29' associated with the port 'rknp_rxreq_data[93]' does not exist or has no period. (PWR-412)
Warning: The clock '_sel29' associated with the port 'rknp_rxreq_data[92]' does not exist or has no period. (PWR-412)
Warning: The clock '_sel29' associated with the port 'rknp_rxreq_data[91]' does not exist or has no period. (PWR-412)
Warning: The clock '_sel29' associated with the port 'rknp_rxreq_data[90]' does not exist or has no period. (PWR-412)
Warning: The clock '_sel29' associated with the port 'rknp_rxreq_data[89]' does not exist or has no period. (PWR-412)
Warning: The clock '_sel29' associated with the port 'rknp_rxreq_data[88]' does not exist or has no period. (PWR-412)
Warning: The clock '_sel29' associated with the port 'rknp_rxreq_data[87]' does not exist or has no period. (PWR-412)
Warning: The clock '_sel29' associated with the port 'rknp_rxreq_data[86]' does not exist or has no period. (PWR-412)
Warning: The clock '_sel29' associated with the port 'rknp_rxreq_data[85]' does not exist or has no period. (PWR-412)
Warning: The clock '_sel29' associated with the port 'rknp_rxreq_data[84]' does not exist or has no period. (PWR-412)
Warning: The clock '_sel29' associated with the port 'rknp_rxreq_data[83]' does not exist or has no period. (PWR-412)
Warning: The clock '_sel29' associated with the port 'rknp_rxreq_data[82]' does not exist or has no period. (PWR-412)
Warning: The clock '_sel29' associated with the port 'rknp_rxreq_data[81]' does not exist or has no period. (PWR-412)
Warning: The clock '_sel29' associated with the port 'rknp_rxreq_data[80]' does not exist or has no period. (PWR-412)
Warning: The clock '_sel29' associated with the port 'rknp_rxreq_data[79]' does not exist or has no period. (PWR-412)
Warning: The clock '_sel29' associated with the port 'rknp_rxreq_data[78]' does not exist or has no period. (PWR-412)
Warning: The clock '_sel29' associated with the port 'rknp_rxreq_data[77]' does not exist or has no period. (PWR-412)
Warning: The clock '_sel29' associated with the port 'rknp_rxreq_data[76]' does not exist or has no period. (PWR-412)
Warning: The clock '_sel29' associated with the port 'rknp_rxreq_data[75]' does not exist or has no period. (PWR-412)
Warning: The clock '_sel29' associated with the port 'rknp_rxreq_data[74]' does not exist or has no period. (PWR-412)
Warning: The clock '_sel29' associated with the port 'rknp_rxreq_data[73]' does not exist or has no period. (PWR-412)
Warning: The clock '_sel29' associated with the port 'rknp_rxreq_data[72]' does not exist or has no period. (PWR-412)
Warning: The clock '_sel29' associated with the port 'rknp_rxreq_data[71]' does not exist or has no period. (PWR-412)
Warning: The clock '_sel29' associated with the port 'rknp_rxreq_data[70]' does not exist or has no period. (PWR-412)
Warning: The clock '_sel29' associated with the port 'rknp_rxreq_data[69]' does not exist or has no period. (PWR-412)
Warning: The clock '_sel29' associated with the port 'rknp_rxreq_data[68]' does not exist or has no period. (PWR-412)
Warning: The clock '_sel29' associated with the port 'rknp_rxreq_data[67]' does not exist or has no period. (PWR-412)
Warning: The clock '_sel29' associated with the port 'rknp_rxreq_data[66]' does not exist or has no period. (PWR-412)
Warning: The clock '_sel29' associated with the port 'rknp_rxreq_data[65]' does not exist or has no period. (PWR-412)
Warning: The clock '_sel29' associated with the port 'rknp_rxreq_data[64]' does not exist or has no period. (PWR-412)
Warning: The clock '_sel29' associated with the port 'rknp_rxreq_data[63]' does not exist or has no period. (PWR-412)
Warning: The clock '_sel29' associated with the port 'rknp_rxreq_data[62]' does not exist or has no period. (PWR-412)
Warning: The clock '_sel29' associated with the port 'rknp_rxreq_data[61]' does not exist or has no period. (PWR-412)
Warning: The clock '_sel29' associated with the port 'rknp_rxreq_data[60]' does not exist or has no period. (PWR-412)
Warning: The clock '_sel29' associated with the port 'rknp_rxreq_data[59]' does not exist or has no period. (PWR-412)
Warning: The clock '_sel29' associated with the port 'rknp_rxreq_data[58]' does not exist or has no period. (PWR-412)
Warning: The clock '_sel29' associated with the port 'rknp_rxreq_data[57]' does not exist or has no period. (PWR-412)
Warning: The clock '_sel29' associated with the port 'rknp_rxreq_data[56]' does not exist or has no period. (PWR-412)
Warning: The clock '_sel29' associated with the port 'rknp_rxreq_data[55]' does not exist or has no period. (PWR-412)
Warning: The clock '_sel29' associated with the port 'rknp_rxreq_data[54]' does not exist or has no period. (PWR-412)
Warning: The clock '_sel29' associated with the port 'rknp_rxreq_data[53]' does not exist or has no period. (PWR-412)
Warning: The clock '_sel29' associated with the port 'rknp_rxreq_data[52]' does not exist or has no period. (PWR-412)
Warning: The clock '_sel29' associated with the port 'rknp_rxreq_data[51]' does not exist or has no period. (PWR-412)
Warning: The clock '_sel29' associated with the port 'rknp_rxreq_data[50]' does not exist or has no period. (PWR-412)
Warning: The clock '_sel29' associated with the port 'rknp_rxreq_data[49]' does not exist or has no period. (PWR-412)
Warning: The clock '_sel29' associated with the port 'rknp_rxreq_data[48]' does not exist or has no period. (PWR-412)
Warning: The clock '_sel29' associated with the port 'rknp_rxreq_data[47]' does not exist or has no period. (PWR-412)
Warning: The clock '_sel29' associated with the port 'rknp_rxreq_data[46]' does not exist or has no period. (PWR-412)
Warning: The clock '_sel29' associated with the port 'rknp_rxreq_data[45]' does not exist or has no period. (PWR-412)
Warning: The clock '_sel29' associated with the port 'rknp_rxreq_data[44]' does not exist or has no period. (PWR-412)
Warning: The clock '_sel29' associated with the port 'rknp_rxreq_data[43]' does not exist or has no period. (PWR-412)
Warning: The clock '_sel29' associated with the port 'rknp_rxreq_data[42]' does not exist or has no period. (PWR-412)
Warning: The clock '_sel29' associated with the port 'rknp_rxreq_data[41]' does not exist or has no period. (PWR-412)
Warning: The clock '_sel29' associated with the port 'rknp_rxreq_data[40]' does not exist or has no period. (PWR-412)
Warning: The clock '_sel29' associated with the port 'rknp_rxreq_data[39]' does not exist or has no period. (PWR-412)
Warning: The clock '_sel29' associated with the port 'rknp_rxreq_data[38]' does not exist or has no period. (PWR-412)
Warning: The clock '_sel29' associated with the port 'rknp_rxreq_data[37]' does not exist or has no period. (PWR-412)
Warning: The clock '_sel29' associated with the port 'rknp_rxreq_data[36]' does not exist or has no period. (PWR-412)
Warning: The clock '_sel29' associated with the port 'rknp_rxreq_data[35]' does not exist or has no period. (PWR-412)
Warning: The clock '_sel29' associated with the port 'rknp_rxreq_data[34]' does not exist or has no period. (PWR-412)
Warning: The clock '_sel29' associated with the port 'rknp_rxreq_data[33]' does not exist or has no period. (PWR-412)
Warning: The clock '_sel29' associated with the port 'rknp_rxreq_data[32]' does not exist or has no period. (PWR-412)
Warning: The clock '_sel29' associated with the port 'rknp_rxreq_data[31]' does not exist or has no period. (PWR-412)
Warning: The clock '_sel29' associated with the port 'rknp_rxreq_data[30]' does not exist or has no period. (PWR-412)
Warning: The clock '_sel29' associated with the port 'rknp_rxreq_data[29]' does not exist or has no period. (PWR-412)
Warning: The clock '_sel29' associated with the port 'rknp_rxreq_data[28]' does not exist or has no period. (PWR-412)
Warning: The clock '_sel29' associated with the port 'rknp_rxreq_data[27]' does not exist or has no period. (PWR-412)
Warning: The clock '_sel29' associated with the port 'rknp_rxreq_data[26]' does not exist or has no period. (PWR-412)
Warning: The clock '_sel29' associated with the port 'rknp_rxreq_data[25]' does not exist or has no period. (PWR-412)
Warning: The clock '_sel29' associated with the port 'rknp_rxreq_data[24]' does not exist or has no period. (PWR-412)
Warning: The clock '_sel29' associated with the port 'rknp_rxreq_data[23]' does not exist or has no period. (PWR-412)
Warning: The clock '_sel29' associated with the port 'rknp_rxreq_data[22]' does not exist or has no period. (PWR-412)
Warning: The clock '_sel29' associated with the port 'rknp_rxreq_data[21]' does not exist or has no period. (PWR-412)
Warning: The clock '_sel29' associated with the port 'rknp_rxreq_data[20]' does not exist or has no period. (PWR-412)
Warning: The clock '_sel29' associated with the port 'rknp_rxreq_data[19]' does not exist or has no period. (PWR-412)
Warning: The clock '_sel29' associated with the port 'rknp_rxreq_data[18]' does not exist or has no period. (PWR-412)
Warning: The clock '_sel29' associated with the port 'rknp_rxreq_data[17]' does not exist or has no period. (PWR-412)
Warning: The clock '_sel29' associated with the port 'rknp_rxreq_data[16]' does not exist or has no period. (PWR-412)
Warning: The clock '_sel29' associated with the port 'rknp_rxreq_data[15]' does not exist or has no period. (PWR-412)
Warning: The clock '_sel29' associated with the port 'rknp_rxreq_data[14]' does not exist or has no period. (PWR-412)
Warning: The clock '_sel29' associated with the port 'rknp_rxreq_data[13]' does not exist or has no period. (PWR-412)
Warning: The clock '_sel29' associated with the port 'rknp_rxreq_data[12]' does not exist or has no period. (PWR-412)
Warning: The clock '_sel29' associated with the port 'rknp_rxreq_data[11]' does not exist or has no period. (PWR-412)
Warning: The clock '_sel29' associated with the port 'rknp_rxreq_data[10]' does not exist or has no period. (PWR-412)
Warning: The clock '_sel29' associated with the port 'rknp_rxreq_data[9]' does not exist or has no period. (PWR-412)
Warning: The clock '_sel29' associated with the port 'rknp_rxreq_data[8]' does not exist or has no period. (PWR-412)
Warning: The clock '_sel29' associated with the port 'rknp_rxreq_data[7]' does not exist or has no period. (PWR-412)
Warning: The clock '_sel29' associated with the port 'rknp_rxreq_data[6]' does not exist or has no period. (PWR-412)
Warning: The clock '_sel29' associated with the port 'rknp_rxreq_data[5]' does not exist or has no period. (PWR-412)
Warning: The clock '_sel29' associated with the port 'rknp_rxreq_data[4]' does not exist or has no period. (PWR-412)
Warning: The clock '_sel29' associated with the port 'rknp_rxreq_data[3]' does not exist or has no period. (PWR-412)
Warning: The clock '_sel29' associated with the port 'rknp_rxreq_data[2]' does not exist or has no period. (PWR-412)
Warning: The clock '_sel29' associated with the port 'rknp_rxreq_data[1]' does not exist or has no period. (PWR-412)
Warning: The clock '_sel29' associated with the port 'rknp_rxreq_data[0]' does not exist or has no period. (PWR-412)
Warning: The clock '_sel29' associated with the port 'rknp_txrsp_ready' does not exist or has no period. (PWR-412)
Warning: The clock '_sel29' associated with the port 'axi_m_awready' does not exist or has no period. (PWR-412)
Warning: The clock '_sel29' associated with the port 'axi_m_wready' does not exist or has no period. (PWR-412)
Warning: The clock '_sel29' associated with the port 'axi_m_arready' does not exist or has no period. (PWR-412)
Warning: The clock '_sel29' associated with the port 'axi_m_rvalid' does not exist or has no period. (PWR-412)
Warning: The clock '_sel29' associated with the port 'axi_m_rid[3]' does not exist or has no period. (PWR-412)
Warning: The clock '_sel29' associated with the port 'axi_m_rid[2]' does not exist or has no period. (PWR-412)
Warning: The clock '_sel29' associated with the port 'axi_m_rid[1]' does not exist or has no period. (PWR-412)
Warning: The clock '_sel29' associated with the port 'axi_m_rid[0]' does not exist or has no period. (PWR-412)
Warning: The clock '_sel29' associated with the port 'axi_m_rdata[63]' does not exist or has no period. (PWR-412)
Warning: The clock '_sel29' associated with the port 'axi_m_rdata[62]' does not exist or has no period. (PWR-412)
Warning: The clock '_sel29' associated with the port 'axi_m_rdata[61]' does not exist or has no period. (PWR-412)
Warning: The clock '_sel29' associated with the port 'axi_m_rdata[60]' does not exist or has no period. (PWR-412)
Warning: The clock '_sel29' associated with the port 'axi_m_rdata[59]' does not exist or has no period. (PWR-412)
Warning: The clock '_sel29' associated with the port 'axi_m_rdata[58]' does not exist or has no period. (PWR-412)
Warning: The clock '_sel29' associated with the port 'axi_m_rdata[57]' does not exist or has no period. (PWR-412)
Warning: The clock '_sel29' associated with the port 'axi_m_rdata[56]' does not exist or has no period. (PWR-412)
Warning: The clock '_sel29' associated with the port 'axi_m_rdata[55]' does not exist or has no period. (PWR-412)
Warning: The clock '_sel29' associated with the port 'axi_m_rdata[54]' does not exist or has no period. (PWR-412)
Warning: The clock '_sel29' associated with the port 'axi_m_rdata[53]' does not exist or has no period. (PWR-412)
Warning: The clock '_sel29' associated with the port 'axi_m_rdata[52]' does not exist or has no period. (PWR-412)
Warning: The clock '_sel29' associated with the port 'axi_m_rdata[51]' does not exist or has no period. (PWR-412)
Warning: The clock '_sel29' associated with the port 'axi_m_rdata[50]' does not exist or has no period. (PWR-412)
Warning: The clock '_sel29' associated with the port 'axi_m_rdata[49]' does not exist or has no period. (PWR-412)
Warning: The clock '_sel29' associated with the port 'axi_m_rdata[48]' does not exist or has no period. (PWR-412)
Warning: The clock '_sel29' associated with the port 'axi_m_rdata[47]' does not exist or has no period. (PWR-412)
Warning: The clock '_sel29' associated with the port 'axi_m_rdata[46]' does not exist or has no period. (PWR-412)
Warning: The clock '_sel29' associated with the port 'axi_m_rdata[45]' does not exist or has no period. (PWR-412)
Warning: The clock '_sel29' associated with the port 'axi_m_rdata[44]' does not exist or has no period. (PWR-412)
Warning: The clock '_sel29' associated with the port 'axi_m_rdata[43]' does not exist or has no period. (PWR-412)
Warning: The clock '_sel29' associated with the port 'axi_m_rdata[42]' does not exist or has no period. (PWR-412)
Warning: The clock '_sel29' associated with the port 'axi_m_rdata[41]' does not exist or has no period. (PWR-412)
Warning: The clock '_sel29' associated with the port 'axi_m_rdata[40]' does not exist or has no period. (PWR-412)
Warning: The clock '_sel29' associated with the port 'axi_m_rdata[39]' does not exist or has no period. (PWR-412)
Warning: The clock '_sel29' associated with the port 'axi_m_rdata[38]' does not exist or has no period. (PWR-412)
Warning: The clock '_sel29' associated with the port 'axi_m_rdata[37]' does not exist or has no period. (PWR-412)
Warning: The clock '_sel29' associated with the port 'axi_m_rdata[36]' does not exist or has no period. (PWR-412)
Warning: The clock '_sel29' associated with the port 'axi_m_rdata[35]' does not exist or has no period. (PWR-412)
Warning: The clock '_sel29' associated with the port 'axi_m_rdata[34]' does not exist or has no period. (PWR-412)
Warning: The clock '_sel29' associated with the port 'axi_m_rdata[33]' does not exist or has no period. (PWR-412)
Warning: The clock '_sel29' associated with the port 'axi_m_rdata[32]' does not exist or has no period. (PWR-412)
Warning: The clock '_sel29' associated with the port 'axi_m_rdata[31]' does not exist or has no period. (PWR-412)
Warning: The clock '_sel29' associated with the port 'axi_m_rdata[30]' does not exist or has no period. (PWR-412)
Warning: The clock '_sel29' associated with the port 'axi_m_rdata[29]' does not exist or has no period. (PWR-412)
Warning: The clock '_sel29' associated with the port 'axi_m_rdata[28]' does not exist or has no period. (PWR-412)
Warning: The clock '_sel29' associated with the port 'axi_m_rdata[27]' does not exist or has no period. (PWR-412)
Warning: The clock '_sel29' associated with the port 'axi_m_rdata[26]' does not exist or has no period. (PWR-412)
Warning: The clock '_sel29' associated with the port 'axi_m_rdata[25]' does not exist or has no period. (PWR-412)
Warning: The clock '_sel29' associated with the port 'axi_m_rdata[24]' does not exist or has no period. (PWR-412)
Warning: The clock '_sel29' associated with the port 'axi_m_rdata[23]' does not exist or has no period. (PWR-412)
Warning: The clock '_sel29' associated with the port 'axi_m_rdata[22]' does not exist or has no period. (PWR-412)
Warning: The clock '_sel29' associated with the port 'axi_m_rdata[21]' does not exist or has no period. (PWR-412)
Warning: The clock '_sel29' associated with the port 'axi_m_rdata[20]' does not exist or has no period. (PWR-412)
Warning: The clock '_sel29' associated with the port 'axi_m_rdata[19]' does not exist or has no period. (PWR-412)
Warning: The clock '_sel29' associated with the port 'axi_m_rdata[18]' does not exist or has no period. (PWR-412)
Warning: The clock '_sel29' associated with the port 'axi_m_rdata[17]' does not exist or has no period. (PWR-412)
Warning: The clock '_sel29' associated with the port 'axi_m_rdata[16]' does not exist or has no period. (PWR-412)
Warning: The clock '_sel29' associated with the port 'axi_m_rdata[15]' does not exist or has no period. (PWR-412)
Warning: The clock '_sel29' associated with the port 'axi_m_rdata[14]' does not exist or has no period. (PWR-412)
Warning: The clock '_sel29' associated with the port 'axi_m_rdata[13]' does not exist or has no period. (PWR-412)
Warning: The clock '_sel29' associated with the port 'axi_m_rdata[12]' does not exist or has no period. (PWR-412)
Warning: The clock '_sel29' associated with the port 'axi_m_rdata[11]' does not exist or has no period. (PWR-412)
Warning: The clock '_sel29' associated with the port 'axi_m_rdata[10]' does not exist or has no period. (PWR-412)
Warning: The clock '_sel29' associated with the port 'axi_m_rdata[9]' does not exist or has no period. (PWR-412)
Warning: The clock '_sel29' associated with the port 'axi_m_rdata[8]' does not exist or has no period. (PWR-412)
Warning: The clock '_sel29' associated with the port 'axi_m_rdata[7]' does not exist or has no period. (PWR-412)
Warning: The clock '_sel29' associated with the port 'axi_m_rdata[6]' does not exist or has no period. (PWR-412)
Warning: The clock '_sel29' associated with the port 'axi_m_rdata[5]' does not exist or has no period. (PWR-412)
Warning: The clock '_sel29' associated with the port 'axi_m_rdata[4]' does not exist or has no period. (PWR-412)
Warning: The clock '_sel29' associated with the port 'axi_m_rdata[3]' does not exist or has no period. (PWR-412)
Warning: The clock '_sel29' associated with the port 'axi_m_rdata[2]' does not exist or has no period. (PWR-412)
Warning: The clock '_sel29' associated with the port 'axi_m_rdata[1]' does not exist or has no period. (PWR-412)
Warning: The clock '_sel29' associated with the port 'axi_m_rdata[0]' does not exist or has no period. (PWR-412)
Warning: The clock '_sel29' associated with the port 'axi_m_rresp[1]' does not exist or has no period. (PWR-412)
Warning: The clock '_sel29' associated with the port 'axi_m_ruser[0]' does not exist or has no period. (PWR-412)
Warning: The clock '_sel29' associated with the port 'axi_m_rlast' does not exist or has no period. (PWR-412)
Warning: The clock '_sel29' associated with the port 'axi_m_bvalid' does not exist or has no period. (PWR-412)
Warning: The clock '_sel29' associated with the port 'axi_m_bid[3]' does not exist or has no period. (PWR-412)
Warning: The clock '_sel29' associated with the port 'axi_m_bid[2]' does not exist or has no period. (PWR-412)
Warning: The clock '_sel29' associated with the port 'axi_m_bid[1]' does not exist or has no period. (PWR-412)
Warning: The clock '_sel29' associated with the port 'axi_m_bid[0]' does not exist or has no period. (PWR-412)
Warning: The clock '_sel29' associated with the port 'axi_m_bresp[1]' does not exist or has no period. (PWR-412)
Warning: The clock '_sel29' associated with the port 'axi_m_buser[0]' does not exist or has no period. (PWR-412)
Warning: The clock '_sel29' associated with the port 'axi_m_bresp[0]' does not exist or has no period. (PWR-412)
Warning: The clock '_sel29' associated with the port 'axi_m_rresp[0]' does not exist or has no period. (PWR-412)
Warning: The clock '_sel29' associated with the port 'rknp_rxreq_data[102]' does not exist or has no period. (PWR-412)
Information: Propagating switching activity (low effort zero delay simulation). (PWR-6)
Warning: Design has unannotated sequential cell outputs. (PWR-415)
 
****************************************
Report : power
        -hier
        -analysis_effort low
Design : axi_tniu
Version: O-2018.06-SP1
Date   : Fri Aug 21 16:51:20 2026
****************************************


Library(s) Used:

    typical (File: /home/ic_libs/TSMC.90/aci/sc-x/libspm/typical.db)


Operating Conditions: typical   Library: typical
Wire Load Model Mode: top


Global Operating Voltage = 1    
Power-specific unit information :
    Voltage Units = 1V
    Capacitance Units = 1.000000pf
    Time Units = 1ns
    Dynamic Power Units = 1mW    (derived from V,C,T units)
    Leakage Power Units = 1pW


--------------------------------------------------------------------------------
                                       Switch   Int      Leak     Total
Hierarchy                              Power    Power    Power    Power    %
--------------------------------------------------------------------------------
axi_tniu                                  0.710    4.189 1.14e+08    5.013 100.0
  genblk2.U_RSP_ORDER (rsp_order_URGE_WITH7_SUBR_WITH8_IID_WITH10_TID_WITH10_ADDR_WITH32_AXID_WITH4_ORDKEY_WITH8_LEN_WITH8_USER_WITH10_RSP_IID_OFFSET7_RSP_TID_OFFSET17_RSP_ORDKEY_OFFSET27_RSP_OPC_OFFSET35_RSP_STATUS_OFFSET37_RSP_ADDR_OFFSET39_RSP_USER_OFFSET71_RSP_ERRC_OFFSET81_NBYTEPERWORD8_TAG_CNT_WITH3_SPEC_REQ_BUFF_DEEP8_ADDR_BLOCK_SIZE64_ADDR_BP_TYPE1_AUSER_WITH1_EARLY_RSP_MODE1_DLY0_0)
                                       2.73e-02    0.376 1.50e+07    0.418   8.3
  genblk2.U_ELY_RSP_DETECT (ely_rsp_detect_URGE_WITH7_SUBR_WITH8_ADDR_WITH32_AXID_WITH4_LEN_WITH8_USER_WITH10_NBYTEPERWORD8_ELYRSP_TABLE_DEEP8_AUSER_WITH1_TAG_CNT_WITH3_DLY0_0)
                                       2.13e-03 9.21e-02 2.52e+06 9.67e-02   1.9
  genblk2.U_RSP_TRANS (rsp_trans_AXID_WITH4_USER_WITH10_NBYTEPERWORD8_AUSER_WITH1_DLY0_0)
                                       2.15e-02    0.222 4.39e+06    0.248   5.0
  U_WATCHDOG (watchdog_AXID_WITH4_TAG_CNT_WITH3_TIMOUT_VALUE10240_TIMOUT_TABLE_DEEP8_DLY0_0)
                                       1.02e-02    0.246 5.62e+06    0.262   5.2
    U_SYNC_FIFO_TIMOUT (sync_fifo_DATA_WIDTH6_DATA_DEPTH8_DLY0_0)
                                       1.19e-04 6.94e-02 1.43e+06 7.09e-02   1.4
  U_WREQ_TRANS (wreq_trans_URGE_WITH7_SUBR_WITH8_AXID_WITH4_LEN_WITH8_USER_WITH10_NBYTEPERWORD8_AADDR_WITH40_AUSER_WITH1_AQOS_WITH3_DLY0_0)
                                       1.46e-02 3.74e-03 7.48e+05 1.91e-02   0.4
  U_RREQ_TRANS (rreq_trans_URGE_WITH7_SUBR_WITH8_AXID_WITH4_LEN_WITH8_USER_WITH10_NBYTEPERWORD8_AADDR_WITH40_AUSER_WITH1_AQOS_WITH3_DLY0_0)
                                       5.10e-03 6.69e-04 3.21e+05 6.08e-03   0.1
  U_ADDR_MAP (addr_map_URGE_WITH7_SUBR_WITH8_ADDR_WITH32_AXID_WITH4_LEN_WITH8_USER_WITH10_NBYTEPERWORD8_AADDR_WITH40_AQOS_WITH3_0)
                                       1.13e-03 1.48e-03 8.20e+05 3.43e-03   0.1
  U_REQ_ORDER (req_order_REQ_FLIT_WITH175_URGE_WITH7_IID_WITH10_TID_WITH10_SUBR_WITH8_ADDR_WITH32_AXID_WITH4_ORDKEY_WITH8_LEN_WITH8_USER_WITH10_NBYTEPERWORD8_TAG_CNT_WITH3_REQ_IID_OFFSET7_REQ_TID_OFFSET17_REQ_SUBR_OFFSET27_REQ_ORDKEY_OFFSET35_REQ_OPC_OFFSET43_REQ_STATUS_OFFSET47_REQ_LEN_OFFSET49_REQ_ADDR_OFFSET57_REQ_USER_OFFSET89_REQ_ERRC_OFFSET99_REQ_HEAD_LEN_OFFSET102_HEAD_BUFF_DEEP8_ADDR_BLOCK_SIZE64_ADDR_BP_TYPE1_EARLY_RSP_MODE1_DLY0_0)
                                          0.179    2.236 5.11e+07    2.466  49.2
    genblk24.U_ADDR_BORDER_COUNT_REQ (addr_border_cout_ADDR_WITH32_LEN_WITH8_NBYTEPERWORD8_ADDR_BLOCK_SIZE64_COUNT_MODE0_0)
                                       3.01e-02 2.14e-02 7.60e+05 5.22e-02   1.0
    U_ADDR_BORDER_COUNT_RSP (addr_border_cout_ADDR_WITH32_LEN_WITH8_NBYTEPERWORD8_ADDR_BLOCK_SIZE1_COUNT_MODE1_0)
                                       8.08e-04 1.18e-03 6.68e+05 2.66e-03   0.1
  genblk1.U_WRAP_ADJUST (wrap_adjust_RSP_FLIT_WITH157_NBYTEPERWORD8_USER_WITH10_ADDR_WITH32_AXID_WITH4_RWRAP_CNT_MAX4_DLY0_0)
                                       7.44e-02    0.525 1.97e+07    0.619  12.3
  genblk1.U_WRAP_ALIGN (wrap_align_REQ_HEAD_LEN_OFFSET102_ADDR_WITH32_REQ_OPC_OFFSET43_REQ_STATUS_OFFSET47_REQ_LEN_OFFSET49_REQ_ADDR_OFFSET57_REQ_USER_OFFSET89_NBYTEPERWORD8_REQ_FLIT_WITH175_RWRAP_CNT_MAX4_DLY0_0)
                                          0.374    0.486 1.34e+07    0.874  17.4
1
