 
****************************************
Report : power
        -hier
        -analysis_effort low
Design : axi_tniu
Version: O-2018.06-SP1
Date   : Fri Aug 21 19:46:49 2026
****************************************


Library(s) Used:

    typical (File: /home/ic_libs/TSMC.90/aci/sc-x/libspm/typical.db)


Operating Conditions: typical   Library: typical
Wire Load Model Mode: top


Global Operating Voltage = 1    
Power-specific unit information :
    Voltage Units = 1V
    Capacitance Units = 1.000000pf
    Time Units = 1ns
    Dynamic Power Units = 1mW    (derived from V,C,T units)
    Leakage Power Units = 1pW


--------------------------------------------------------------------------------
                                       Switch   Int      Leak     Total
Hierarchy                              Power    Power    Power    Power    %
--------------------------------------------------------------------------------
axi_tniu                                  0.320    3.867 1.13e+08    4.299 100.0
  genblk2.U_RSP_ORDER (rsp_order_URGE_WITH7_SUBR_WITH8_IID_WITH10_TID_WITH10_ADDR_WITH32_AXID_WITH4_ORDKEY_WITH8_LEN_WITH8_USER_WITH10_RSP_IID_OFFSET7_RSP_TID_OFFSET17_RSP_ORDKEY_OFFSET27_RSP_OPC_OFFSET35_RSP_STATUS_OFFSET37_RSP_ADDR_OFFSET39_RSP_USER_OFFSET71_RSP_ERRC_OFFSET81_NBYTEPERWORD8_TAG_CNT_WITH3_SPEC_REQ_BUFF_DEEP8_ADDR_BLOCK_SIZE64_ADDR_BP_TYPE1_AUSER_WITH1_EARLY_RSP_MODE1_DLY0_0)
                                       3.28e-02    0.389 1.45e+07    0.437  10.2
  genblk2.U_ELY_RSP_DETECT (ely_rsp_detect_URGE_WITH7_SUBR_WITH8_ADDR_WITH32_AXID_WITH4_LEN_WITH8_USER_WITH10_NBYTEPERWORD8_ELYRSP_TABLE_DEEP8_AUSER_WITH1_TAG_CNT_WITH3_DLY0_0)
                                       2.42e-03 9.20e-02 2.63e+06 9.70e-02   2.3
  genblk2.U_RSP_TRANS (rsp_trans_AXID_WITH4_USER_WITH10_NBYTEPERWORD8_AUSER_WITH1_DLY0_0)
                                       1.85e-02    0.228 4.34e+06    0.251   5.8
  U_WATCHDOG (watchdog_AXID_WITH4_TAG_CNT_WITH3_TIMOUT_VALUE10240_TIMOUT_TABLE_DEEP8_DLY0_0)
                                       7.70e-03    0.244 5.55e+06    0.258   6.0
    U_SYNC_FIFO_TIMOUT (sync_fifo_DATA_WIDTH6_DATA_DEPTH8_DLY0_0)
                                       1.33e-05 6.96e-02 1.41e+06 7.10e-02   1.7
  U_WREQ_TRANS (wreq_trans_URGE_WITH7_SUBR_WITH8_AXID_WITH4_LEN_WITH8_USER_WITH10_NBYTEPERWORD8_AADDR_WITH40_AUSER_WITH1_AQOS_WITH3_DLY0_0)
                                       3.35e-02 5.12e-03 7.52e+05 3.93e-02   0.9
  U_RREQ_TRANS (rreq_trans_URGE_WITH7_SUBR_WITH8_AXID_WITH4_LEN_WITH8_USER_WITH10_NBYTEPERWORD8_AADDR_WITH40_AUSER_WITH1_AQOS_WITH3_DLY0_0)
                                       3.18e-03 3.53e-04 3.15e+05 3.85e-03   0.1
  U_ADDR_MAP (addr_map_URGE_WITH7_SUBR_WITH8_ADDR_WITH32_AXID_WITH4_LEN_WITH8_USER_WITH10_NBYTEPERWORD8_AADDR_WITH40_AQOS_WITH3_0)
                                       1.48e-03 2.92e-03 8.53e+05 5.25e-03   0.1
  U_REQ_ORDER (req_order_REQ_FLIT_WITH175_URGE_WITH7_IID_WITH10_TID_WITH10_SUBR_WITH8_ADDR_WITH32_AXID_WITH4_ORDKEY_WITH8_LEN_WITH8_USER_WITH10_NBYTEPERWORD8_TAG_CNT_WITH3_REQ_IID_OFFSET7_REQ_TID_OFFSET17_REQ_SUBR_OFFSET27_REQ_ORDKEY_OFFSET35_REQ_OPC_OFFSET43_REQ_STATUS_OFFSET47_REQ_LEN_OFFSET49_REQ_ADDR_OFFSET57_REQ_USER_OFFSET89_REQ_ERRC_OFFSET99_REQ_HEAD_LEN_OFFSET102_HEAD_BUFF_DEEP8_ADDR_BLOCK_SIZE64_ADDR_BP_TYPE1_EARLY_RSP_MODE1_DLY0_0)
                                       4.48e-02    2.104 5.13e+07    2.200  51.2
    genblk24.U_ADDR_BORDER_COUNT_REQ (addr_border_cout_ADDR_WITH32_LEN_WITH8_NBYTEPERWORD8_ADDR_BLOCK_SIZE64_COUNT_MODE0_0)
                                       1.62e-03 1.39e-03 7.72e+05 3.78e-03   0.1
    U_ADDR_BORDER_COUNT_RSP (addr_border_cout_ADDR_WITH32_LEN_WITH8_NBYTEPERWORD8_ADDR_BLOCK_SIZE1_COUNT_MODE1_0)
                                       1.84e-03 2.56e-03 6.82e+05 5.08e-03   0.1
  genblk1.U_WRAP_ADJUST (wrap_adjust_RSP_FLIT_WITH157_NBYTEPERWORD8_USER_WITH10_ADDR_WITH32_AXID_WITH4_RWRAP_CNT_MAX4_DLY0_0)
                                          0.145    0.558 1.91e+07    0.722  16.8
  genblk1.U_WRAP_ALIGN (wrap_align_REQ_HEAD_LEN_OFFSET102_ADDR_WITH32_REQ_OPC_OFFSET43_REQ_STATUS_OFFSET47_REQ_LEN_OFFSET49_REQ_ADDR_OFFSET57_REQ_USER_OFFSET89_NBYTEPERWORD8_REQ_FLIT_WITH175_RWRAP_CNT_MAX4_DLY0_0)
                                       2.99e-02    0.244 1.32e+07    0.287   6.7
1
