 
****************************************
Report : qor
Design : axi_tniu
Version: O-2018.06-SP1
Date   : Fri Aug 21 16:51:18 2026
****************************************


  Timing Path Group 'IN2OUT'
  -----------------------------------
  Levels of Logic:              69.00
  Critical Path Length:          5.81
  Critical Path Slack:           2.09
  Critical Path Clk Period:     10.00
  Total Negative Slack:          0.00
  No. of Violating Paths:        0.00
  Worst Hold Violation:          0.00
  Total Hold Violation:          0.00
  No. of Hold Violations:        0.00
  -----------------------------------

  Timing Path Group 'IN2REG'
  -----------------------------------
  Levels of Logic:             101.00
  Critical Path Length:          7.94
  Critical Path Slack:           0.89
  Critical Path Clk Period:     10.00
  Total Negative Slack:          0.00
  No. of Violating Paths:        0.00
  Worst Hold Violation:         -0.08
  Total Hold Violation:         -3.55
  No. of Hold Violations:      189.00
  -----------------------------------

  Timing Path Group 'REG2OUT'
  -----------------------------------
  Levels of Logic:              40.00
  Critical Path Length:          4.48
  Critical Path Slack:           4.42
  Critical Path Clk Period:     10.00
  Total Negative Slack:          0.00
  No. of Violating Paths:        0.00
  Worst Hold Violation:          0.00
  Total Hold Violation:          0.00
  No. of Hold Violations:        0.00
  -----------------------------------

  Timing Path Group 'REG2REG'
  -----------------------------------
  Levels of Logic:             113.00
  Critical Path Length:          8.91
  Critical Path Slack:           0.92
  Critical Path Clk Period:     10.00
  Total Negative Slack:          0.00
  No. of Violating Paths:        0.00
  Worst Hold Violation:          0.00
  Total Hold Violation:          0.00
  No. of Hold Violations:        0.00
  -----------------------------------


  Cell Count
  -----------------------------------
  Hierarchical Cell Count:         13
  Hierarchical Port Count:       3610
  Leaf Cell Count:              19135
  Buf/Inv Cell Count:            3412
  Buf Cell Count:                 916
  Inv Cell Count:                2496
  CT Buf/Inv Cell Count:            0
  Combinational Cell Count:     16021
  Sequential Cell Count:         3114
  Macro Count:                      0
  -----------------------------------


  Area
  -----------------------------------
  Combinational Area:    65204.497608
  Noncombinational Area: 47566.612967
  Buf/Inv Area:           7868.851460
  Total Buffer Area:          2585.32
  Total Inverter Area:        5283.53
  Macro/Black Box Area:      0.000000
  Net Area:                  0.000000
  -----------------------------------
  Cell Area:            112771.110576
  Design Area:          112771.110576


  Design Rules
  -----------------------------------
  Total Number of Nets:         19656
  Nets With Violations:             0
  Max Trans Violations:             0
  Max Cap Violations:               0
  -----------------------------------


  Hostname: IC_EDA

  Compile CPU Statistics
  -----------------------------------------
  Resource Sharing:                    0.01
  Logic Optimization:                  0.66
  Mapping Optimization:               21.51
  -----------------------------------------
  Overall Compile Time:               37.22
  Overall Compile Wall Clock Time:    33.29

  --------------------------------------------------------------------

  Design  WNS: 0.00  TNS: 0.00  Number of Violating Paths: 0


  Design (Hold)  WNS: 0.08  TNS: 3.55  Number of Violating Paths: 189

  --------------------------------------------------------------------


1
