 
****************************************
Report : qor
Design : axi_tniu
Version: O-2018.06-SP1
Date   : Fri Aug 21 19:46:48 2026
****************************************


  Timing Path Group 'IN2OUT'
  -----------------------------------
  Levels of Logic:              69.00
  Critical Path Length:          5.81
  Critical Path Slack:           2.09
  Critical Path Clk Period:     10.00
  Total Negative Slack:          0.00
  No. of Violating Paths:        0.00
  Worst Hold Violation:          0.00
  Total Hold Violation:          0.00
  No. of Hold Violations:        0.00
  -----------------------------------

  Timing Path Group 'IN2REG'
  -----------------------------------
  Levels of Logic:             101.00
  Critical Path Length:          7.94
  Critical Path Slack:           0.89
  Critical Path Clk Period:     10.00
  Total Negative Slack:          0.00
  No. of Violating Paths:        0.00
  Worst Hold Violation:          0.00
  Total Hold Violation:          0.00
  No. of Hold Violations:        0.00
  -----------------------------------

  Timing Path Group 'REG2OUT'
  -----------------------------------
  Levels of Logic:              40.00
  Critical Path Length:          4.48
  Critical Path Slack:           4.42
  Critical Path Clk Period:     10.00
  Total Negative Slack:          0.00
  No. of Violating Paths:        0.00
  Worst Hold Violation:          0.00
  Total Hold Violation:          0.00
  No. of Hold Violations:        0.00
  -----------------------------------

  Timing Path Group 'REG2REG'
  -----------------------------------
  Levels of Logic:             113.00
  Critical Path Length:          9.04
  Critical Path Slack:           0.80
  Critical Path Clk Period:     10.00
  Total Negative Slack:          0.00
  No. of Violating Paths:        0.00
  Worst Hold Violation:          0.00
  Total Hold Violation:          0.00
  No. of Hold Violations:        0.00
  -----------------------------------


  Cell Count
  -----------------------------------
  Hierarchical Cell Count:         13
  Hierarchical Port Count:       3610
  Leaf Cell Count:              19144
  Buf/Inv Cell Count:            3415
  Buf Cell Count:                 915
  Inv Cell Count:                2500
  CT Buf/Inv Cell Count:            0
  Combinational Cell Count:     16030
  Sequential Cell Count:         3114
  Macro Count:                      0
  -----------------------------------


  Area
  -----------------------------------
  Combinational Area:    65231.310409
  Noncombinational Area: 47566.612967
  Buf/Inv Area:           7874.496260
  Total Buffer Area:          2582.50
  Total Inverter Area:        5292.00
  Macro/Black Box Area:      0.000000
  Net Area:                  0.000000
  -----------------------------------
  Cell Area:            112797.923377
  Design Area:          112797.923377


  Design Rules
  -----------------------------------
  Total Number of Nets:         19665
  Nets With Violations:             0
  Max Trans Violations:             0
  Max Cap Violations:               0
  -----------------------------------


  Hostname: IC_EDA

  Compile CPU Statistics
  -----------------------------------------
  Resource Sharing:                    0.01
  Logic Optimization:                  0.81
  Mapping Optimization:               24.86
  -----------------------------------------
  Overall Compile Time:               46.49
  Overall Compile Wall Clock Time:    39.90

  --------------------------------------------------------------------

  Design  WNS: 0.00  TNS: 0.00  Number of Violating Paths: 0


  Design (Hold)  WNS: 0.00  TNS: 0.00  Number of Violating Paths: 0

  --------------------------------------------------------------------


1
