 
****************************************
Report : reference
Design : axi_tniu
Version: O-2018.06-SP1
Date   : Fri Aug 21 16:51:19 2026
****************************************

Attributes:
    b - black box (unknown)
   bo - allows boundary optimization
    d - dont_touch
   mo - map_only
    h - hierarchical
    n - noncombinational
    r - removable
    s - synthetic operator
    u - contains unmapped logic

Reference          Library       Unit Area   Count    Total Area   Attributes
-----------------------------------------------------------------------------
CLKBUFX1           typical        2.822400       3      8.467200  
CLKINVX1           typical        2.116800      18     38.102401  
addr_map_URGE_WITH7_SUBR_WITH8_ADDR_WITH32_AXID_WITH4_LEN_WITH8_USER_WITH10_NBYTEPERWORD8_AADDR_WITH40_AQOS_WITH3_0
                                693.604822       1    693.604822  h
ely_rsp_detect_URGE_WITH7_SUBR_WITH8_ADDR_WITH32_AXID_WITH4_LEN_WITH8_USER_WITH10_NBYTEPERWORD8_ELYRSP_TABLE_DEEP8_AUSER_WITH1_TAG_CNT_WITH3_DLY0_0
                               2858.385653       1   2858.385653  h, n
req_order_REQ_FLIT_WITH175_URGE_WITH7_IID_WITH10_TID_WITH10_SUBR_WITH8_ADDR_WITH32_AXID_WITH4_ORDKEY_WITH8_LEN_WITH8_USER_WITH10_NBYTEPERWORD8_TAG_CNT_WITH3_REQ_IID_OFFSET7_REQ_TID_OFFSET17_REQ_SUBR_OFFSET27_REQ_ORDKEY_OFFSET35_REQ_OPC_OFFSET43_REQ_STATUS_OFFSET47_REQ_LEN_OFFSET49_REQ_ADDR_OFFSET57_REQ_USER_OFFSET89_REQ_ERRC_OFFSET99_REQ_HEAD_LEN_OFFSET102_HEAD_BUFF_DEEP8_ADDR_BLOCK_SIZE64_ADDR_BP_TYPE1_EARLY_RSP_MODE1_DLY0_0
                              50134.997460       1  50134.997460  h, n
rreq_trans_URGE_WITH7_SUBR_WITH8_AXID_WITH4_LEN_WITH8_USER_WITH10_NBYTEPERWORD8_AADDR_WITH40_AUSER_WITH1_AQOS_WITH3_DLY0_0
                                179.928006       1    179.928006  h
rsp_order_URGE_WITH7_SUBR_WITH8_IID_WITH10_TID_WITH10_ADDR_WITH32_AXID_WITH4_ORDKEY_WITH8_LEN_WITH8_USER_WITH10_RSP_IID_OFFSET7_RSP_TID_OFFSET17_RSP_ORDKEY_OFFSET27_RSP_OPC_OFFSET35_RSP_STATUS_OFFSET37_RSP_ADDR_OFFSET39_RSP_USER_OFFSET71_RSP_ERRC_OFFSET81_NBYTEPERWORD8_TAG_CNT_WITH3_SPEC_REQ_BUFF_DEEP8_ADDR_BLOCK_SIZE64_ADDR_BP_TYPE1_AUSER_WITH1_EARLY_RSP_MODE1_DLY0_0
                              14690.592268       1  14690.592268  h, n
rsp_trans_AXID_WITH4_USER_WITH10_NBYTEPERWORD8_AUSER_WITH1_DLY0_0
                               4064.256023       1   4064.256023  h, n
watchdog_AXID_WITH4_TAG_CNT_WITH3_TIMOUT_VALUE10240_TIMOUT_TABLE_DEEP8_DLY0_0
                               6440.011306       1   6440.011306  h, n
wrap_adjust_RSP_FLIT_WITH157_NBYTEPERWORD8_USER_WITH10_ADDR_WITH32_AXID_WITH4_RWRAP_CNT_MAX4_DLY0_0
                              18930.542724       1  18930.542724  h, n
wrap_align_REQ_HEAD_LEN_OFFSET102_ADDR_WITH32_REQ_OPC_OFFSET43_REQ_STATUS_OFFSET47_REQ_LEN_OFFSET49_REQ_ADDR_OFFSET57_REQ_USER_OFFSET89_NBYTEPERWORD8_REQ_FLIT_WITH175_RWRAP_CNT_MAX4_DLY0_0
                              14263.704298       1  14263.704298  h, n
wreq_trans_URGE_WITH7_SUBR_WITH8_AXID_WITH4_LEN_WITH8_USER_WITH10_NBYTEPERWORD8_AADDR_WITH40_AUSER_WITH1_AQOS_WITH3_DLY0_0
                                468.518414       1    468.518414  h, n
-----------------------------------------------------------------------------
Total 12 references                                 112771.110576

****************************************
Design: addr_map_URGE_WITH7_SUBR_WITH8_ADDR_WITH32_AXID_WITH4_LEN_WITH8_USER_WITH10_NBYTEPERWORD8_AADDR_WITH40_AQOS_WITH3_0 
****************************************
Reference          Library       Unit Area   Count    Total Area   Attributes
-----------------------------------------------------------------------------
AND2XL             typical        3.528000       5     17.640001  
AND3XL             typical        4.233600       1      4.233600  
AOI2BB1XL          typical        4.233600       2      8.467200  
AOI21BXL           typical        5.644800       1      5.644800  
AOI21XL            typical        3.528000       4     14.112000  
AOI32XL            typical        4.939200       1      4.939200  
AOI222XL           typical        6.350400       1      6.350400  
CLKBUFX1           typical        2.822400      87    245.548808  
INVXL              typical        2.116800     144    304.819210  
MX2XL              typical        6.350400       1      6.350400  
NAND2XL            typical        2.822400       4     11.289600  
NAND3XL            typical        3.528000       1      3.528000  
NOR2BXL            typical        3.528000       3     10.584000  
NOR2XL             typical        2.822400       5     14.112000  
NOR3BXL            typical        4.233600       1      4.233600  
OA21XL             typical        4.939200       2      9.878400  
OAI2B2XL           typical        5.644800       1      5.644800  
OAI2BB1XL          typical        4.233600       1      4.233600  
OAI21XL            typical        3.528000       1      3.528000  
OAI211XL           typical        4.233600       2      8.467200  
-----------------------------------------------------------------------------
Total 20 references                                   693.604822

****************************************
Design: ely_rsp_detect_URGE_WITH7_SUBR_WITH8_ADDR_WITH32_AXID_WITH4_LEN_WITH8_USER_WITH10_NBYTEPERWORD8_ELYRSP_TABLE_DEEP8_AUSER_WITH1_TAG_CNT_WITH3_DLY0_0 
****************************************
Reference          Library       Unit Area   Count    Total Area   Attributes
-----------------------------------------------------------------------------
AND2XL             typical        3.528000       5     17.640001  
AO21XL             typical        4.939200       3     14.817600  
AOI2BB1XL          typical        4.233600       1      4.233600  
AOI21XL            typical        3.528000      23     81.144003  
AOI22XL            typical        4.233600      79    334.454411  
AOI31XL            typical        4.233600       2      8.467200  
AOI32XL            typical        4.939200       5     24.696000  
AOI211X1           typical        4.233600       1      4.233600  
AOI211XL           typical        4.233600      12     50.803202  
AOI221XL           typical        5.644800       9     50.803202  
AOI222XL           typical        6.350400       5     31.752000  
CLKBUFX1           typical        2.822400      76    214.502407  
DFFRQXL            typical       15.523200      72   1117.670403  n
INVXL              typical        2.116800      50    105.840003  
MXI2XL             typical        5.644800       1      5.644800  
NAND2BXL           typical        3.528000       2      7.056000  
NAND2XL            typical        2.822400      78    220.147207  
NAND3BXL           typical        4.939200       4     19.756800  
NAND3XL            typical        3.528000       2      7.056000  
NAND4XL            typical        4.939200       2      9.878400  
NOR2BXL            typical        3.528000       3     10.584000  
NOR2XL             typical        2.822400      16     45.158401  
NOR3BXL            typical        4.233600       3     12.700800  
NOR3XL             typical        3.528000       7     24.696001  
NOR4XL             typical        4.233600       1      4.233600  
OAI2B1XL           typical        4.939200       8     39.513599  
OAI2BB1XL          typical        4.233600       1      4.233600  
OAI21XL            typical        3.528000       7     24.696001  
OAI22XL            typical        4.233600      12     50.803202  
OAI31XL            typical        4.233600       2      8.467200  
OAI32XL            typical        4.939200       3     14.817600  
OAI211XL           typical        4.233600      68    287.884809  
-----------------------------------------------------------------------------
Total 32 references                                  2858.385653

****************************************
Design: req_order_REQ_FLIT_WITH175_URGE_WITH7_IID_WITH10_TID_WITH10_SUBR_WITH8_ADDR_WITH32_AXID_WITH4_ORDKEY_WITH8_LEN_WITH8_USER_WITH10_NBYTEPERWORD8_TAG_CNT_WITH3_REQ_IID_OFFSET7_REQ_TID_OFFSET17_REQ_SUBR_OFFSET27_REQ_ORDKEY_OFFSET35_REQ_OPC_OFFSET43_REQ_STATUS_OFFSET47_REQ_LEN_OFFSET49_REQ_ADDR_OFFSET57_REQ_USER_OFFSET89_REQ_ERRC_OFFSET99_REQ_HEAD_LEN_OFFSET102_HEAD_BUFF_DEEP8_ADDR_BLOCK_SIZE64_ADDR_BP_TYPE1_EARLY_RSP_MODE1_DLY0_0 
****************************************
Reference          Library       Unit Area   Count    Total Area   Attributes
-----------------------------------------------------------------------------
ADDFX1             typical       17.639999       3     52.919998  r
ADDHXL             typical       10.584000      34    359.855988  r
AND2XL             typical        3.528000      11     38.808001  
AND3XL             typical        4.233600      58    245.548808  
AND4XL             typical        5.644800       1      5.644800  
AO21XL             typical        4.939200     160    790.271988  
AO22XL             typical        5.644800      13     73.382402  
AOI2B1XL           typical        4.939200     113    558.129591  
AOI2BB1XL          typical        4.233600       1      4.233600  
AOI2BB2XL          typical        5.644800     850   4798.080158  
AOI21XL            typical        3.528000     277    977.256032  
AOI22XL            typical        4.233600     584   2472.422482  
AOI31XL            typical        4.233600      12     50.803202  
AOI32XL            typical        4.939200     119    587.764791  
AOI211XL           typical        4.233600      49    207.446407  
AOI221XL           typical        5.644800      70    395.136013  
AOI222XL           typical        6.350400      10     63.504000  
CLKBUFX1           typical        2.822400     109    307.641610  
CLKINVX1           typical        2.116800     102    215.913607  
DFFRQXL            typical       15.523200    1617  25101.014457  n
EDFFXL             typical       19.051201      64   1219.276855  n
INVXL              typical        2.116800     836   1769.644858  
MX2XL              typical        6.350400      76    482.630398  
NAND2BXL           typical        3.528000      91    321.048011  
NAND2X1            typical        2.822400       1      2.822400  
NAND2XL            typical        2.822400     466   1315.238443  
NAND3BXL           typical        4.939200       1      4.939200  
NAND3XL            typical        3.528000      18     63.504002  
NAND4XL            typical        4.939200      48    237.081596  
NOR2BXL            typical        3.528000      86    303.408010  
NOR2XL             typical        2.822400     109    307.641610  
NOR3BXL            typical        4.233600      37    156.643205  
NOR3XL             typical        3.528000      10     35.280001  
NOR4BXL            typical        5.644800       1      5.644800  
NOR4XL             typical        4.233600      19     80.438403  
OA21XL             typical        4.939200       1      4.939200  
OA22XL             typical        6.350400      49    311.169599  
OAI2B1XL           typical        4.939200      19     93.844799  
OAI2B2XL           typical        5.644800      24    135.475204  
OAI2B11XL          typical        5.644800      52    293.529610  
OAI2BB1XL          typical        4.233600     346   1464.825648  
OAI2BB2XL          typical        5.644800       1      5.644800  
OAI21BXL           typical        4.939200       2      9.878400  
OAI21XL            typical        3.528000     295   1040.760034  
OAI22XL            typical        4.233600     199    842.486428  
OAI31XL            typical        4.233600      19     80.438403  
OAI32XL            typical        4.939200      49    242.020796  
OAI211XL           typical        4.233600     172    728.179224  
OAI221XL           typical        6.350400      22    139.708799  
OR2XL              typical        3.528000       7     24.696001  
OR3XL              typical        4.233600      22     93.139203  
XNOR2XL            typical        5.644800       4     22.579201  
XOR2XL             typical        5.644800      10     56.448002  
addr_border_cout_ADDR_WITH32_LEN_WITH8_NBYTEPERWORD8_ADDR_BLOCK_SIZE1_COUNT_MODE1_0
                                441.705589       1    441.705589  h
addr_border_cout_ADDR_WITH32_LEN_WITH8_NBYTEPERWORD8_ADDR_BLOCK_SIZE64_COUNT_MODE0_0
                                492.508791       1    492.508791  h
-----------------------------------------------------------------------------
Total 55 references                                 50134.997460

****************************************
Design: addr_border_cout_ADDR_WITH32_LEN_WITH8_NBYTEPERWORD8_ADDR_BLOCK_SIZE1_COUNT_MODE1_0 
****************************************
Reference          Library       Unit Area   Count    Total Area   Attributes
-----------------------------------------------------------------------------
ADDFX1             typical       17.639999       7    123.479996  r
ADDHXL             typical       10.584000      24    254.015991  r
AOI21XL            typical        3.528000       5     17.640001  
INVXL              typical        2.116800       8     16.934401  
NAND2XL            typical        2.822400       1      2.822400  
NOR2BXL            typical        3.528000       6     21.168001  
XOR2XL             typical        5.644800       1      5.644800  
-----------------------------------------------------------------------------
Total 7 references                                    441.705589

****************************************
Design: addr_border_cout_ADDR_WITH32_LEN_WITH8_NBYTEPERWORD8_ADDR_BLOCK_SIZE64_COUNT_MODE0_0 
****************************************
Reference          Library       Unit Area   Count    Total Area   Attributes
-----------------------------------------------------------------------------
ADDFX1             typical       17.639999       5     88.199997  r
ADDFXL             typical       17.639999       2     35.279999  r
ADDHXL             typical       10.584000      23    243.431992  r
AND2XL             typical        3.528000       1      3.528000  
AOI21XL            typical        3.528000       8     28.224001  
CLKBUFX1           typical        2.822400      24     67.737602  
INVXL              typical        2.116800       8     16.934401  
OR2XL              typical        3.528000       1      3.528000  
XOR2XL             typical        5.644800       1      5.644800  
-----------------------------------------------------------------------------
Total 9 references                                    492.508791

****************************************
Design: rreq_trans_URGE_WITH7_SUBR_WITH8_AXID_WITH4_LEN_WITH8_USER_WITH10_NBYTEPERWORD8_AADDR_WITH40_AUSER_WITH1_AQOS_WITH3_DLY0_0 
****************************************
Reference          Library       Unit Area   Count    Total Area   Attributes
-----------------------------------------------------------------------------
AND2X1             typical        3.528000       1      3.528000  
CLKBUFX1           typical        2.822400      59    166.521605  
CLKINVX1           typical        2.116800       1      2.116800  
INVX1              typical        2.116800       1      2.116800  
XOR2XL             typical        5.644800       1      5.644800  
-----------------------------------------------------------------------------
Total 5 references                                    179.928006

****************************************
Design: rsp_order_URGE_WITH7_SUBR_WITH8_IID_WITH10_TID_WITH10_ADDR_WITH32_AXID_WITH4_ORDKEY_WITH8_LEN_WITH8_USER_WITH10_RSP_IID_OFFSET7_RSP_TID_OFFSET17_RSP_ORDKEY_OFFSET27_RSP_OPC_OFFSET35_RSP_STATUS_OFFSET37_RSP_ADDR_OFFSET39_RSP_USER_OFFSET71_RSP_ERRC_OFFSET81_NBYTEPERWORD8_TAG_CNT_WITH3_SPEC_REQ_BUFF_DEEP8_ADDR_BLOCK_SIZE64_ADDR_BP_TYPE1_AUSER_WITH1_EARLY_RSP_MODE1_DLY0_0 
****************************************
Reference          Library       Unit Area   Count    Total Area   Attributes
-----------------------------------------------------------------------------
ADDFX1             typical       17.639999       1     17.639999  r
ADDFXL             typical       17.639999       1     17.639999  r
AND2XL             typical        3.528000       4     14.112000  
AND3XL             typical        4.233600       1      4.233600  
AND4XL             typical        5.644800       2     11.289600  
AO22XL             typical        5.644800       6     33.868801  
AOI2BB1XL          typical        4.233600       3     12.700800  
AOI2BB2XL          typical        5.644800      49    276.595209  
AOI21XL            typical        3.528000      37    130.536004  
AOI22XL            typical        4.233600     225    952.560031  
AOI31XL            typical        4.233600       7     29.635201  
AOI32XL            typical        4.939200      22    108.662398  
AOI211XL           typical        4.233600       9     38.102401  
AOI221XL           typical        5.644800     286   1614.412853  
AOI222XL           typical        6.350400      12     76.204800  
CLKBUFX1           typical        2.822400     179    505.209617  
CLKINVX1           typical        2.116800       5     10.584000  
DFFRQXL            typical       15.523200     275   4268.880010  n
INVXL              typical        2.116800     348    736.646424  
MX2XL              typical        6.350400      69    438.177598  
MXI2XL             typical        5.644800       4     22.579201  
NAND2BXL           typical        3.528000       3     10.584000  
NAND2XL            typical        2.822400      72    203.212807  
NAND3BXL           typical        4.939200       1      4.939200  
NAND3XL            typical        3.528000      22     77.616003  
NAND4XL            typical        4.939200      69    340.804795  
NOR2BXL            typical        3.528000     150    529.200017  
NOR2XL             typical        2.822400      71    200.390407  
NOR3BXL            typical        4.233600       7     29.635201  
NOR3XL             typical        3.528000      18     63.504002  
NOR4X1             typical        4.233600       6     25.401601  
NOR4XL             typical        4.233600      15     63.504002  
OA21XL             typical        4.939200       1      4.939200  
OA22XL             typical        6.350400       1      6.350400  
OAI2B1XL           typical        4.939200       3     14.817600  
OAI2B2XL           typical        5.644800      18    101.606403  
OAI2BB1XL          typical        4.233600      19     80.438403  
OAI2BB2XL          typical        5.644800       1      5.644800  
OAI21BXL           typical        4.939200       2      9.878400  
OAI21XL            typical        3.528000      37    130.536004  
OAI22XL            typical        4.233600     387   1638.403254  
OAI31XL            typical        4.233600       6     25.401601  
OAI32XL            typical        4.939200      13     64.209599  
OAI211XL           typical        4.233600      58    245.548808  
OAI222XL           typical        7.056000       2     14.112000  
OR2XL              typical        3.528000       2      7.056000  
OR3XL              typical        4.233600       1      4.233600  
TLATXL             typical        9.172800     157   1440.129610  n
XNOR2XL            typical        5.644800       4     22.579201  
XOR2XL             typical        5.644800       1      5.644800  
-----------------------------------------------------------------------------
Total 50 references                                 14690.592268

****************************************
Design: rsp_trans_AXID_WITH4_USER_WITH10_NBYTEPERWORD8_AUSER_WITH1_DLY0_0 
****************************************
Reference          Library       Unit Area   Count    Total Area   Attributes
-----------------------------------------------------------------------------
AOI2BB2XL          typical        5.644800       5     28.224001  
AOI21XL            typical        3.528000       2      7.056000  
AOI22XL            typical        4.233600      11     46.569602  
AOI32XL            typical        4.939200       3     14.817600  
AOI211XL           typical        4.233600       1      4.233600  
AOI221XL           typical        5.644800       3     16.934401  
AOI222XL           typical        6.350400      67    425.476798  
CLKBUFX1           typical        2.822400       8     22.579201  
CLKINVX1           typical        2.116800      14     29.635201  
DFFRQXL            typical       15.523200     158   2452.665606  n
INVXL              typical        2.116800      96    203.212807  
MX2XL              typical        6.350400      74    469.929598  
NAND2BXL           typical        3.528000       1      3.528000  
NAND2XL            typical        2.822400       6     16.934401  
NAND3XL            typical        3.528000       1      3.528000  
NOR2BXL            typical        3.528000      65    229.320008  
NOR2X2             typical        2.822400       2      5.644800  
OA22XL             typical        6.350400       4     25.401600  
OAI2BB1XL          typical        4.233600       4     16.934401  
OAI21XL            typical        3.528000       5     17.640001  
OAI22XL            typical        4.233600       3     12.700800  
OAI31XL            typical        4.233600       1      4.233600  
OR2XL              typical        3.528000       2      7.056000  
-----------------------------------------------------------------------------
Total 23 references                                  4064.256023

****************************************
Design: watchdog_AXID_WITH4_TAG_CNT_WITH3_TIMOUT_VALUE10240_TIMOUT_TABLE_DEEP8_DLY0_0 
****************************************
Reference          Library       Unit Area   Count    Total Area   Attributes
-----------------------------------------------------------------------------
AND2XL             typical        3.528000       4     14.112000  
AND3XL             typical        4.233600       2      8.467200  
AOI2BB2XL          typical        5.644800       1      5.644800  
AOI21BXL           typical        5.644800       2     11.289600  
AOI21XL            typical        3.528000      24     84.672003  
AOI22XL            typical        4.233600      60    254.016008  
AOI31XL            typical        4.233600       4     16.934401  
AOI32XL            typical        4.939200       7     34.574399  
AOI211XL           typical        4.233600       7     29.635201  
AOI221XL           typical        5.644800      72    406.425613  
CLKBUFX1           typical        2.822400      22     62.092802  
DFFRQXL            typical       15.523200     134   2080.108805  n
DFFSQXL            typical       14.112000       1     14.112000  n
INVXL              typical        2.116800      79    167.227206  
NAND2BXL           typical        3.528000       1      3.528000  
NAND2XL            typical        2.822400      35     98.784003  
NAND3BXL           typical        4.939200       1      4.939200  
NAND3XL            typical        3.528000      15     52.920002  
NAND4BXL           typical        5.644800       1      5.644800  
NAND4XL            typical        4.939200      10     49.391999  
NOR2XL             typical        2.822400      14     39.513601  
NOR3BXL            typical        4.233600       3     12.700800  
NOR3XL             typical        3.528000       2      7.056000  
NOR4XL             typical        4.233600      13     55.036802  
OA21XL             typical        4.939200       1      4.939200  
OAI2B2XL           typical        5.644800     113    637.862421  
OAI21XL            typical        3.528000      15     52.920002  
OAI22XL            typical        4.233600      80    338.688011  
OAI31XL            typical        4.233600      11     46.569602  
OAI32XL            typical        4.939200       1      4.939200  
OAI211XL           typical        4.233600      18     76.204803  
OAI221XL           typical        6.350400      37    234.964799  
OR3XL              typical        4.233600       1      4.233600  
XOR2XL             typical        5.644800      10     56.448002  
sync_fifo_DATA_WIDTH6_DATA_DEPTH8_DLY0_0
                               1463.414419       1   1463.414419  h, n
-----------------------------------------------------------------------------
Total 35 references                                  6440.011306

****************************************
Design: sync_fifo_DATA_WIDTH6_DATA_DEPTH8_DLY0_0 
****************************************
Reference          Library       Unit Area   Count    Total Area   Attributes
-----------------------------------------------------------------------------
AND3XL             typical        4.233600       2      8.467200  
AO21XL             typical        4.939200       1      4.939200  
AOI2BB2XL          typical        5.644800      43    242.726408  
AOI21XL            typical        3.528000       7     24.696001  
AOI22XL            typical        4.233600      25    105.840003  
AOI32XL            typical        4.939200       6     29.635200  
AOI222XL           typical        6.350400       1      6.350400  
CLKBUFX1           typical        2.822400       4     11.289600  
DFFRQXL            typical       15.523200      56    869.299202  n
INVXL              typical        2.116800      21     44.452801  
NAND2XL            typical        2.822400       4     11.289600  
NAND3XL            typical        3.528000       2      7.056000  
NOR2BXL            typical        3.528000       2      7.056000  
NOR2XL             typical        2.822400      10     28.224001  
NOR4X1             typical        4.233600       1      4.233600  
OA21XL             typical        4.939200       1      4.939200  
OAI21XL            typical        3.528000       9     31.752001  
OAI211XL           typical        4.233600       1      4.233600  
XNOR2XL            typical        5.644800       2     11.289600  
XOR2XL             typical        5.644800       1      5.644800  
-----------------------------------------------------------------------------
Total 20 references                                  1463.414419

****************************************
Design: wrap_adjust_RSP_FLIT_WITH157_NBYTEPERWORD8_USER_WITH10_ADDR_WITH32_AXID_WITH4_RWRAP_CNT_MAX4_DLY0_0 
****************************************
Reference          Library       Unit Area   Count    Total Area   Attributes
-----------------------------------------------------------------------------
ADDFX1             typical       17.639999      34    599.759979  r
AND2XL             typical        3.528000      42    148.176005  
AO22XL             typical        5.644800      11     62.092802  
AOI2BB1XL          typical        4.233600       2      8.467200  
AOI2BB2XL          typical        5.644800     406   2291.788876  
AOI21XL            typical        3.528000      51    179.928006  
AOI22X2            typical        4.939200       2      9.878400  
AOI22XL            typical        4.233600    1100   4656.960154  
AOI31XL            typical        4.233600       4     16.934401  
AOI32XL            typical        4.939200       5     24.696000  
AOI211XL           typical        4.233600      19     80.438403  
AOI221XL           typical        5.644800       6     33.868801  
AOI222XL           typical        6.350400      48    304.819199  
CLKBUFX1           typical        2.822400     147    414.892814  
CLKINVX1           typical        2.116800      42     88.905603  
DFFRQXL            typical       15.523200     403   6255.849614  n
INVXL              typical        2.116800     312    660.441622  
MX2X1              typical        6.350400      48    304.819199  
MX2XL              typical        6.350400      51    323.870399  
MXI2XL             typical        5.644800       4     22.579201  
NAND2BXL           typical        3.528000       2      7.056000  
NAND2XL            typical        2.822400      94    265.305609  
NAND3BXL           typical        4.939200       1      4.939200  
NAND3X1            typical        4.233600       1      4.233600  
NAND3XL            typical        3.528000       6     21.168001  
NOR2BX2            typical        4.233600       1      4.233600  
NOR2BXL            typical        3.528000       6     21.168001  
NOR2X2             typical        2.822400       2      5.644800  
NOR2XL             typical        2.822400      42    118.540804  
NOR3BXL            typical        4.233600       2      8.467200  
NOR3XL             typical        3.528000       3     10.584000  
NOR4BXL            typical        5.644800       1      5.644800  
NOR4XL             typical        4.233600       1      4.233600  
OA21XL             typical        4.939200       1      4.939200  
OA22XL             typical        6.350400      54    342.921598  
OAI2B2XL           typical        5.644800       8     45.158401  
OAI2B11X2          typical        5.644800       4     22.579201  
OAI2BB1X1          typical        4.233600       2      8.467200  
OAI2BB1XL          typical        4.233600      12     50.803202  
OAI2BB2XL          typical        5.644800      15     84.672003  
OAI21X2            typical        4.233600       3     12.700800  
OAI21XL            typical        3.528000      31    109.368004  
OAI22XL            typical        4.233600     148    626.572821  
OAI31X1            typical        4.233600       1      4.233600  
OAI31XL            typical        4.233600       1      4.233600  
OAI32XL            typical        4.939200      11     54.331199  
OAI211X2           typical        4.939200      60    296.351995  
OAI211XL           typical        4.233600      27    114.307204  
OAI221XL           typical        6.350400       1      6.350400  
OAI222XL           typical        7.056000      14     98.784003  
OR2X1              typical        3.528000       1      3.528000  
OR2XL              typical        3.528000       1      3.528000  
OR3XL              typical        4.233600       1      4.233600  
XNOR2XL            typical        5.644800       1      5.644800  
XOR2XL             typical        5.644800      10     56.448002  
-----------------------------------------------------------------------------
Total 55 references                                 18930.542724

****************************************
Design: wrap_align_REQ_HEAD_LEN_OFFSET102_ADDR_WITH32_REQ_OPC_OFFSET43_REQ_STATUS_OFFSET47_REQ_LEN_OFFSET49_REQ_ADDR_OFFSET57_REQ_USER_OFFSET89_NBYTEPERWORD8_REQ_FLIT_WITH175_RWRAP_CNT_MAX4_DLY0_0 
****************************************
Reference          Library       Unit Area   Count    Total Area   Attributes
-----------------------------------------------------------------------------
ACHCINX2           typical       14.817600       2     29.635201  
ADDFX1             typical       17.639999       5     88.199997  r
ADDFXL             typical       17.639999       1     17.639999  r
ADDHXL             typical       10.584000      27    285.767990  r
AND2XL             typical        3.528000      12     42.336001  
AND3XL             typical        4.233600       2      8.467200  
AND4XL             typical        5.644800       1      5.644800  
AO21XL             typical        4.939200       3     14.817600  
AO22XL             typical        5.644800      88    496.742416  
AOI2BB1XL          typical        4.233600       5     21.168001  
AOI2BB2XL          typical        5.644800      53    299.174410  
AOI21XL            typical        3.528000     169    596.232020  
AOI22XL            typical        4.233600     572   2421.619280  
AOI31XL            typical        4.233600       6     25.401601  
AOI32XL            typical        4.939200      14     69.148799  
AOI211XL           typical        4.233600      74    313.286410  
AOI221XL           typical        5.644800      32    180.633606  
AOI222XL           typical        6.350400     104    660.441597  
CLKBUFX1           typical        2.822400      72    203.212807  
CLKINVX1           typical        2.116800       6     12.700800  
DFFRQXL            typical       15.523200     175   2716.560006  n
INVXL              typical        2.116800     390    825.552027  
MX2XL              typical        6.350400      61    387.374398  
MXI2XL             typical        5.644800      24    135.475204  
NAND2BXL           typical        3.528000       7     24.696001  
NAND2XL            typical        2.822400     274    773.337626  
NAND3XL            typical        3.528000       7     24.696001  
NAND4XL            typical        4.939200       2      9.878400  
NOR2BX2            typical        4.233600       1      4.233600  
NOR2BXL            typical        3.528000      10     35.280001  
NOR2XL             typical        2.822400     133    375.379212  
NOR3XL             typical        3.528000       6     21.168001  
NOR4XL             typical        4.233600       4     16.934401  
OA21XL             typical        4.939200       1      4.939200  
OA22X1             typical        6.350400       1      6.350400  
OA22XL             typical        6.350400      47    298.468799  
OAI2B1XL           typical        4.939200       4     19.756800  
OAI2B2XL           typical        5.644800      11     62.092802  
OAI2B11XL          typical        5.644800       7     39.513601  
OAI2BB1XL          typical        4.233600      15     63.504002  
OAI2BB2XL          typical        5.644800       6     33.868801  
OAI21XL            typical        3.528000     174    613.872020  
OAI22XL            typical        4.233600     287   1215.043240  
OAI31XL            typical        4.233600       8     33.868801  
OAI32XL            typical        4.939200      20     98.783998  
OAI211XL           typical        4.233600      86    364.089612  
OAI221XL           typical        6.350400       1      6.350400  
OAI222XL           typical        7.056000      19    134.064004  
OR2XL              typical        3.528000      15     52.920002  
XNOR2XL            typical        5.644800       1      5.644800  
XOR2XL             typical        5.644800      12     67.737602  
-----------------------------------------------------------------------------
Total 51 references                                 14263.704298

****************************************
Design: wreq_trans_URGE_WITH7_SUBR_WITH8_AXID_WITH4_LEN_WITH8_USER_WITH10_NBYTEPERWORD8_AADDR_WITH40_AUSER_WITH1_AQOS_WITH3_DLY0_0 
****************************************
Reference          Library       Unit Area   Count    Total Area   Attributes
-----------------------------------------------------------------------------
AND2X1             typical        3.528000       1      3.528000  
AOI21X2            typical        4.233600       1      4.233600  
AOI21XL            typical        3.528000       1      3.528000  
CLKBUFX1           typical        2.822400     126    355.622412  
CLKINVX1           typical        2.116800      10     21.168001  
DFFRQXL            typical       15.523200       2     31.046400  n
INVXL              typical        2.116800       5     10.584000  
NAND2XL            typical        2.822400       1      2.822400  
NAND3XL            typical        3.528000       2      7.056000  
NOR2XL             typical        2.822400       1      2.822400  
NOR3BX4            typical        7.761600       1      7.761600  
NOR3BXL            typical        4.233600       1      4.233600  
OAI2BB1XL          typical        4.233600       2      8.467200  
XOR2XL             typical        5.644800       1      5.644800  
-----------------------------------------------------------------------------
Total 14 references                                   468.518414
1
