 
****************************************
Report : resources
Design : axi_tniu
Version: O-2018.06-SP1
Date   : Fri Aug 21 16:51:19 2026
****************************************


No resource sharing information to report.

No implementations to report
 
****************************************
Design : rsp_order_URGE_WITH7_SUBR_WITH8_IID_WITH10_TID_WITH10_ADDR_WITH32_AXID_WITH4_ORDKEY_WITH8_LEN_WITH8_USER_WITH10_RSP_IID_OFFSET7_RSP_TID_OFFSET17_RSP_ORDKEY_OFFSET27_RSP_OPC_OFFSET35_RSP_STATUS_OFFSET37_RSP_ADDR_OFFSET39_RSP_USER_OFFSET71_RSP_ERRC_OFFSET81_NBYTEPERWORD8_TAG_CNT_WITH3_SPEC_REQ_BUFF_DEEP8_ADDR_BLOCK_SIZE64_ADDR_BP_TYPE1_AUSER_WITH1_EARLY_RSP_MODE1_DLY0_0
****************************************

Resource Report for this hierarchy in file
        /home/ICer/RKNoC/axi_tniu_uvm/rtl/rsp_order.v
=============================================================================
| Cell           | Module         | Parameters | Contained Operations       |
=============================================================================
| add_x_1        | DW01_inc       | width=8    | add_210 (rsp_order.v:210)  |
| eq_x_29        | DW_cmp         | width=7    | eq_466_G2 (rsp_order.v:466) |
| eq_x_30        | DW_cmp         | width=7    | eq_466_G3 (rsp_order.v:466) |
| eq_x_31        | DW_cmp         | width=7    | eq_466_G4 (rsp_order.v:466) |
| eq_x_32        | DW_cmp         | width=7    | eq_466_G5 (rsp_order.v:466) |
| eq_x_33        | DW_cmp         | width=7    | eq_466_G6 (rsp_order.v:466) |
| eq_x_34        | DW_cmp         | width=7    | eq_466_G7 (rsp_order.v:466) |
| eq_x_35        | DW_cmp         | width=7    | eq_466_G8 (rsp_order.v:466) |
| eq_x_37        | DW_cmp         | width=7    | eq_513_I2 (rsp_order.v:513) |
| eq_x_38        | DW_cmp         | width=7    | eq_516_I2 (rsp_order.v:516) |
| eq_x_39        | DW_cmp         | width=7    | eq_513_I3 (rsp_order.v:513) |
| eq_x_40        | DW_cmp         | width=7    | eq_516_I3 (rsp_order.v:516) |
| eq_x_41        | DW_cmp         | width=7    | eq_513_I4 (rsp_order.v:513) |
| eq_x_42        | DW_cmp         | width=7    | eq_516_I4 (rsp_order.v:516) |
| eq_x_43        | DW_cmp         | width=7    | eq_513_I5 (rsp_order.v:513) |
| eq_x_44        | DW_cmp         | width=7    | eq_516_I5 (rsp_order.v:516) |
| eq_x_45        | DW_cmp         | width=7    | eq_513_I6 (rsp_order.v:513) |
| eq_x_46        | DW_cmp         | width=7    | eq_516_I6 (rsp_order.v:516) |
| eq_x_47        | DW_cmp         | width=7    | eq_513_I7 (rsp_order.v:513) |
| eq_x_48        | DW_cmp         | width=7    | eq_516_I7 (rsp_order.v:516) |
| eq_x_49        | DW_cmp         | width=7    | eq_513_I8 (rsp_order.v:513) |
| eq_x_50        | DW_cmp         | width=7    | eq_516_I8 (rsp_order.v:516) |
| add_x_63       | DW01_inc       | width=3    | add_546 (rsp_order.v:546)  |
| add_x_64       | DW01_inc       | width=3    | add_553 (rsp_order.v:553)  |
| eq_x_71        | DW_cmp         | width=6    | eq_578_2 (rsp_order.v:578) |
| eq_x_72        | DW_cmp         | width=3    | eq_578_3 (rsp_order.v:578) |
| eq_x_73        | DW_cmp         | width=6    | eq_578_2_I2_I1 (rsp_order.v:578) |
| eq_x_74        | DW_cmp         | width=3    | eq_578_3_I2_I1 (rsp_order.v:578) |
| eq_x_75        | DW_cmp         | width=6    | eq_578_2_I3_I1 (rsp_order.v:578) |
| eq_x_76        | DW_cmp         | width=3    | eq_578_3_I3_I1 (rsp_order.v:578) |
| eq_x_77        | DW_cmp         | width=6    | eq_578_2_I4_I1 (rsp_order.v:578) |
| eq_x_78        | DW_cmp         | width=3    | eq_578_3_I4_I1 (rsp_order.v:578) |
| eq_x_79        | DW_cmp         | width=6    | eq_578_2_I5_I1 (rsp_order.v:578) |
| eq_x_80        | DW_cmp         | width=3    | eq_578_3_I5_I1 (rsp_order.v:578) |
| eq_x_81        | DW_cmp         | width=6    | eq_578_2_I6_I1 (rsp_order.v:578) |
| eq_x_82        | DW_cmp         | width=3    | eq_578_3_I6_I1 (rsp_order.v:578) |
| eq_x_83        | DW_cmp         | width=6    | eq_578_2_I7_I1 (rsp_order.v:578) |
| eq_x_84        | DW_cmp         | width=3    | eq_578_3_I7_I1 (rsp_order.v:578) |
| eq_x_85        | DW_cmp         | width=6    | eq_578_2_I8_I1 (rsp_order.v:578) |
| eq_x_86        | DW_cmp         | width=3    | eq_578_3_I8_I1 (rsp_order.v:578) |
| eq_x_87        | DW_cmp         | width=6    | eq_578_2_I2 (rsp_order.v:578) |
| eq_x_88        | DW_cmp         | width=3    | eq_578_3_I2 (rsp_order.v:578) |
| eq_x_89        | DW_cmp         | width=6    | eq_578_2_I2_I2 (rsp_order.v:578) |
| eq_x_90        | DW_cmp         | width=3    | eq_578_3_I2_I2 (rsp_order.v:578) |
| eq_x_91        | DW_cmp         | width=6    | eq_578_2_I3_I2 (rsp_order.v:578) |
| eq_x_92        | DW_cmp         | width=3    | eq_578_3_I3_I2 (rsp_order.v:578) |
| eq_x_93        | DW_cmp         | width=6    | eq_578_2_I4_I2 (rsp_order.v:578) |
| eq_x_94        | DW_cmp         | width=3    | eq_578_3_I4_I2 (rsp_order.v:578) |
| eq_x_95        | DW_cmp         | width=6    | eq_578_2_I5_I2 (rsp_order.v:578) |
| eq_x_96        | DW_cmp         | width=3    | eq_578_3_I5_I2 (rsp_order.v:578) |
| eq_x_97        | DW_cmp         | width=6    | eq_578_2_I6_I2 (rsp_order.v:578) |
| eq_x_98        | DW_cmp         | width=3    | eq_578_3_I6_I2 (rsp_order.v:578) |
| eq_x_99        | DW_cmp         | width=6    | eq_578_2_I7_I2 (rsp_order.v:578) |
| eq_x_100       | DW_cmp         | width=3    | eq_578_3_I7_I2 (rsp_order.v:578) |
| eq_x_101       | DW_cmp         | width=6    | eq_578_2_I8_I2 (rsp_order.v:578) |
| eq_x_102       | DW_cmp         | width=3    | eq_578_3_I8_I2 (rsp_order.v:578) |
| eq_x_103       | DW_cmp         | width=6    | eq_578_2_I3 (rsp_order.v:578) |
| eq_x_104       | DW_cmp         | width=3    | eq_578_3_I3 (rsp_order.v:578) |
| eq_x_105       | DW_cmp         | width=6    | eq_578_2_I2_I3 (rsp_order.v:578) |
| eq_x_106       | DW_cmp         | width=3    | eq_578_3_I2_I3 (rsp_order.v:578) |
| eq_x_107       | DW_cmp         | width=6    | eq_578_2_I3_I3 (rsp_order.v:578) |
| eq_x_108       | DW_cmp         | width=3    | eq_578_3_I3_I3 (rsp_order.v:578) |
| eq_x_109       | DW_cmp         | width=6    | eq_578_2_I4_I3 (rsp_order.v:578) |
| eq_x_110       | DW_cmp         | width=3    | eq_578_3_I4_I3 (rsp_order.v:578) |
| eq_x_111       | DW_cmp         | width=6    | eq_578_2_I5_I3 (rsp_order.v:578) |
| eq_x_112       | DW_cmp         | width=3    | eq_578_3_I5_I3 (rsp_order.v:578) |
| eq_x_113       | DW_cmp         | width=6    | eq_578_2_I6_I3 (rsp_order.v:578) |
| eq_x_114       | DW_cmp         | width=3    | eq_578_3_I6_I3 (rsp_order.v:578) |
| eq_x_115       | DW_cmp         | width=6    | eq_578_2_I7_I3 (rsp_order.v:578) |
| eq_x_116       | DW_cmp         | width=3    | eq_578_3_I7_I3 (rsp_order.v:578) |
| eq_x_117       | DW_cmp         | width=6    | eq_578_2_I8_I3 (rsp_order.v:578) |
| eq_x_118       | DW_cmp         | width=3    | eq_578_3_I8_I3 (rsp_order.v:578) |
| eq_x_119       | DW_cmp         | width=6    | eq_578_2_I4 (rsp_order.v:578) |
| eq_x_120       | DW_cmp         | width=3    | eq_578_3_I4 (rsp_order.v:578) |
| eq_x_121       | DW_cmp         | width=6    | eq_578_2_I2_I4 (rsp_order.v:578) |
| eq_x_122       | DW_cmp         | width=3    | eq_578_3_I2_I4 (rsp_order.v:578) |
| eq_x_123       | DW_cmp         | width=6    | eq_578_2_I3_I4 (rsp_order.v:578) |
| eq_x_124       | DW_cmp         | width=3    | eq_578_3_I3_I4 (rsp_order.v:578) |
| eq_x_125       | DW_cmp         | width=6    | eq_578_2_I4_I4 (rsp_order.v:578) |
| eq_x_126       | DW_cmp         | width=3    | eq_578_3_I4_I4 (rsp_order.v:578) |
| eq_x_127       | DW_cmp         | width=6    | eq_578_2_I5_I4 (rsp_order.v:578) |
| eq_x_128       | DW_cmp         | width=3    | eq_578_3_I5_I4 (rsp_order.v:578) |
| eq_x_129       | DW_cmp         | width=6    | eq_578_2_I6_I4 (rsp_order.v:578) |
| eq_x_130       | DW_cmp         | width=3    | eq_578_3_I6_I4 (rsp_order.v:578) |
| eq_x_131       | DW_cmp         | width=6    | eq_578_2_I7_I4 (rsp_order.v:578) |
| eq_x_132       | DW_cmp         | width=3    | eq_578_3_I7_I4 (rsp_order.v:578) |
| eq_x_133       | DW_cmp         | width=6    | eq_578_2_I8_I4 (rsp_order.v:578) |
| eq_x_134       | DW_cmp         | width=3    | eq_578_3_I8_I4 (rsp_order.v:578) |
| eq_x_135       | DW_cmp         | width=6    | eq_578_2_I5 (rsp_order.v:578) |
| eq_x_136       | DW_cmp         | width=3    | eq_578_3_I5 (rsp_order.v:578) |
| eq_x_137       | DW_cmp         | width=6    | eq_578_2_I2_I5 (rsp_order.v:578) |
| eq_x_138       | DW_cmp         | width=3    | eq_578_3_I2_I5 (rsp_order.v:578) |
| eq_x_139       | DW_cmp         | width=6    | eq_578_2_I3_I5 (rsp_order.v:578) |
| eq_x_140       | DW_cmp         | width=3    | eq_578_3_I3_I5 (rsp_order.v:578) |
| eq_x_141       | DW_cmp         | width=6    | eq_578_2_I4_I5 (rsp_order.v:578) |
| eq_x_142       | DW_cmp         | width=3    | eq_578_3_I4_I5 (rsp_order.v:578) |
| eq_x_143       | DW_cmp         | width=6    | eq_578_2_I5_I5 (rsp_order.v:578) |
| eq_x_144       | DW_cmp         | width=3    | eq_578_3_I5_I5 (rsp_order.v:578) |
| eq_x_145       | DW_cmp         | width=6    | eq_578_2_I6_I5 (rsp_order.v:578) |
| eq_x_146       | DW_cmp         | width=3    | eq_578_3_I6_I5 (rsp_order.v:578) |
| eq_x_147       | DW_cmp         | width=6    | eq_578_2_I7_I5 (rsp_order.v:578) |
| eq_x_148       | DW_cmp         | width=3    | eq_578_3_I7_I5 (rsp_order.v:578) |
| eq_x_149       | DW_cmp         | width=6    | eq_578_2_I8_I5 (rsp_order.v:578) |
| eq_x_150       | DW_cmp         | width=3    | eq_578_3_I8_I5 (rsp_order.v:578) |
| eq_x_151       | DW_cmp         | width=6    | eq_578_2_I6 (rsp_order.v:578) |
| eq_x_152       | DW_cmp         | width=3    | eq_578_3_I6 (rsp_order.v:578) |
| eq_x_153       | DW_cmp         | width=6    | eq_578_2_I2_I6 (rsp_order.v:578) |
| eq_x_154       | DW_cmp         | width=3    | eq_578_3_I2_I6 (rsp_order.v:578) |
| eq_x_155       | DW_cmp         | width=6    | eq_578_2_I3_I6 (rsp_order.v:578) |
| eq_x_156       | DW_cmp         | width=3    | eq_578_3_I3_I6 (rsp_order.v:578) |
| eq_x_157       | DW_cmp         | width=6    | eq_578_2_I4_I6 (rsp_order.v:578) |
| eq_x_158       | DW_cmp         | width=3    | eq_578_3_I4_I6 (rsp_order.v:578) |
| eq_x_159       | DW_cmp         | width=6    | eq_578_2_I5_I6 (rsp_order.v:578) |
| eq_x_160       | DW_cmp         | width=3    | eq_578_3_I5_I6 (rsp_order.v:578) |
| eq_x_161       | DW_cmp         | width=6    | eq_578_2_I6_I6 (rsp_order.v:578) |
| eq_x_162       | DW_cmp         | width=3    | eq_578_3_I6_I6 (rsp_order.v:578) |
| eq_x_163       | DW_cmp         | width=6    | eq_578_2_I7_I6 (rsp_order.v:578) |
| eq_x_164       | DW_cmp         | width=3    | eq_578_3_I7_I6 (rsp_order.v:578) |
| eq_x_165       | DW_cmp         | width=6    | eq_578_2_I8_I6 (rsp_order.v:578) |
| eq_x_166       | DW_cmp         | width=3    | eq_578_3_I8_I6 (rsp_order.v:578) |
| eq_x_167       | DW_cmp         | width=6    | eq_578_2_I7 (rsp_order.v:578) |
| eq_x_168       | DW_cmp         | width=3    | eq_578_3_I7 (rsp_order.v:578) |
| eq_x_169       | DW_cmp         | width=6    | eq_578_2_I2_I7 (rsp_order.v:578) |
| eq_x_170       | DW_cmp         | width=3    | eq_578_3_I2_I7 (rsp_order.v:578) |
| eq_x_171       | DW_cmp         | width=6    | eq_578_2_I3_I7 (rsp_order.v:578) |
| eq_x_172       | DW_cmp         | width=3    | eq_578_3_I3_I7 (rsp_order.v:578) |
| eq_x_173       | DW_cmp         | width=6    | eq_578_2_I4_I7 (rsp_order.v:578) |
| eq_x_174       | DW_cmp         | width=3    | eq_578_3_I4_I7 (rsp_order.v:578) |
| eq_x_175       | DW_cmp         | width=6    | eq_578_2_I5_I7 (rsp_order.v:578) |
| eq_x_176       | DW_cmp         | width=3    | eq_578_3_I5_I7 (rsp_order.v:578) |
| eq_x_177       | DW_cmp         | width=6    | eq_578_2_I6_I7 (rsp_order.v:578) |
| eq_x_178       | DW_cmp         | width=3    | eq_578_3_I6_I7 (rsp_order.v:578) |
| eq_x_179       | DW_cmp         | width=6    | eq_578_2_I7_I7 (rsp_order.v:578) |
| eq_x_180       | DW_cmp         | width=3    | eq_578_3_I7_I7 (rsp_order.v:578) |
| eq_x_181       | DW_cmp         | width=6    | eq_578_2_I8_I7 (rsp_order.v:578) |
| eq_x_182       | DW_cmp         | width=3    | eq_578_3_I8_I7 (rsp_order.v:578) |
| eq_x_183       | DW_cmp         | width=6    | eq_578_2_I8 (rsp_order.v:578) |
| eq_x_184       | DW_cmp         | width=3    | eq_578_3_I8 (rsp_order.v:578) |
| eq_x_185       | DW_cmp         | width=6    | eq_578_2_I2_I8 (rsp_order.v:578) |
| eq_x_186       | DW_cmp         | width=3    | eq_578_3_I2_I8 (rsp_order.v:578) |
| eq_x_187       | DW_cmp         | width=6    | eq_578_2_I3_I8 (rsp_order.v:578) |
| eq_x_188       | DW_cmp         | width=3    | eq_578_3_I3_I8 (rsp_order.v:578) |
| eq_x_189       | DW_cmp         | width=6    | eq_578_2_I4_I8 (rsp_order.v:578) |
| eq_x_190       | DW_cmp         | width=3    | eq_578_3_I4_I8 (rsp_order.v:578) |
| eq_x_191       | DW_cmp         | width=6    | eq_578_2_I5_I8 (rsp_order.v:578) |
| eq_x_192       | DW_cmp         | width=3    | eq_578_3_I5_I8 (rsp_order.v:578) |
| eq_x_193       | DW_cmp         | width=6    | eq_578_2_I6_I8 (rsp_order.v:578) |
| eq_x_194       | DW_cmp         | width=3    | eq_578_3_I6_I8 (rsp_order.v:578) |
| eq_x_195       | DW_cmp         | width=6    | eq_578_2_I7_I8 (rsp_order.v:578) |
| eq_x_196       | DW_cmp         | width=3    | eq_578_3_I7_I8 (rsp_order.v:578) |
| eq_x_197       | DW_cmp         | width=6    | eq_578_2_I8_I8 (rsp_order.v:578) |
| eq_x_198       | DW_cmp         | width=3    | eq_578_3_I8_I8 (rsp_order.v:578) |
| add_x_279      | DW01_inc       | width=8    | add_728 (rsp_order.v:728)  |
| ash_282        | DW_leftsh      | A_width=8  | sll_744 (rsp_order.v:744)  |
|                |                | SH_width=3 |                            |
| sub_x_283      | DW01_sub       | width=4    | sub_749 (rsp_order.v:749)  |
| ashr_284       | DW_rightsh     | A_width=8  | srl_749 (rsp_order.v:749)  |
|                |                | SH_width=3 |                            |
| add_x_289      | DW01_add       | width=3    | add_802 (rsp_order.v:802)  |
| ash_291        | DW_leftsh      | A_width=8  | sll_826 (rsp_order.v:826)  |
|                |                | SH_width=3 |                            |
| sub_x_292      | DW01_sub       | width=4    | sub_831 (rsp_order.v:831)  |
| ashr_293       | DW_rightsh     | A_width=8  | srl_831 (rsp_order.v:831)  |
|                |                | SH_width=3 |                            |
| eq_x_312       | DW_cmp         | width=6    | eq_1160 (rsp_order.v:1160) |
| DP_OP_468J2_122_783             |            |                            |
|                | DP_OP_468J2_122_783 |       |                            |
=============================================================================

Datapath Report for DP_OP_468J2_122_783
==============================================================================
| Cell                 | Contained Operations                                |
==============================================================================
| DP_OP_468J2_122_783  | add_716 (rsp_order.v:716) eq_748 (rsp_order.v:748)  |
|                      | eq_1162 (rsp_order.v:1162)                          |
|                      | eq_1194_2 (rsp_order.v:1194)                        |
==============================================================================

==============================================================================
|       |      | Data     |       |                                          |
| Var   | Type | Class    | Width | Expression                               |
==============================================================================
| I1    | PI   | Unsigned | 3     |                                          |
| I2    | PI   | Unsigned | 8     |                                          |
| I3    | PI   | Unsigned | 8     |                                          |
| T467  | IFO  | Unsigned | 6     | O1[8:3]                                  |
| O1    | PO   | Unsigned | 9     | I1 + I2 (rsp_order.v:716)                |
| O2    | PO   | Unsigned | 1     | I3 == T467 ( rsp_order.v:748 rsp_order.v:1162 rsp_order.v:1194 ) |
==============================================================================


Datapath Extraction Report

Information: Operator associated with resources 'sub_749 (rsp_order.v:749)' in design 'rsp_order_URGE_WITH7_SUBR_WITH8_IID_WITH10_TID_WITH10_ADDR_WITH32_AXID_WITH4_ORDKEY_WITH8_LEN_WITH8_USER_WITH10_RSP_IID_OFFSET7_RSP_TID_OFFSET17_RSP_ORDKEY_OFFSET27_RSP_OPC_OFFSET35_RSP_STATUS_OFFSET37_RSP_ADDR_OFFSET39_RSP_USER_OFFSET71_RSP_ERRC_OFFSET81_NBYTEPERWORD8_TAG_CNT_WITH3_SPEC_REQ_BUFF_DEEP8_ADDR_BLOCK_SIZE64_ADDR_BP_TYPE1_AUSER_WITH1_EARLY_RSP_MODE1_DLY0_0' breaks the datapath extraction because there is leakage due to truncation on the fanout of its driver 'add_716 (rsp_order.v:716)'.  (HDL-120)

Information: Operator associated with resources 'add_802 (rsp_order.v:802)' in design 'rsp_order_URGE_WITH7_SUBR_WITH8_IID_WITH10_TID_WITH10_ADDR_WITH32_AXID_WITH4_ORDKEY_WITH8_LEN_WITH8_USER_WITH10_RSP_IID_OFFSET7_RSP_TID_OFFSET17_RSP_ORDKEY_OFFSET27_RSP_OPC_OFFSET35_RSP_STATUS_OFFSET37_RSP_ADDR_OFFSET39_RSP_USER_OFFSET71_RSP_ERRC_OFFSET81_NBYTEPERWORD8_TAG_CNT_WITH3_SPEC_REQ_BUFF_DEEP8_ADDR_BLOCK_SIZE64_ADDR_BP_TYPE1_AUSER_WITH1_EARLY_RSP_MODE1_DLY0_0' breaks the datapath extraction because there is leakage due to truncation on its fanout to operator of resources 'C4926 (rsp_order.v:802)'.  (HDL-120)


Implementation Report
===============================================================================
|                    |                  | Current            | Set            |
| Cell               | Module           | Implementation     | Implementation |
===============================================================================
| add_x_1            | DW01_inc         | apparch (area)     |                |
| eq_x_29            | DW_cmp           | apparch (area)     |                |
| eq_x_30            | DW_cmp           | apparch (area)     |                |
| eq_x_31            | DW_cmp           | apparch (area)     |                |
| eq_x_32            | DW_cmp           | apparch (area)     |                |
| eq_x_33            | DW_cmp           | apparch (area)     |                |
| eq_x_34            | DW_cmp           | apparch (area)     |                |
| eq_x_35            | DW_cmp           | apparch (area)     |                |
| eq_x_37            | DW_cmp           | apparch (area)     |                |
| eq_x_38            | DW_cmp           | apparch (area)     |                |
| eq_x_39            | DW_cmp           | apparch (area)     |                |
| eq_x_40            | DW_cmp           | apparch (area)     |                |
| eq_x_41            | DW_cmp           | apparch (area)     |                |
| eq_x_42            | DW_cmp           | apparch (area)     |                |
| eq_x_43            | DW_cmp           | apparch (area)     |                |
| eq_x_44            | DW_cmp           | apparch (area)     |                |
| eq_x_45            | DW_cmp           | apparch (area)     |                |
| eq_x_46            | DW_cmp           | apparch (area)     |                |
| eq_x_47            | DW_cmp           | apparch (area)     |                |
| eq_x_48            | DW_cmp           | apparch (area)     |                |
| eq_x_49            | DW_cmp           | apparch (area)     |                |
| eq_x_50            | DW_cmp           | apparch (area)     |                |
| add_x_63           | DW01_inc         | apparch (area)     |                |
| add_x_64           | DW01_inc         | apparch (area)     |                |
| eq_x_71            | DW_cmp           | apparch (area)     |                |
| eq_x_72            | DW_cmp           | apparch (area)     |                |
| eq_x_73            | DW_cmp           | apparch (area)     |                |
| eq_x_74            | DW_cmp           | apparch (area)     |                |
| eq_x_75            | DW_cmp           | apparch (area)     |                |
| eq_x_76            | DW_cmp           | apparch (area)     |                |
| eq_x_77            | DW_cmp           | apparch (area)     |                |
| eq_x_78            | DW_cmp           | apparch (area)     |                |
| eq_x_79            | DW_cmp           | apparch (area)     |                |
| eq_x_80            | DW_cmp           | apparch (area)     |                |
| eq_x_81            | DW_cmp           | apparch (area)     |                |
| eq_x_82            | DW_cmp           | apparch (area)     |                |
| eq_x_83            | DW_cmp           | apparch (area)     |                |
| eq_x_84            | DW_cmp           | apparch (area)     |                |
| eq_x_85            | DW_cmp           | apparch (area)     |                |
| eq_x_86            | DW_cmp           | apparch (area)     |                |
| eq_x_87            | DW_cmp           | apparch (area)     |                |
| eq_x_88            | DW_cmp           | apparch (area)     |                |
| eq_x_89            | DW_cmp           | apparch (area)     |                |
| eq_x_90            | DW_cmp           | apparch (area)     |                |
| eq_x_91            | DW_cmp           | apparch (area)     |                |
| eq_x_92            | DW_cmp           | apparch (area)     |                |
| eq_x_93            | DW_cmp           | apparch (area)     |                |
| eq_x_94            | DW_cmp           | apparch (area)     |                |
| eq_x_95            | DW_cmp           | apparch (area)     |                |
| eq_x_96            | DW_cmp           | apparch (area)     |                |
| eq_x_97            | DW_cmp           | apparch (area)     |                |
| eq_x_98            | DW_cmp           | apparch (area)     |                |
| eq_x_99            | DW_cmp           | apparch (area)     |                |
| eq_x_100           | DW_cmp           | apparch (area)     |                |
| eq_x_101           | DW_cmp           | apparch (area)     |                |
| eq_x_102           | DW_cmp           | apparch (area)     |                |
| eq_x_103           | DW_cmp           | apparch (area)     |                |
| eq_x_104           | DW_cmp           | apparch (area)     |                |
| eq_x_105           | DW_cmp           | apparch (area)     |                |
| eq_x_106           | DW_cmp           | apparch (area)     |                |
| eq_x_107           | DW_cmp           | apparch (area)     |                |
| eq_x_108           | DW_cmp           | apparch (area)     |                |
| eq_x_109           | DW_cmp           | apparch (area)     |                |
| eq_x_110           | DW_cmp           | apparch (area)     |                |
| eq_x_111           | DW_cmp           | apparch (area)     |                |
| eq_x_112           | DW_cmp           | apparch (area)     |                |
| eq_x_113           | DW_cmp           | apparch (area)     |                |
| eq_x_114           | DW_cmp           | apparch (area)     |                |
| eq_x_115           | DW_cmp           | apparch (area)     |                |
| eq_x_116           | DW_cmp           | apparch (area)     |                |
| eq_x_117           | DW_cmp           | apparch (area)     |                |
| eq_x_118           | DW_cmp           | apparch (area)     |                |
| eq_x_119           | DW_cmp           | apparch (area)     |                |
| eq_x_120           | DW_cmp           | apparch (area)     |                |
| eq_x_121           | DW_cmp           | apparch (area)     |                |
| eq_x_122           | DW_cmp           | apparch (area)     |                |
| eq_x_123           | DW_cmp           | apparch (area)     |                |
| eq_x_124           | DW_cmp           | apparch (area)     |                |
| eq_x_125           | DW_cmp           | apparch (area)     |                |
| eq_x_126           | DW_cmp           | apparch (area)     |                |
| eq_x_127           | DW_cmp           | apparch (area)     |                |
| eq_x_128           | DW_cmp           | apparch (area)     |                |
| eq_x_129           | DW_cmp           | apparch (area)     |                |
| eq_x_130           | DW_cmp           | apparch (area)     |                |
| eq_x_131           | DW_cmp           | apparch (area)     |                |
| eq_x_132           | DW_cmp           | apparch (area)     |                |
| eq_x_133           | DW_cmp           | apparch (area)     |                |
| eq_x_134           | DW_cmp           | apparch (area)     |                |
| eq_x_135           | DW_cmp           | apparch (area)     |                |
| eq_x_136           | DW_cmp           | apparch (area)     |                |
| eq_x_137           | DW_cmp           | apparch (area)     |                |
| eq_x_138           | DW_cmp           | apparch (area)     |                |
| eq_x_139           | DW_cmp           | apparch (area)     |                |
| eq_x_140           | DW_cmp           | apparch (area)     |                |
| eq_x_141           | DW_cmp           | apparch (area)     |                |
| eq_x_142           | DW_cmp           | apparch (area)     |                |
| eq_x_143           | DW_cmp           | apparch (area)     |                |
| eq_x_144           | DW_cmp           | apparch (area)     |                |
| eq_x_145           | DW_cmp           | apparch (area)     |                |
| eq_x_146           | DW_cmp           | apparch (area)     |                |
| eq_x_147           | DW_cmp           | apparch (area)     |                |
| eq_x_148           | DW_cmp           | apparch (area)     |                |
| eq_x_149           | DW_cmp           | apparch (area)     |                |
| eq_x_150           | DW_cmp           | apparch (area)     |                |
| eq_x_151           | DW_cmp           | apparch (area)     |                |
| eq_x_152           | DW_cmp           | apparch (area)     |                |
| eq_x_153           | DW_cmp           | apparch (area)     |                |
| eq_x_154           | DW_cmp           | apparch (area)     |                |
| eq_x_155           | DW_cmp           | apparch (area)     |                |
| eq_x_156           | DW_cmp           | apparch (area)     |                |
| eq_x_157           | DW_cmp           | apparch (area)     |                |
| eq_x_158           | DW_cmp           | apparch (area)     |                |
| eq_x_159           | DW_cmp           | apparch (area)     |                |
| eq_x_160           | DW_cmp           | apparch (area)     |                |
| eq_x_161           | DW_cmp           | apparch (area)     |                |
| eq_x_162           | DW_cmp           | apparch (area)     |                |
| eq_x_163           | DW_cmp           | apparch (area)     |                |
| eq_x_164           | DW_cmp           | apparch (area)     |                |
| eq_x_165           | DW_cmp           | apparch (area)     |                |
| eq_x_166           | DW_cmp           | apparch (area)     |                |
| eq_x_167           | DW_cmp           | apparch (area)     |                |
| eq_x_168           | DW_cmp           | apparch (area)     |                |
| eq_x_169           | DW_cmp           | apparch (area)     |                |
| eq_x_170           | DW_cmp           | apparch (area)     |                |
| eq_x_171           | DW_cmp           | apparch (area)     |                |
| eq_x_172           | DW_cmp           | apparch (area)     |                |
| eq_x_173           | DW_cmp           | apparch (area)     |                |
| eq_x_174           | DW_cmp           | apparch (area)     |                |
| eq_x_175           | DW_cmp           | apparch (area)     |                |
| eq_x_176           | DW_cmp           | apparch (area)     |                |
| eq_x_177           | DW_cmp           | apparch (area)     |                |
| eq_x_178           | DW_cmp           | apparch (area)     |                |
| eq_x_179           | DW_cmp           | apparch (area)     |                |
| eq_x_180           | DW_cmp           | apparch (area)     |                |
| eq_x_181           | DW_cmp           | apparch (area)     |                |
| eq_x_182           | DW_cmp           | apparch (area)     |                |
| eq_x_183           | DW_cmp           | apparch (area)     |                |
| eq_x_184           | DW_cmp           | apparch (area)     |                |
| eq_x_185           | DW_cmp           | apparch (area)     |                |
| eq_x_186           | DW_cmp           | apparch (area)     |                |
| eq_x_187           | DW_cmp           | apparch (area)     |                |
| eq_x_188           | DW_cmp           | apparch (area)     |                |
| eq_x_189           | DW_cmp           | apparch (area)     |                |
| eq_x_190           | DW_cmp           | apparch (area)     |                |
| eq_x_191           | DW_cmp           | apparch (area)     |                |
| eq_x_192           | DW_cmp           | apparch (area)     |                |
| eq_x_193           | DW_cmp           | apparch (area)     |                |
| eq_x_194           | DW_cmp           | apparch (area)     |                |
| eq_x_195           | DW_cmp           | apparch (area)     |                |
| eq_x_196           | DW_cmp           | apparch (area)     |                |
| eq_x_197           | DW_cmp           | apparch (area)     |                |
| eq_x_198           | DW_cmp           | apparch (area)     |                |
| add_x_279          | DW01_inc         | apparch (area)     |                |
| ash_282            | DW_leftsh        | astr (area)        |                |
| sub_x_283          | DW01_sub         | apparch (area)     |                |
| ashr_284           | DW_rightsh       | astr (area)        |                |
| add_x_289          | DW01_add         | apparch (area)     |                |
| ash_291            | DW_leftsh        | astr (area)        |                |
| sub_x_292          | DW01_sub         | apparch (area)     |                |
| ashr_293           | DW_rightsh       | astr (area)        |                |
| eq_x_312           | DW_cmp           | apparch (area)     |                |
| DP_OP_468J2_122_783                   |                    |                |
|                    | DP_OP_468J2_122_783 | str (area)      |                |
===============================================================================

 
****************************************
Design : ely_rsp_detect_URGE_WITH7_SUBR_WITH8_ADDR_WITH32_AXID_WITH4_LEN_WITH8_USER_WITH10_NBYTEPERWORD8_ELYRSP_TABLE_DEEP8_AUSER_WITH1_TAG_CNT_WITH3_DLY0_0
****************************************

Resource Report for this hierarchy in file
        /home/ICer/RKNoC/axi_tniu_uvm/rtl/ely_rsp_detect.v
=============================================================================
| Cell           | Module         | Parameters | Contained Operations       |
=============================================================================
| add_x_1        | DW01_inc       | width=8    | add_84 (ely_rsp_detect.v:84) |
| eq_x_2         | DW_cmp         | width=4    | eq_122 (ely_rsp_detect.v:122) |
| eq_x_3         | DW_cmp         | width=4    | eq_122_G2 (ely_rsp_detect.v:122) |
| eq_x_4         | DW_cmp         | width=4    | eq_122_G3 (ely_rsp_detect.v:122) |
| eq_x_5         | DW_cmp         | width=4    | eq_122_G4 (ely_rsp_detect.v:122) |
| eq_x_6         | DW_cmp         | width=4    | eq_122_G5 (ely_rsp_detect.v:122) |
| eq_x_7         | DW_cmp         | width=4    | eq_122_G6 (ely_rsp_detect.v:122) |
| eq_x_8         | DW_cmp         | width=4    | eq_122_G7 (ely_rsp_detect.v:122) |
| eq_x_9         | DW_cmp         | width=4    | eq_122_G8 (ely_rsp_detect.v:122) |
| add_x_10       | DW01_inc       | width=8    | add_130 (ely_rsp_detect.v:130) |
| lt_x_12        | DW_cmp         | width=32   | lt_184 (ely_rsp_detect.v:184) |
| eq_x_13        | DW_cmp         | width=32   | eq_187 (ely_rsp_detect.v:187) |
| lt_x_14        | DW_cmp         | width=32   | lt_184_I2 (ely_rsp_detect.v:184) |
| eq_x_15        | DW_cmp         | width=32   | eq_187_I2 (ely_rsp_detect.v:187) |
| lt_x_16        | DW_cmp         | width=32   | lt_184_I3 (ely_rsp_detect.v:184) |
| eq_x_17        | DW_cmp         | width=32   | eq_187_I3 (ely_rsp_detect.v:187) |
| lt_x_18        | DW_cmp         | width=32   | lt_184_I4 (ely_rsp_detect.v:184) |
| eq_x_19        | DW_cmp         | width=32   | eq_187_I4 (ely_rsp_detect.v:187) |
| lt_x_20        | DW_cmp         | width=32   | lt_184_I5 (ely_rsp_detect.v:184) |
| eq_x_21        | DW_cmp         | width=32   | eq_187_I5 (ely_rsp_detect.v:187) |
| lt_x_22        | DW_cmp         | width=32   | lt_184_I6 (ely_rsp_detect.v:184) |
| eq_x_23        | DW_cmp         | width=32   | eq_187_I6 (ely_rsp_detect.v:187) |
| lt_x_24        | DW_cmp         | width=32   | lt_184_I7 (ely_rsp_detect.v:184) |
| eq_x_25        | DW_cmp         | width=32   | eq_187_I7 (ely_rsp_detect.v:187) |
| eq_x_28        | DW_cmp         | width=32   | eq_187_I8 (ely_rsp_detect.v:187) |
| gte_x_135      | DW_cmp         | width=3    | gte_184 (ely_rsp_detect.v:184) |
             |                |            | gte_196 (ely_rsp_detect.v:196) |
| gte_x_136      | DW_cmp         | width=3    | gte_184_I2 (ely_rsp_detect.v:184) |
          |                |            | gte_196_I2 (ely_rsp_detect.v:196) |
| gte_x_137      | DW_cmp         | width=3    | gte_184_I3 (ely_rsp_detect.v:184) |
          |                |            | gte_196_I3 (ely_rsp_detect.v:196) |
| gte_x_138      | DW_cmp         | width=3    | gte_184_I4 (ely_rsp_detect.v:184) |
          |                |            | gte_196_I4 (ely_rsp_detect.v:196) |
| gte_x_139      | DW_cmp         | width=3    | gte_184_I5 (ely_rsp_detect.v:184) |
          |                |            | gte_196_I5 (ely_rsp_detect.v:196) |
| gte_x_140      | DW_cmp         | width=3    | gte_184_I6 (ely_rsp_detect.v:184) |
          |                |            | gte_196_I6 (ely_rsp_detect.v:196) |
| gte_x_141      | DW_cmp         | width=3    | gte_184_I7 (ely_rsp_detect.v:184) |
          |                |            | gte_196_I7 (ely_rsp_detect.v:196) |
| sub_x_11       | DW01_dec       | width=4    | sub_184 (ely_rsp_detect.v:184) |
             |                |            | sub_184_I2 (ely_rsp_detect.v:184) |
          |                |            | sub_184_I3 (ely_rsp_detect.v:184) |
          |                |            | sub_184_I4 (ely_rsp_detect.v:184) |
          |                |            | sub_184_I5 (ely_rsp_detect.v:184) |
          |                |            | sub_184_I6 (ely_rsp_detect.v:184) |
          |                |            | sub_184_I7 (ely_rsp_detect.v:184) |
          |                |            | sub_184_I8 (ely_rsp_detect.v:184) |
          |                |            | sub_187 (ely_rsp_detect.v:187) |
             |                |            | sub_187_I2 (ely_rsp_detect.v:187) |
          |                |            | sub_187_I3 (ely_rsp_detect.v:187) |
          |                |            | sub_187_I4 (ely_rsp_detect.v:187) |
          |                |            | sub_187_I5 (ely_rsp_detect.v:187) |
          |                |            | sub_187_I6 (ely_rsp_detect.v:187) |
          |                |            | sub_187_I7 (ely_rsp_detect.v:187) |
          |                |            | sub_187_I8 (ely_rsp_detect.v:187) |
          |                |            | sub_189 (ely_rsp_detect.v:189) |
             |                |            | sub_189_I2 (ely_rsp_detect.v:189) |
          |                |            | sub_189_I3 (ely_rsp_detect.v:189) |
          |                |            | sub_189_I4 (ely_rsp_detect.v:189) |
          |                |            | sub_189_I5 (ely_rsp_detect.v:189) |
          |                |            | sub_189_I6 (ely_rsp_detect.v:189) |
          |                |            | sub_189_I7 (ely_rsp_detect.v:189) |
          |                |            | sub_189_I8 (ely_rsp_detect.v:189) |
=============================================================================


Datapath Extraction Report

Information: Operator associated with resources 'lt_184 (ely_rsp_detect.v:184)' in design 'ely_rsp_detect_URGE_WITH7_SUBR_WITH8_ADDR_WITH32_AXID_WITH4_LEN_WITH8_USER_WITH10_NBYTEPERWORD8_ELYRSP_TABLE_DEEP8_AUSER_WITH1_TAG_CNT_WITH3_DLY0_0' breaks the datapath extraction because there is leakage due to driver(signed)/load(unsigned) sign mismatch on fanin from operator of resources 'sub_184 (ely_rsp_detect.v:184) sub_187 (ely_rsp_detect.v:187) sub_189 (ely_rsp_detect.v:189) sub_184_I2 (ely_rsp_detect.v:184) sub_187_I2 (ely_rsp_detect.v:187) sub_189_I2 (ely_rsp_detect.v:189) sub_184_I3 (ely_rsp_detect.v:184) sub_187_I3 (ely_rsp_detect.v:187) sub_189_I3 (ely_rsp_detect.v:189) sub_184_I4 (ely_rsp_detect.v:184) sub_187_I4 (ely_rsp_detect.v:187) sub_189_I4 (ely_rsp_detect.v:189) sub_184_I5 (ely_rsp_detect.v:184) sub_187_I5 (ely_rsp_detect.v:187) sub_189_I5 (ely_rsp_detect.v:189) sub_184_I6 (ely_rsp_detect.v:184) sub_187_I6 (ely_rsp_detect.v:187) sub_189_I6 (ely_rsp_detect.v:189) sub_184_I7 (ely_rsp_detect.v:184) sub_187_I7 (ely_rsp_detect.v:187) sub_189_I7 (ely_rsp_detect.v:189) sub_184_I8 (ely_rsp_detect.v:184) sub_187_I8 (ely_rsp_detect.v:187) sub_189_I8 (ely_rsp_detect.v:189)'.  (HDL-120)

Information: The output of subtractor associated with resources 'sub_184 (ely_rsp_detect.v:184) sub_187 (ely_rsp_detect.v:187) sub_189 (ely_rsp_detect.v:189) sub_184_I2 (ely_rsp_detect.v:184) sub_187_I2 (ely_rsp_detect.v:187) sub_189_I2 (ely_rsp_detect.v:189) sub_184_I3 (ely_rsp_detect.v:184) sub_187_I3 (ely_rsp_detect.v:187) sub_189_I3 (ely_rsp_detect.v:189) sub_184_I4 (ely_rsp_detect.v:184) sub_187_I4 (ely_rsp_detect.v:187) sub_189_I4 (ely_rsp_detect.v:189) sub_184_I5 (ely_rsp_detect.v:184) sub_187_I5 (ely_rsp_detect.v:187) sub_189_I5 (ely_rsp_detect.v:189) sub_184_I6 (ely_rsp_detect.v:184) sub_187_I6 (ely_rsp_detect.v:187) sub_189_I6 (ely_rsp_detect.v:189) sub_184_I7 (ely_rsp_detect.v:184) sub_187_I7 (ely_rsp_detect.v:187) sub_189_I7 (ely_rsp_detect.v:189) sub_184_I8 (ely_rsp_detect.v:184) sub_187_I8 (ely_rsp_detect.v:187) sub_189_I8 (ely_rsp_detect.v:189)' is treated as signed signal. (HDL-132)


Implementation Report
===============================================================================
|                    |                  | Current            | Set            |
| Cell               | Module           | Implementation     | Implementation |
===============================================================================
| add_x_1            | DW01_inc         | apparch (area)     |                |
| eq_x_2             | DW_cmp           | apparch (area)     |                |
| eq_x_3             | DW_cmp           | apparch (area)     |                |
| eq_x_4             | DW_cmp           | apparch (area)     |                |
| eq_x_5             | DW_cmp           | apparch (area)     |                |
| eq_x_6             | DW_cmp           | apparch (area)     |                |
| eq_x_7             | DW_cmp           | apparch (area)     |                |
| eq_x_8             | DW_cmp           | apparch (area)     |                |
| eq_x_9             | DW_cmp           | apparch (area)     |                |
| add_x_10           | DW01_inc         | apparch (area)     |                |
| lt_x_12            | DW_cmp           | apparch (area)     |                |
| eq_x_13            | DW_cmp           | apparch (area)     |                |
| lt_x_14            | DW_cmp           | apparch (area)     |                |
| eq_x_15            | DW_cmp           | apparch (area)     |                |
| lt_x_16            | DW_cmp           | apparch (area)     |                |
| eq_x_17            | DW_cmp           | apparch (area)     |                |
| lt_x_18            | DW_cmp           | apparch (area)     |                |
| eq_x_19            | DW_cmp           | apparch (area)     |                |
| lt_x_20            | DW_cmp           | apparch (area)     |                |
| eq_x_21            | DW_cmp           | apparch (area)     |                |
| lt_x_22            | DW_cmp           | apparch (area)     |                |
| eq_x_23            | DW_cmp           | apparch (area)     |                |
| lt_x_24            | DW_cmp           | apparch (area)     |                |
| eq_x_25            | DW_cmp           | apparch (area)     |                |
| eq_x_28            | DW_cmp           | apparch (area)     |                |
| gte_x_135          | DW_cmp           | apparch (area)     |                |
| gte_x_136          | DW_cmp           | apparch (area)     |                |
| gte_x_137          | DW_cmp           | apparch (area)     |                |
| gte_x_138          | DW_cmp           | apparch (area)     |                |
| gte_x_139          | DW_cmp           | apparch (area)     |                |
| gte_x_140          | DW_cmp           | apparch (area)     |                |
| gte_x_141          | DW_cmp           | apparch (area)     |                |
| sub_x_11           | DW01_dec         | apparch (area)     |                |
===============================================================================

 
****************************************
Design : rsp_trans_AXID_WITH4_USER_WITH10_NBYTEPERWORD8_AUSER_WITH1_DLY0_0
****************************************

Resource Report for this hierarchy in file
        /home/ICer/RKNoC/axi_tniu_uvm/rtl/rsp_trans.v
=============================================================================
| Cell           | Module         | Parameters | Contained Operations       |
=============================================================================
| ne_x_1         | DW_cmp         | width=4    | ne_99 (rsp_trans.v:99)     |
| ne_x_2         | DW_cmp         | width=4    | ne_155 (rsp_trans.v:155)   |
=============================================================================


Implementation Report
===============================================================================
|                    |                  | Current            | Set            |
| Cell               | Module           | Implementation     | Implementation |
===============================================================================
| ne_x_1             | DW_cmp           | apparch (area)     |                |
| ne_x_2             | DW_cmp           | apparch (area)     |                |
===============================================================================

 
****************************************
Design : watchdog_AXID_WITH4_TAG_CNT_WITH3_TIMOUT_VALUE10240_TIMOUT_TABLE_DEEP8_DLY0_0
****************************************

Resource Report for this hierarchy in file
        /home/ICer/RKNoC/axi_tniu_uvm/rtl/watchdog.v
=============================================================================
| Cell           | Module         | Parameters | Contained Operations       |
=============================================================================
| eq_x_1         | DW_cmp         | width=10   | eq_89_G2 (watchdog.v:89)   |
| eq_x_2         | DW_cmp         | width=10   | eq_89_G3 (watchdog.v:89)   |
| eq_x_3         | DW_cmp         | width=10   | eq_89_G4 (watchdog.v:89)   |
| eq_x_4         | DW_cmp         | width=10   | eq_89_G5 (watchdog.v:89)   |
| eq_x_5         | DW_cmp         | width=10   | eq_89_G6 (watchdog.v:89)   |
| eq_x_6         | DW_cmp         | width=10   | eq_89_G7 (watchdog.v:89)   |
| eq_x_7         | DW_cmp         | width=10   | eq_89_G8 (watchdog.v:89)   |
| eq_x_8         | DW_cmp         | width=10   | eq_122_G2 (watchdog.v:122) |
| eq_x_9         | DW_cmp         | width=10   | eq_122_G3 (watchdog.v:122) |
| eq_x_10        | DW_cmp         | width=10   | eq_122_G4 (watchdog.v:122) |
| eq_x_11        | DW_cmp         | width=10   | eq_122_G5 (watchdog.v:122) |
| eq_x_12        | DW_cmp         | width=10   | eq_122_G6 (watchdog.v:122) |
| eq_x_13        | DW_cmp         | width=10   | eq_122_G7 (watchdog.v:122) |
| eq_x_14        | DW_cmp         | width=10   | eq_122_G8 (watchdog.v:122) |
| eq_x_15        | DW_cmp         | width=15   | eq_154 (watchdog.v:154)    |
| eq_x_16        | DW_cmp         | width=15   | eq_154_G2 (watchdog.v:154) |
| eq_x_17        | DW_cmp         | width=15   | eq_154_G3 (watchdog.v:154) |
| eq_x_18        | DW_cmp         | width=15   | eq_154_G4 (watchdog.v:154) |
| eq_x_19        | DW_cmp         | width=15   | eq_154_G5 (watchdog.v:154) |
| eq_x_20        | DW_cmp         | width=15   | eq_154_G6 (watchdog.v:154) |
| eq_x_21        | DW_cmp         | width=15   | eq_154_G7 (watchdog.v:154) |
| eq_x_22        | DW_cmp         | width=15   | eq_154_G8 (watchdog.v:154) |
| DP_OP_97J4_122_4917             |            |                            |
|                | DP_OP_97J4_122_4917 |       |                            |
| DP_OP_98J4_123_3779             |            |                            |
|                | DP_OP_98J4_123_3779 |       |                            |
=============================================================================

Datapath Report for DP_OP_97J4_122_4917
==============================================================================
| Cell                 | Contained Operations                                |
==============================================================================
| DP_OP_97J4_122_4917  | mult_add_58_aco (watchdog.v:58)                     |
|                      | add_58_aco (watchdog.v:58)                          |
==============================================================================

==============================================================================
|       |      | Data     |       |                                          |
| Var   | Type | Class    | Width | Expression                               |
==============================================================================
| I1    | PI   | Unsigned | 15    |                                          |
| I2    | PI   | Unsigned | 1     |                                          |
| T54   | IFO  | Unsigned | 15    | I1 * I2 (watchdog.v:58)                  |
| O1    | PO   | Unsigned | 15    | T54 + $unsigned(1'b1) (watchdog.v:58)    |
==============================================================================

Datapath Report for DP_OP_98J4_123_3779
==============================================================================
| Cell                 | Contained Operations                                |
==============================================================================
| DP_OP_98J4_123_3779  | add_68 (watchdog.v:68) lte_69 (watchdog.v:69)       |
|                      | sub_69_aco (watchdog.v:69)                          |
==============================================================================

==============================================================================
|       |      | Data     |       |                                          |
| Var   | Type | Class    | Width | Expression                               |
==============================================================================
| I1    | PI   | Unsigned | 15    |                                          |
| I2    | PI   | Unsigned | 15    |                                          |
| T1    | IFO  | Unsigned | 16    | I1 + $unsigned(14'b10100000000000) (watchdog.v:68) |
| T55   | IFO  | Signed   | 15    | T1[14:0]                                 |
| O1    | PO   | Unsigned | 1     | T1 <= $unsigned(15'b101000000000000) (watchdog.v:69) |
| O2    | PO   | Signed   | 15    | T55 - I2 (watchdog.v:69)                 |
==============================================================================


Implementation Report
===============================================================================
|                    |                  | Current            | Set            |
| Cell               | Module           | Implementation     | Implementation |
===============================================================================
| eq_x_1             | DW_cmp           | apparch (area)     |                |
| eq_x_2             | DW_cmp           | apparch (area)     |                |
| eq_x_3             | DW_cmp           | apparch (area)     |                |
| eq_x_4             | DW_cmp           | apparch (area)     |                |
| eq_x_5             | DW_cmp           | apparch (area)     |                |
| eq_x_6             | DW_cmp           | apparch (area)     |                |
| eq_x_7             | DW_cmp           | apparch (area)     |                |
| eq_x_8             | DW_cmp           | apparch (area)     |                |
| eq_x_9             | DW_cmp           | apparch (area)     |                |
| eq_x_10            | DW_cmp           | apparch (area)     |                |
| eq_x_11            | DW_cmp           | apparch (area)     |                |
| eq_x_12            | DW_cmp           | apparch (area)     |                |
| eq_x_13            | DW_cmp           | apparch (area)     |                |
| eq_x_14            | DW_cmp           | apparch (area)     |                |
| eq_x_15            | DW_cmp           | apparch (area)     |                |
| eq_x_16            | DW_cmp           | apparch (area)     |                |
| eq_x_17            | DW_cmp           | apparch (area)     |                |
| eq_x_18            | DW_cmp           | apparch (area)     |                |
| eq_x_19            | DW_cmp           | apparch (area)     |                |
| eq_x_20            | DW_cmp           | apparch (area)     |                |
| eq_x_21            | DW_cmp           | apparch (area)     |                |
| eq_x_22            | DW_cmp           | apparch (area)     |                |
| DP_OP_97J4_122_4917                   |                    |                |
|                    | DP_OP_97J4_122_4917 | str (area)      |                |
|                    |                  | mult_arch: benc_radix4              |
| DP_OP_98J4_123_3779                   |                    |                |
|                    | DP_OP_98J4_123_3779 | str (area)      |                |
===============================================================================

 
****************************************
Design : sync_fifo_DATA_WIDTH6_DATA_DEPTH8_DLY0_0
****************************************

Resource Report for this hierarchy in file
        /home/ICer/RKNoC/axi_tniu_uvm/rtl/syn_fifo.v
=============================================================================
| Cell           | Module         | Parameters | Contained Operations       |
=============================================================================
| add_x_1        | DW01_inc       | width=4    | add_49 (syn_fifo.v:49)     |
| add_x_2        | DW01_inc       | width=4    | add_61 (syn_fifo.v:61)     |
| eq_x_4         | DW_cmp         | width=4    | eq_68 (syn_fifo.v:68)      |
| eq_x_5         | DW_cmp         | width=3    | eq_70 (syn_fifo.v:70)      |
=============================================================================


Implementation Report
===============================================================================
|                    |                  | Current            | Set            |
| Cell               | Module           | Implementation     | Implementation |
===============================================================================
| add_x_1            | DW01_inc         | apparch (area)     |                |
| add_x_2            | DW01_inc         | apparch (area)     |                |
| eq_x_4             | DW_cmp           | apparch (area)     |                |
| eq_x_5             | DW_cmp           | apparch (area)     |                |
===============================================================================

 
****************************************
Design : wreq_trans_URGE_WITH7_SUBR_WITH8_AXID_WITH4_LEN_WITH8_USER_WITH10_NBYTEPERWORD8_AADDR_WITH40_AUSER_WITH1_AQOS_WITH3_DLY0_0
****************************************

Resource Report for this hierarchy in file
        /home/ICer/RKNoC/axi_tniu_uvm/rtl/wreq_trans.v
=============================================================================
| Cell           | Module         | Parameters | Contained Operations       |
=============================================================================
| add_x_4        | DW01_inc       | width=2    | add_115 (wreq_trans.v:115) |
=============================================================================


Implementation Report
===============================================================================
|                    |                  | Current            | Set            |
| Cell               | Module           | Implementation     | Implementation |
===============================================================================
| add_x_4            | DW01_inc         | apparch (area)     |                |
===============================================================================

 
****************************************
Design : rreq_trans_URGE_WITH7_SUBR_WITH8_AXID_WITH4_LEN_WITH8_USER_WITH10_NBYTEPERWORD8_AADDR_WITH40_AUSER_WITH1_AQOS_WITH3_DLY0_0
****************************************

Resource Report for this hierarchy in file
        /home/ICer/RKNoC/axi_tniu_uvm/rtl/rreq_trans.v
=============================================================================
| Cell           | Module         | Parameters | Contained Operations       |
=============================================================================
| add_x_1        | DW01_inc       | width=2    | add_74 (rreq_trans.v:74)   |
=============================================================================


Implementation Report
===============================================================================
|                    |                  | Current            | Set            |
| Cell               | Module           | Implementation     | Implementation |
===============================================================================
| add_x_1            | DW01_inc         | apparch (area)     |                |
===============================================================================

 
****************************************
Design : addr_map_URGE_WITH7_SUBR_WITH8_ADDR_WITH32_AXID_WITH4_LEN_WITH8_USER_WITH10_NBYTEPERWORD8_AADDR_WITH40_AQOS_WITH3_0
****************************************

Resource Report for this hierarchy in file
        /home/ICer/RKNoC/axi_tniu_uvm/rtl/addr_map.v
=============================================================================
| Cell           | Module         | Parameters | Contained Operations       |
=============================================================================
| add_x_1        | DW01_add       | width=9    | add_126 (addr_map.v:126)   |
=============================================================================


Implementation Report
===============================================================================
|                    |                  | Current            | Set            |
| Cell               | Module           | Implementation     | Implementation |
===============================================================================
| add_x_1            | DW01_add         | apparch (area)     |                |
===============================================================================

 
****************************************
Design : req_order_REQ_FLIT_WITH175_URGE_WITH7_IID_WITH10_TID_WITH10_SUBR_WITH8_ADDR_WITH32_AXID_WITH4_ORDKEY_WITH8_LEN_WITH8_USER_WITH10_NBYTEPERWORD8_TAG_CNT_WITH3_REQ_IID_OFFSET7_REQ_TID_OFFSET17_REQ_SUBR_OFFSET27_REQ_ORDKEY_OFFSET35_REQ_OPC_OFFSET43_REQ_STATUS_OFFSET47_REQ_LEN_OFFSET49_REQ_ADDR_OFFSET57_REQ_USER_OFFSET89_REQ_ERRC_OFFSET99_REQ_HEAD_LEN_OFFSET102_HEAD_BUFF_DEEP8_ADDR_BLOCK_SIZE64_ADDR_BP_TYPE1_EARLY_RSP_MODE1_DLY0_0
****************************************

Resource Report for this hierarchy in file
        /home/ICer/RKNoC/axi_tniu_uvm/rtl/req_order.v
=============================================================================
| Cell           | Module         | Parameters | Contained Operations       |
=============================================================================
| eq_x_5         | DW_cmp         | width=7    | eq_267 (req_order.v:267)   |
| eq_x_6         | DW_cmp         | width=7    | eq_267_G2 (req_order.v:267) |
| eq_x_7         | DW_cmp         | width=7    | eq_267_G3 (req_order.v:267) |
| eq_x_8         | DW_cmp         | width=7    | eq_267_G4 (req_order.v:267) |
| eq_x_9         | DW_cmp         | width=7    | eq_267_G5 (req_order.v:267) |
| eq_x_10        | DW_cmp         | width=7    | eq_267_G6 (req_order.v:267) |
| eq_x_11        | DW_cmp         | width=7    | eq_267_G7 (req_order.v:267) |
| eq_x_12        | DW_cmp         | width=7    | eq_267_G8 (req_order.v:267) |
| add_x_13       | DW01_inc       | width=8    | add_302 (req_order.v:302)  |
| eq_x_14        | DW_cmp         | width=7    | eq_336 (req_order.v:336)   |
| eq_x_15        | DW_cmp         | width=7    | eq_336_G2 (req_order.v:336) |
| eq_x_16        | DW_cmp         | width=7    | eq_336_G3 (req_order.v:336) |
| eq_x_17        | DW_cmp         | width=7    | eq_336_G4 (req_order.v:336) |
| eq_x_18        | DW_cmp         | width=7    | eq_336_G5 (req_order.v:336) |
| eq_x_19        | DW_cmp         | width=7    | eq_336_G6 (req_order.v:336) |
| eq_x_20        | DW_cmp         | width=7    | eq_336_G7 (req_order.v:336) |
| eq_x_21        | DW_cmp         | width=7    | eq_336_G8 (req_order.v:336) |
| lt_x_22        | DW_cmp         | width=3    | lt_377 (req_order.v:377)   |
| lt_x_23        | DW_cmp         | width=3    | lt_372 (req_order.v:372)   |
| add_x_24       | DW01_inc       | width=3    | add_373 (req_order.v:373)  |
| add_x_25       | DW01_inc       | width=3    | add_378 (req_order.v:378)  |
| eq_x_32        | DW_cmp         | width=8    | eq_412 (req_order.v:412)   |
| add_x_45       | DW01_inc       | width=8    | add_460 (req_order.v:460)  |
| eq_x_46        | DW_cmp         | width=10   | eq_492 (req_order.v:492)   |
| eq_x_47        | DW_cmp         | width=10   | eq_492_G2 (req_order.v:492) |
| eq_x_48        | DW_cmp         | width=10   | eq_492_G3 (req_order.v:492) |
| eq_x_49        | DW_cmp         | width=10   | eq_492_G4 (req_order.v:492) |
| eq_x_50        | DW_cmp         | width=10   | eq_492_G5 (req_order.v:492) |
| eq_x_51        | DW_cmp         | width=10   | eq_492_G6 (req_order.v:492) |
| eq_x_52        | DW_cmp         | width=10   | eq_492_G7 (req_order.v:492) |
| eq_x_53        | DW_cmp         | width=10   | eq_492_G8 (req_order.v:492) |
| sub_x_54       | DW01_sub       | width=3    | sub_578 (req_order.v:578)  |
| ne_x_55        | DW_cmp         | width=3    | ne_584 (req_order.v:584)   |
| sub_x_56       | DW01_sub       | width=4    | sub_584 (req_order.v:584)  |
| sub_x_58       | DW01_sub       | width=8    | sub_616 (req_order.v:616)  |
| eq_x_93        | DW_cmp         | width=6    | eq_660 (req_order.v:660)   |
| eq_x_94        | DW_cmp         | width=6    | eq_660_G2 (req_order.v:660) |
| eq_x_95        | DW_cmp         | width=6    | eq_660_G3 (req_order.v:660) |
| eq_x_96        | DW_cmp         | width=6    | eq_660_G4 (req_order.v:660) |
| eq_x_97        | DW_cmp         | width=6    | eq_660_G5 (req_order.v:660) |
| eq_x_98        | DW_cmp         | width=6    | eq_660_G6 (req_order.v:660) |
| eq_x_99        | DW_cmp         | width=6    | eq_660_G7 (req_order.v:660) |
| eq_x_100       | DW_cmp         | width=6    | eq_660_G8 (req_order.v:660) |
| eq_x_101       | DW_cmp         | width=8    | eq_667 (req_order.v:667)   |
| eq_x_102       | DW_cmp         | width=3    | eq_708_3 (req_order.v:708) |
| lt_x_109       | DW_cmp         | width=26   | lt_793 (req_order.v:793)   |
| gt_x_110       | DW_cmp         | width=26   | gt_793 (req_order.v:793)   |
| ne_x_111       | DW_cmp         | width=8    | ne_793 (req_order.v:793)   |
| lt_x_113       | DW_cmp         | width=26   | lt_793_G2 (req_order.v:793) |
| gt_x_114       | DW_cmp         | width=26   | gt_793_G2 (req_order.v:793) |
| ne_x_115       | DW_cmp         | width=8    | ne_793_G2 (req_order.v:793) |
| lt_x_117       | DW_cmp         | width=26   | lt_793_G3 (req_order.v:793) |
| gt_x_118       | DW_cmp         | width=26   | gt_793_G3 (req_order.v:793) |
| ne_x_119       | DW_cmp         | width=8    | ne_793_G3 (req_order.v:793) |
| lt_x_121       | DW_cmp         | width=26   | lt_793_G4 (req_order.v:793) |
| gt_x_122       | DW_cmp         | width=26   | gt_793_G4 (req_order.v:793) |
| ne_x_123       | DW_cmp         | width=8    | ne_793_G4 (req_order.v:793) |
| lt_x_125       | DW_cmp         | width=26   | lt_793_G5 (req_order.v:793) |
| gt_x_126       | DW_cmp         | width=26   | gt_793_G5 (req_order.v:793) |
| ne_x_127       | DW_cmp         | width=8    | ne_793_G5 (req_order.v:793) |
| lt_x_129       | DW_cmp         | width=26   | lt_793_G6 (req_order.v:793) |
| gt_x_130       | DW_cmp         | width=26   | gt_793_G6 (req_order.v:793) |
| ne_x_131       | DW_cmp         | width=8    | ne_793_G6 (req_order.v:793) |
| lt_x_133       | DW_cmp         | width=26   | lt_793_G7 (req_order.v:793) |
| gt_x_134       | DW_cmp         | width=26   | gt_793_G7 (req_order.v:793) |
| ne_x_135       | DW_cmp         | width=8    | ne_793_G7 (req_order.v:793) |
| lt_x_137       | DW_cmp         | width=26   | lt_793_G8 (req_order.v:793) |
| gt_x_138       | DW_cmp         | width=26   | gt_793_G8 (req_order.v:793) |
| ne_x_139       | DW_cmp         | width=8    | ne_793_G8 (req_order.v:793) |
| DP_OP_286J1_122_9484            |            |                            |
|                | DP_OP_286J1_122_9484 |      |                            |
| DP_OP_293J1_123_365             |            |                            |
|                | DP_OP_293J1_123_365 |       |                            |
=============================================================================

Datapath Report for DP_OP_286J1_122_9484
==============================================================================
| Cell                 | Contained Operations                                |
==============================================================================
| DP_OP_286J1_122_9484 | sub_623 (req_order.v:623) eq_623 (req_order.v:623)  |
==============================================================================

==============================================================================
|       |      | Data     |       |                                          |
| Var   | Type | Class    | Width | Expression                               |
==============================================================================
| I1    | PI   | Unsigned | 32    |                                          |
| I2    | PI   | Unsigned | 32    |                                          |
| T59   | IFO  | Signed   | 32    | I1 - $unsigned(3'b111) (req_order.v:623) |
| O1    | PO   | Unsigned | 1     | I2 == $unsigned(T59) (req_order.v:623)   |
==============================================================================

Datapath Report for DP_OP_293J1_123_365
==============================================================================
| Cell                 | Contained Operations                                |
==============================================================================
| DP_OP_293J1_123_365  | add_627 (req_order.v:627) add_613 (req_order.v:613) |
==============================================================================

==============================================================================
|       |      | Data     |       |                                          |
| Var   | Type | Class    | Width | Expression                               |
==============================================================================
| I1    | PI   | Unsigned | 32    |                                          |
| I2    | PI   | Unsigned | 4     |                                          |
| O1    | PO   | Unsigned | 32    | I1 + I2 ( req_order.v:613 req_order.v:627 ) |
==============================================================================


Datapath Extraction Report

Information: Operator associated with resources 'sub_578 (req_order.v:578)' in design 'req_order_REQ_FLIT_WITH175_URGE_WITH7_IID_WITH10_TID_WITH10_SUBR_WITH8_ADDR_WITH32_AXID_WITH4_ORDKEY_WITH8_LEN_WITH8_USER_WITH10_NBYTEPERWORD8_TAG_CNT_WITH3_REQ_IID_OFFSET7_REQ_TID_OFFSET17_REQ_SUBR_OFFSET27_REQ_ORDKEY_OFFSET35_REQ_OPC_OFFSET43_REQ_STATUS_OFFSET47_REQ_LEN_OFFSET49_REQ_ADDR_OFFSET57_REQ_USER_OFFSET89_REQ_ERRC_OFFSET99_REQ_HEAD_LEN_OFFSET102_HEAD_BUFF_DEEP8_ADDR_BLOCK_SIZE64_ADDR_BP_TYPE1_EARLY_RSP_MODE1_DLY0_0' breaks the datapath extraction because there is leakage due to truncation on its fanout to operator of resources 'sub_584 (req_order.v:584)'.  (HDL-120)

Information: Operator associated with resources 'sub_584 (req_order.v:584)' in design 'req_order_REQ_FLIT_WITH175_URGE_WITH7_IID_WITH10_TID_WITH10_SUBR_WITH8_ADDR_WITH32_AXID_WITH4_ORDKEY_WITH8_LEN_WITH8_USER_WITH10_NBYTEPERWORD8_TAG_CNT_WITH3_REQ_IID_OFFSET7_REQ_TID_OFFSET17_REQ_SUBR_OFFSET27_REQ_ORDKEY_OFFSET35_REQ_OPC_OFFSET43_REQ_STATUS_OFFSET47_REQ_LEN_OFFSET49_REQ_ADDR_OFFSET57_REQ_USER_OFFSET89_REQ_ERRC_OFFSET99_REQ_HEAD_LEN_OFFSET102_HEAD_BUFF_DEEP8_ADDR_BLOCK_SIZE64_ADDR_BP_TYPE1_EARLY_RSP_MODE1_DLY0_0' breaks the datapath extraction because there is leakage due to truncation on its fanout to operator of resources 'C11104 (req_order.v:584)'.  (HDL-120)


Implementation Report
===============================================================================
|                    |                  | Current            | Set            |
| Cell               | Module           | Implementation     | Implementation |
===============================================================================
| eq_x_5             | DW_cmp           | apparch (area)     |                |
| eq_x_6             | DW_cmp           | apparch (area)     |                |
| eq_x_7             | DW_cmp           | apparch (area)     |                |
| eq_x_8             | DW_cmp           | apparch (area)     |                |
| eq_x_9             | DW_cmp           | apparch (area)     |                |
| eq_x_10            | DW_cmp           | apparch (area)     |                |
| eq_x_11            | DW_cmp           | apparch (area)     |                |
| eq_x_12            | DW_cmp           | apparch (area)     |                |
| add_x_13           | DW01_inc         | apparch (area)     |                |
| eq_x_14            | DW_cmp           | apparch (area)     |                |
| eq_x_15            | DW_cmp           | apparch (area)     |                |
| eq_x_16            | DW_cmp           | apparch (area)     |                |
| eq_x_17            | DW_cmp           | apparch (area)     |                |
| eq_x_18            | DW_cmp           | apparch (area)     |                |
| eq_x_19            | DW_cmp           | apparch (area)     |                |
| eq_x_20            | DW_cmp           | apparch (area)     |                |
| eq_x_21            | DW_cmp           | apparch (area)     |                |
| lt_x_22            | DW_cmp           | apparch (area)     |                |
| lt_x_23            | DW_cmp           | apparch (area)     |                |
| add_x_24           | DW01_inc         | apparch (area)     |                |
| add_x_25           | DW01_inc         | apparch (area)     |                |
| eq_x_32            | DW_cmp           | apparch (area)     |                |
| add_x_45           | DW01_inc         | apparch (area)     |                |
| eq_x_46            | DW_cmp           | apparch (area)     |                |
| eq_x_47            | DW_cmp           | apparch (area)     |                |
| eq_x_48            | DW_cmp           | apparch (area)     |                |
| eq_x_49            | DW_cmp           | apparch (area)     |                |
| eq_x_50            | DW_cmp           | apparch (area)     |                |
| eq_x_51            | DW_cmp           | apparch (area)     |                |
| eq_x_52            | DW_cmp           | apparch (area)     |                |
| eq_x_53            | DW_cmp           | apparch (area)     |                |
| sub_x_54           | DW01_sub         | apparch (area)     |                |
| ne_x_55            | DW_cmp           | apparch (area)     |                |
| sub_x_56           | DW01_sub         | apparch (area)     |                |
| sub_x_58           | DW01_sub         | apparch (area)     |                |
| eq_x_93            | DW_cmp           | apparch (area)     |                |
| eq_x_94            | DW_cmp           | apparch (area)     |                |
| eq_x_95            | DW_cmp           | apparch (area)     |                |
| eq_x_96            | DW_cmp           | apparch (area)     |                |
| eq_x_97            | DW_cmp           | apparch (area)     |                |
| eq_x_98            | DW_cmp           | apparch (area)     |                |
| eq_x_99            | DW_cmp           | apparch (area)     |                |
| eq_x_100           | DW_cmp           | apparch (area)     |                |
| eq_x_101           | DW_cmp           | apparch (area)     |                |
| eq_x_102           | DW_cmp           | apparch (area)     |                |
| lt_x_109           | DW_cmp           | apparch (area)     |                |
| gt_x_110           | DW_cmp           | apparch (area)     |                |
| ne_x_111           | DW_cmp           | apparch (area)     |                |
| lt_x_113           | DW_cmp           | apparch (area)     |                |
| gt_x_114           | DW_cmp           | apparch (area)     |                |
| ne_x_115           | DW_cmp           | apparch (area)     |                |
| lt_x_117           | DW_cmp           | apparch (area)     |                |
| gt_x_118           | DW_cmp           | apparch (area)     |                |
| ne_x_119           | DW_cmp           | apparch (area)     |                |
| lt_x_121           | DW_cmp           | apparch (area)     |                |
| gt_x_122           | DW_cmp           | apparch (area)     |                |
| ne_x_123           | DW_cmp           | apparch (area)     |                |
| lt_x_125           | DW_cmp           | apparch (area)     |                |
| gt_x_126           | DW_cmp           | apparch (area)     |                |
| ne_x_127           | DW_cmp           | apparch (area)     |                |
| lt_x_129           | DW_cmp           | apparch (area)     |                |
| gt_x_130           | DW_cmp           | apparch (area)     |                |
| ne_x_131           | DW_cmp           | apparch (area)     |                |
| lt_x_133           | DW_cmp           | apparch (area)     |                |
| gt_x_134           | DW_cmp           | apparch (area)     |                |
| ne_x_135           | DW_cmp           | apparch (area)     |                |
| lt_x_137           | DW_cmp           | apparch (area)     |                |
| gt_x_138           | DW_cmp           | apparch (area)     |                |
| ne_x_139           | DW_cmp           | apparch (area)     |                |
| DP_OP_286J1_122_9484                  |                    |                |
|                    | DP_OP_286J1_122_9484 | str (area)     |                |
| DP_OP_293J1_123_365                   |                    |                |
|                    | DP_OP_293J1_123_365 | str (area)      |                |
===============================================================================

 
****************************************
Design : addr_border_cout_ADDR_WITH32_LEN_WITH8_NBYTEPERWORD8_ADDR_BLOCK_SIZE64_COUNT_MODE0_0
****************************************

Resource Report for this hierarchy
=============================================================================
| Cell           | Module         | Parameters | Contained Operations       |
=============================================================================
| DP_OP_19J6_125_2120             |            |                            |
|                | DP_OP_19J6_125_2120 |       |                            |
=============================================================================

Datapath Report for DP_OP_19J6_125_2120
==============================================================================
| Cell                 | Contained Operations                                |
==============================================================================
| DP_OP_19J6_125_2120  | add_86 (addr_border_count.v:86)                     |
|                      | add_91 (addr_border_count.v:91)                     |
==============================================================================

==============================================================================
|       |      | Data     |       |                                          |
| Var   | Type | Class    | Width | Expression                               |
==============================================================================
| I1    | PI   | Unsigned | 32    |                                          |
| I2    | PI   | Unsigned | 8     |                                          |
| O1    | PO   | Unsigned | 32    | I1 + I2 ( addr_border_count.v:86 addr_border_count.v:91 ) |
==============================================================================


Implementation Report
===============================================================================
|                    |                  | Current            | Set            |
| Cell               | Module           | Implementation     | Implementation |
===============================================================================
| DP_OP_19J6_125_2120                   |                    |                |
|                    | DP_OP_19J6_125_2120 | str (area)      |                |
===============================================================================

 
****************************************
Design : addr_border_cout_ADDR_WITH32_LEN_WITH8_NBYTEPERWORD8_ADDR_BLOCK_SIZE1_COUNT_MODE1_0
****************************************

Resource Report for this hierarchy
=============================================================================
| Cell           | Module         | Parameters | Contained Operations       |
=============================================================================
| DP_OP_11J7_122_3091             |            |                            |
|                | DP_OP_11J7_122_3091 |       |                            |
=============================================================================

Datapath Report for DP_OP_11J7_122_3091
==============================================================================
| Cell                 | Contained Operations                                |
==============================================================================
| DP_OP_11J7_122_3091  | add_58 (addr_border_count.v:58)                     |
|                      | add_63 (addr_border_count.v:63)                     |
==============================================================================

==============================================================================
|       |      | Data     |       |                                          |
| Var   | Type | Class    | Width | Expression                               |
==============================================================================
| I1    | PI   | Unsigned | 32    |                                          |
| I2    | PI   | Unsigned | 8     |                                          |
| O1    | PO   | Unsigned | 32    | I1 + I2 ( addr_border_count.v:58 addr_border_count.v:63 ) |
==============================================================================


Implementation Report
===============================================================================
|                    |                  | Current            | Set            |
| Cell               | Module           | Implementation     | Implementation |
===============================================================================
| DP_OP_11J7_122_3091                   |                    |                |
|                    | DP_OP_11J7_122_3091 | str (area)      |                |
===============================================================================

 
****************************************
Design : wrap_adjust_RSP_FLIT_WITH157_NBYTEPERWORD8_USER_WITH10_ADDR_WITH32_AXID_WITH4_RWRAP_CNT_MAX4_DLY0_0
****************************************

Resource Report for this hierarchy in file
        /home/ICer/RKNoC/axi_tniu_uvm/rtl/wrap_adjust.v
=============================================================================
| Cell           | Module         | Parameters | Contained Operations       |
=============================================================================
| add_x_1        | DW01_inc       | width=4    | add_96 (wrap_adjust.v:96)  |
| eq_x_4         | DW_cmp         | width=5    | eq_181 (wrap_adjust.v:181) |
| eq_x_5         | DW_cmp         | width=5    | eq_181_G2 (wrap_adjust.v:181) |
| eq_x_6         | DW_cmp         | width=5    | eq_181_G3 (wrap_adjust.v:181) |
| eq_x_7         | DW_cmp         | width=5    | eq_181_G4 (wrap_adjust.v:181) |
| add_x_15       | DW01_add       | width=10   | add_234 (wrap_adjust.v:234) |
| ash_16         | DW_leftsh      | A_width=72 | sll_248 (wrap_adjust.v:248) |
                |                | SH_width=10 |                           |
| ashr_17        | DW_rightsh     | A_width=72 | srl_248 (wrap_adjust.v:248) |
                |                | SH_width=10 |                           |
| ashr_18        | DW_rightsh     | A_width=72 | srl_250 (wrap_adjust.v:250) |
                |                | SH_width=10 |                           |
| ash_19         | DW_leftsh      | A_width=72 | sll_250 (wrap_adjust.v:250) |
                |                | SH_width=10 |                           |
| DP_OP_59J3_122_6289             |            |                            |
|                | DP_OP_59J3_122_6289 |       |                            |
| DP_OP_33J3_123_5928             |            |                            |
|                | DP_OP_33J3_123_5928 |       |                            |
=============================================================================

Datapath Report for DP_OP_59J3_122_6289
==============================================================================
| Cell                 | Contained Operations                                |
==============================================================================
| DP_OP_59J3_122_6289  | add_240 (wrap_adjust.v:240)                         |
|                      | sub_240 (wrap_adjust.v:240)                         |
==============================================================================

==============================================================================
|       |      | Data     |       |                                          |
| Var   | Type | Class    | Width | Expression                               |
==============================================================================
| I1    | PI   | Signed   | 10    |                                          |
| I2    | PI   | Unsigned | 8     |                                          |
| O1    | PO   | Signed   | 10    | -I1 - I2 + $unsigned(7'b1001000) (wrap_adjust.v:240) |
==============================================================================

Datapath Report for DP_OP_33J3_123_5928
==============================================================================
| Cell                 | Contained Operations                                |
==============================================================================
| DP_OP_33J3_123_5928  | add_262 (wrap_adjust.v:262)                         |
|                      | sub_264 (wrap_adjust.v:264)                         |
==============================================================================

==============================================================================
|       |      | Data     |       |                                          |
| Var   | Type | Class    | Width | Expression                               |
==============================================================================
| I1    | PI   | Signed   | 32    |                                          |
| I2    | PI   | Unsigned | 8     |                                          |
| I3    | PI   | Unsigned | 1     |                                          |
| O1    | PO   | Signed   | 32    | addsub(I1,I2,I3) ( wrap_adjust.v:262 wrap_adjust.v:264 ) |
==============================================================================


Implementation Report
===============================================================================
|                    |                  | Current            | Set            |
| Cell               | Module           | Implementation     | Implementation |
===============================================================================
| add_x_1            | DW01_inc         | apparch (area)     |                |
| eq_x_4             | DW_cmp           | apparch (area)     |                |
| eq_x_5             | DW_cmp           | apparch (area)     |                |
| eq_x_6             | DW_cmp           | apparch (area)     |                |
| eq_x_7             | DW_cmp           | apparch (area)     |                |
| add_x_15           | DW01_add         | apparch (area)     |                |
| ash_16             | DW_leftsh        | astr (area)        |                |
| ashr_17            | DW_rightsh       | astr (area)        |                |
| ashr_18            | DW_rightsh       | astr (area)        |                |
| ash_19             | DW_leftsh        | astr (area)        |                |
| DP_OP_59J3_122_6289                   |                    |                |
|                    | DP_OP_59J3_122_6289 | str (area)      |                |
| DP_OP_33J3_123_5928                   |                    |                |
|                    | DP_OP_33J3_123_5928 | str (area)      |                |
===============================================================================

 
****************************************
Design : wrap_align_REQ_HEAD_LEN_OFFSET102_ADDR_WITH32_REQ_OPC_OFFSET43_REQ_STATUS_OFFSET47_REQ_LEN_OFFSET49_REQ_ADDR_OFFSET57_REQ_USER_OFFSET89_NBYTEPERWORD8_REQ_FLIT_WITH175_RWRAP_CNT_MAX4_DLY0_0
****************************************

Resource Report for this hierarchy in file
        /home/ICer/RKNoC/axi_tniu_uvm/rtl/wrap_align.v
=============================================================================
| Cell           | Module         | Parameters | Contained Operations       |
=============================================================================
| eq_x_1         | DW_cmp         | width=32   | eq_78 (wrap_align.v:78)    |
| add_x_2        | DW01_add       | width=32   | add_83 (wrap_align.v:83)   |
| add_x_5        | DW01_inc       | width=3    | add_126 (wrap_align.v:126) |
| sub_x_6        | DW01_sub       | width=3    | sub_129_aco (wrap_align.v:129) |
| add_x_10       | DW01_add       | width=10   | add_193 (wrap_align.v:193) |
| ashr_12        | DW_rightsh     | A_width=72 | srl_203 (wrap_align.v:203) |
|                |                | SH_width=32 |                           |
| ash_13         | DW_leftsh      | A_width=72 | sll_203 (wrap_align.v:203) |
|                |                | SH_width=32 |                           |
| ash_14         | DW_leftsh      | A_width=72 | sll_203_2 (wrap_align.v:203) |
               |                | SH_width=10 |                           |
| ashr_15        | DW_rightsh     | A_width=72 | srl_203_2 (wrap_align.v:203) |
               |                | SH_width=10 |                           |
| sub_x_11       | DW01_sub       | width=11   | sub_203 (wrap_align.v:203) |
|                |                |            | sub_203_2 (wrap_align.v:203) |
| DP_OP_47J6_122_7095             |            |                            |
|                | DP_OP_47J6_122_7095 |       |                            |
=============================================================================

Datapath Report for DP_OP_47J6_122_7095
==============================================================================
| Cell                 | Contained Operations                                |
==============================================================================
| DP_OP_47J6_122_7095  | sub_89 (wrap_align.v:89) sub_91 (wrap_align.v:91)   |
==============================================================================

==============================================================================
|       |      | Data     |       |                                          |
| Var   | Type | Class    | Width | Expression                               |
==============================================================================
| I1    | PI   | Signed   | 8     |                                          |
| I2    | PI   | Signed   | 8     |                                          |
| O1    | PO   | Signed   | 8     | I1 - I2 ( wrap_align.v:89 wrap_align.v:91 ) |
==============================================================================


Datapath Extraction Report

Information: Operator associated with resources 'add_83 (wrap_align.v:83)' in design 'wrap_align_REQ_HEAD_LEN_OFFSET102_ADDR_WITH32_REQ_OPC_OFFSET43_REQ_STATUS_OFFSET47_REQ_LEN_OFFSET49_REQ_ADDR_OFFSET57_REQ_USER_OFFSET89_NBYTEPERWORD8_REQ_FLIT_WITH175_RWRAP_CNT_MAX4_DLY0_0' breaks the datapath extraction because there is leakage due to truncation on its fanout to operator of resources 'C1379 (wrap_align.v:78)'.  (HDL-120)

Information: Operator associated with resources 'add_193 (wrap_align.v:193)' in design 'wrap_align_REQ_HEAD_LEN_OFFSET102_ADDR_WITH32_REQ_OPC_OFFSET43_REQ_STATUS_OFFSET47_REQ_LEN_OFFSET49_REQ_ADDR_OFFSET57_REQ_USER_OFFSET89_NBYTEPERWORD8_REQ_FLIT_WITH175_RWRAP_CNT_MAX4_DLY0_0' breaks the datapath extraction because there is leakage due to truncation on its fanout to operator of resources 'sub_203_2 (wrap_align.v:203) sub_203 (wrap_align.v:203)'.  (HDL-120)


Implementation Report
===============================================================================
|                    |                  | Current            | Set            |
| Cell               | Module           | Implementation     | Implementation |
===============================================================================
| eq_x_1             | DW_cmp           | apparch (area)     |                |
| add_x_2            | DW01_add         | apparch (area)     |                |
| add_x_5            | DW01_inc         | apparch (area)     |                |
| sub_x_6            | DW01_sub         | apparch (area)     |                |
| add_x_10           | DW01_add         | apparch (area)     |                |
| ashr_12            | DW_rightsh       | astr (area)        |                |
| ash_13             | DW_leftsh        | astr (area)        |                |
| ash_14             | DW_leftsh        | astr (area)        |                |
| ashr_15            | DW_rightsh       | astr (area)        |                |
| sub_x_11           | DW01_sub         | apparch (area)     |                |
| DP_OP_47J6_122_7095                   |                    |                |
|                    | DP_OP_47J6_122_7095 | str (area)      |                |
===============================================================================

1
