
                           Design Compiler Graphical 
                                 DC Ultra (TM)
                                  DFTMAX (TM)
                              Power Compiler (TM)
                                 DesignWare (R)
                                 DC Expert (TM)
                               Design Vision (TM)
                               HDL Compiler (TM)
                               VHDL Compiler (TM)
                                  DFT Compiler
                               Design Compiler(R)

               Version O-2018.06-SP1 for linux64 - Jul 19, 2018 

                    Copyright (c) 1988 - 2018 Synopsys, Inc.
   This software and the associated documentation are proprietary to Synopsys,
 Inc. This software may only be used in accordance with the terms and conditions
 of a written license agreement with Synopsys, Inc. All other use, reproduction,
            or distribution of this software is strictly prohibited.
Initializing...
# =============================================================================
# File        : dc_pre_layout_ppa.tcl
# Purpose     : Reproducible pre-layout PPA synthesis flow for axi_tniu
# Tool        : Synopsys Design Compiler / dc_shell (tested syntax target: 2018.x)
#
# What this flow does
#   1. Loads the TSMC 90 nm standard-cell timing/power library.
#   2. Analyzes and elaborates RTL only (no UVM/testbench sources).
#   3. Applies block-level clock, I/O and design-rule constraints.
#   4. Runs mapped synthesis using compile_ultra or compile.
#   5. Optionally annotates SAIF/VCD activity; otherwise uses vectorless activity.
#   6. Saves DDC, mapped Verilog, SDC and SDF outputs.
#   7. Generates timing, area, power, QoR and consistency reports.
#
# Recommended invocation
#   ./ppa/run_dc_ppa.sh
#
# Important
#   This is a pre-layout estimate.  Interconnect, clock-tree and routed
#   parasitics are not available, so the results are not post-layout signoff.
# =============================================================================
# -----------------------------------------------------------------------------
# Small Tcl helpers
# -----------------------------------------------------------------------------
proc env_or_default {name default_value} {
  global env
  if {[info exists env($name)] && $env($name) ne ""} {
    return $env($name)
  }
  return $default_value
}
proc fatal {message} {
  puts stderr "\nFATAL: $message\n"
  exit 2
}
proc require_file {path description} {
  if {![file exists $path] || ![file isfile $path]} {
    fatal "$description not found: $path"
  }
}
proc require_number {name value} {
  if {![string is double -strict $value]} {
    fatal "$name must be numeric, got: $value"
  }
}
proc collection_nonempty {collection_object} {
  if {[catch {sizeof_collection $collection_object} count]} {
    return 0
  }
  return [expr {$count > 0}]
}
# Run a non-essential report without aborting an otherwise valid synthesis.
proc optional_report {report_path report_body} {
  if {[catch {
    uplevel 1 [list redirect -file $report_path $report_body]
  } report_error]} {
    puts "WARNING: optional report failed: $report_path"
    puts "         $report_error"
  }
}
# -----------------------------------------------------------------------------
# Paths and run directory
# -----------------------------------------------------------------------------
set SCRIPT_DIR [file dirname [file normalize [info script]]]
/home/ICer/RKNoC/axi_tniu_uvm/ppa
set REPO_ROOT  [file normalize [file join $SCRIPT_DIR ..]]
/home/ICer/RKNoC/axi_tniu_uvm
set RUN_STAMP  [clock format [clock seconds] -format "%Y%m%d_%H%M%S"]
20260821_161541
set DEFAULT_RUN_DIR [file join $SCRIPT_DIR runs "dc_$RUN_STAMP"]
/home/ICer/RKNoC/axi_tniu_uvm/ppa/runs/dc_20260821_161541
set RUN_DIR         [file normalize [env_or_default PPA_RUN_DIR $DEFAULT_RUN_DIR]]
/home/ICer/RKNoC/axi_tniu_uvm/ppa/runs/dc_20260821_161541
set REPORT_DIR      [file join $RUN_DIR reports]
/home/ICer/RKNoC/axi_tniu_uvm/ppa/runs/dc_20260821_161541/reports
set OUTPUT_DIR      [file join $RUN_DIR outputs]
/home/ICer/RKNoC/axi_tniu_uvm/ppa/runs/dc_20260821_161541/outputs
set DATABASE_DIR    [file join $RUN_DIR database]
/home/ICer/RKNoC/axi_tniu_uvm/ppa/runs/dc_20260821_161541/database
set WORK_DIR        [file join $RUN_DIR work]
/home/ICer/RKNoC/axi_tniu_uvm/ppa/runs/dc_20260821_161541/work
set ALIB_DIR        [file join $RUN_DIR alib]
/home/ICer/RKNoC/axi_tniu_uvm/ppa/runs/dc_20260821_161541/alib
foreach directory [list $RUN_DIR $REPORT_DIR $OUTPUT_DIR                         $DATABASE_DIR $WORK_DIR $ALIB_DIR] {
  file mkdir $directory
}
# -----------------------------------------------------------------------------
# User-overridable flow configuration
#
# Override any value from the shell, for example:
#   DC_CLOCK_PERIOD_NS=5.0 DC_COMPILE_MODE=ultra ./ppa/run_dc_ppa.sh
# -----------------------------------------------------------------------------
set TOP_DESIGN          [env_or_default DC_TOP_DESIGN          axi_tniu]
axi_tniu
set RTL_DIR             [file normalize [env_or_default DC_RTL_DIR                                            [file join $REPO_ROOT rtl]]]
/home/ICer/RKNoC/axi_tniu_uvm/rtl
set HDL_FORMAT          [string tolower [env_or_default DC_HDL_FORMAT sverilog]]
sverilog
set LIB_DIR             [file normalize [env_or_default DC_LIB_DIR                                            /home/ic_libs/TSMC.90/aci/sc-x/libspm]]
/home/ic_libs/TSMC.90/aci/sc-x/libspm
set TARGET_LIBRARY      [file normalize [env_or_default DC_TARGET_LIBRARY                                            [file join $LIB_DIR typical.db]]]
/home/ic_libs/TSMC.90/aci/sc-x/libspm/typical.db
set OPERATING_CONDITION [env_or_default DC_OPERATING_CONDITION typical]
typical
set CLOCK_PORT          [env_or_default DC_CLOCK_PORT          aclk]
aclk
set CLOCK_NAME          [env_or_default DC_CLOCK_NAME          aclk]
aclk
set RESET_PORT          [env_or_default DC_RESET_PORT          aresetn]
aresetn
set CLOCK_PERIOD        [env_or_default DC_CLOCK_PERIOD_NS     10.0]
10.0
set CLOCK_UNCERTAINTY   [env_or_default DC_CLOCK_UNCERTAINTY_NS 0.10]
0.10
set CLOCK_TRANSITION    [env_or_default DC_CLOCK_TRANSITION_NS  0.10]
0.10
set INPUT_DELAY_MAX     [env_or_default DC_INPUT_DELAY_MAX_NS   1.00]
1.00
set INPUT_DELAY_MIN     [env_or_default DC_INPUT_DELAY_MIN_NS   0.00]
0.00
set OUTPUT_DELAY_MAX    [env_or_default DC_OUTPUT_DELAY_MAX_NS  1.00]
1.00
set OUTPUT_DELAY_MIN    [env_or_default DC_OUTPUT_DELAY_MIN_NS  0.00]
0.00
set INPUT_TRANSITION    [env_or_default DC_INPUT_TRANSITION_NS  0.20]
0.20
set OUTPUT_LOAD         [env_or_default DC_OUTPUT_LOAD_PF       0.05]
0.05
set MAX_TRANSITION      [env_or_default DC_MAX_TRANSITION_NS    0.80]
0.80
set MAX_FANOUT          [env_or_default DC_MAX_FANOUT           16]
16
set CRITICAL_RANGE      [env_or_default DC_CRITICAL_RANGE_NS    0.50]
0.50
set MAX_AREA            [env_or_default DC_MAX_AREA             0]
0
set COMPILE_MODE        [string tolower [env_or_default DC_COMPILE_MODE ultra]]
ultra
set RUN_INCREMENTAL     [env_or_default DC_RUN_INCREMENTAL 1]
1
set MAX_CORES           [env_or_default DC_MAX_CORES       4]
4
set TIMING_MAX_PATHS    [env_or_default DC_TIMING_MAX_PATHS 30]
30
# Optional activity inputs.  Priority: SAIF, then VCD, then vectorless defaults.
set SAIF_FILE           [env_or_default DC_SAIF_FILE ""]
set VCD_FILE            [env_or_default DC_VCD_FILE  ""]
set ACTIVITY_SCOPE      [env_or_default DC_ACTIVITY_SCOPE tb_top/dut]
tb_top/dut
set INPUT_STATIC_PROB   [env_or_default DC_INPUT_STATIC_PROBABILITY 0.5]
0.5
set INPUT_TOGGLE_RATE   [env_or_default DC_INPUT_TOGGLE_RATE        0.10]
0.10
foreach numeric_setting {
  CLOCK_PERIOD CLOCK_UNCERTAINTY CLOCK_TRANSITION
  INPUT_DELAY_MAX INPUT_DELAY_MIN OUTPUT_DELAY_MAX OUTPUT_DELAY_MIN
  INPUT_TRANSITION OUTPUT_LOAD MAX_TRANSITION MAX_FANOUT CRITICAL_RANGE
  MAX_AREA MAX_CORES TIMING_MAX_PATHS INPUT_STATIC_PROB INPUT_TOGGLE_RATE
} {
  require_number $numeric_setting [set $numeric_setting]
}
if {$CLOCK_PERIOD <= 0.0} {
  fatal "DC_CLOCK_PERIOD_NS must be greater than zero"
}
if {$COMPILE_MODE ne "ultra" && $COMPILE_MODE ne "standard"} {
  fatal "DC_COMPILE_MODE must be 'ultra' or 'standard', got: $COMPILE_MODE"
}
if {$HDL_FORMAT ne "sverilog" && $HDL_FORMAT ne "verilog"} {
  fatal "DC_HDL_FORMAT must be 'sverilog' or 'verilog', got: $HDL_FORMAT"
}
require_file $TARGET_LIBRARY "target library"
# Keep this list explicit and RTL-only.  This prevents accidental synthesis of
# UVM, interfaces, assertions or the simulation clock/reset generator.
set RTL_FILES [list   [file join $RTL_DIR axi_tniu.v]   [file join $RTL_DIR wrap_align.v]   [file join $RTL_DIR wrap_adjust.v]   [file join $RTL_DIR req_order.v]   [file join $RTL_DIR rsp_order.v]   [file join $RTL_DIR addr_map.v]   [file join $RTL_DIR rreq_trans.v]   [file join $RTL_DIR wreq_trans.v]   [file join $RTL_DIR rsp_trans.v]   [file join $RTL_DIR watchdog.v]   [file join $RTL_DIR ely_rsp_detect.v]   [file join $RTL_DIR addr_border_count.v]   [file join $RTL_DIR syn_fifo.v] ]
/home/ICer/RKNoC/axi_tniu_uvm/rtl/axi_tniu.v /home/ICer/RKNoC/axi_tniu_uvm/rtl/wrap_align.v /home/ICer/RKNoC/axi_tniu_uvm/rtl/wrap_adjust.v /home/ICer/RKNoC/axi_tniu_uvm/rtl/req_order.v /home/ICer/RKNoC/axi_tniu_uvm/rtl/rsp_order.v /home/ICer/RKNoC/axi_tniu_uvm/rtl/addr_map.v /home/ICer/RKNoC/axi_tniu_uvm/rtl/rreq_trans.v /home/ICer/RKNoC/axi_tniu_uvm/rtl/wreq_trans.v /home/ICer/RKNoC/axi_tniu_uvm/rtl/rsp_trans.v /home/ICer/RKNoC/axi_tniu_uvm/rtl/watchdog.v /home/ICer/RKNoC/axi_tniu_uvm/rtl/ely_rsp_detect.v /home/ICer/RKNoC/axi_tniu_uvm/rtl/addr_border_count.v /home/ICer/RKNoC/axi_tniu_uvm/rtl/syn_fifo.v
foreach rtl_file $RTL_FILES {
  require_file $rtl_file "RTL source"
}
# Save the resolved settings so every PPA result can be reproduced later.
set config_file [open [file join $RUN_DIR resolved_configuration.txt] w]
file11
puts $config_file "run_stamp=$RUN_STAMP"
puts $config_file "repo_root=$REPO_ROOT"
puts $config_file "top_design=$TOP_DESIGN"
puts $config_file "rtl_dir=$RTL_DIR"
puts $config_file "hdl_format=$HDL_FORMAT"
puts $config_file "target_library=$TARGET_LIBRARY"
puts $config_file "operating_condition=$OPERATING_CONDITION"
puts $config_file "clock_port=$CLOCK_PORT"
puts $config_file "clock_name=$CLOCK_NAME"
puts $config_file "clock_period_ns=$CLOCK_PERIOD"
puts $config_file "clock_uncertainty_ns=$CLOCK_UNCERTAINTY"
puts $config_file "input_delay_max_ns=$INPUT_DELAY_MAX"
puts $config_file "output_delay_max_ns=$OUTPUT_DELAY_MAX"
puts $config_file "output_load_pf=$OUTPUT_LOAD"
puts $config_file "compile_mode=$COMPILE_MODE"
puts $config_file "run_incremental=$RUN_INCREMENTAL"
puts $config_file "saif_file=$SAIF_FILE"
puts $config_file "vcd_file=$VCD_FILE"
puts $config_file "activity_scope=$ACTIVITY_SCOPE"
close $config_file
puts ""

puts "=============================================================================="
==============================================================================
puts " axi_tniu pre-layout PPA flow"
 axi_tniu pre-layout PPA flow
puts "=============================================================================="
==============================================================================
puts " Top design       : $TOP_DESIGN"
 Top design       : axi_tniu
puts " RTL directory    : $RTL_DIR"
 RTL directory    : /home/ICer/RKNoC/axi_tniu_uvm/rtl
puts " HDL format       : $HDL_FORMAT"
 HDL format       : sverilog
puts " Target library   : $TARGET_LIBRARY"
 Target library   : /home/ic_libs/TSMC.90/aci/sc-x/libspm/typical.db
puts " PVT condition    : $OPERATING_CONDITION"
 PVT condition    : typical
puts " Clock            : $CLOCK_PORT, period=${CLOCK_PERIOD}ns"
 Clock            : aclk, period=10.0ns
puts " Compile mode     : $COMPILE_MODE"
 Compile mode     : ultra
puts " Run directory    : $RUN_DIR"
 Run directory    : /home/ICer/RKNoC/axi_tniu_uvm/ppa/runs/dc_20260821_161541
puts "=============================================================================="
==============================================================================
puts ""

# -----------------------------------------------------------------------------
# Design Compiler setup and technology libraries
# -----------------------------------------------------------------------------
set_app_var search_path [concat [get_app_var search_path]                                 [list $RTL_DIR $LIB_DIR]]
. /home/synopsys/syn/O-2018.06-SP1/libraries/syn /home/synopsys/syn/O-2018.06-SP1/minpower/syn /home/synopsys/syn/O-2018.06-SP1/dw/syn_ver /home/synopsys/syn/O-2018.06-SP1/dw/sim_ver /home/ICer/RKNoC/axi_tniu_uvm/rtl /home/ic_libs/TSMC.90/aci/sc-x/libspm
set_app_var target_library [list $TARGET_LIBRARY]
/home/ic_libs/TSMC.90/aci/sc-x/libspm/typical.db
set_app_var link_library   [concat "*" [list $TARGET_LIBRARY]]
* /home/ic_libs/TSMC.90/aci/sc-x/libspm/typical.db
set_app_var alib_library_analysis_path $ALIB_DIR
/home/ICer/RKNoC/axi_tniu_uvm/ppa/runs/dc_20260821_161541/alib
# Keep generated netlists legal and deterministic.
set_app_var verilogout_no_tri true
true
set_app_var bus_naming_style {%s[%d]}
%s[%d]
# Use available CPU cores without changing synthesis semantics.
if {[catch {set_host_options -max_cores $MAX_CORES} host_error]} {
  puts "WARNING: could not set max cores: $host_error"
}
define_design_lib WORK -path $WORK_DIR
1
set_svf [file join $DATABASE_DIR "${TOP_DESIGN}.svf"]
1
# Read the .db now so library/PVT errors occur before RTL analysis.
if {[catch {read_db $TARGET_LIBRARY} library_error]} {
  fatal "failed to read target library: $library_error"
}
Loading db file '/home/ic_libs/TSMC.90/aci/sc-x/libspm/typical.db'
Loading db file '/home/synopsys/syn/O-2018.06-SP1/libraries/syn/gtech.db'
Loading db file '/home/synopsys/syn/O-2018.06-SP1/libraries/syn/standard.sldb'
  Loading link library 'typical'
  Loading link library 'gtech'
Loading db file '/home/ic_libs/TSMC.90/aci/sc-x/libspm/typical.db'
Warning: Overwriting design file '/home/ic_libs/TSMC.90/aci/sc-x/libspm/typical.db'. (DDB-24)
Loaded 0 designs.
redirect -file [file join $REPORT_DIR library.rpt] {
  report_lib [get_libs *]
}
optional_report [file join $REPORT_DIR units.rpt] {
  report_units
}
# -----------------------------------------------------------------------------
# RTL analysis, elaboration and structural checks
# -----------------------------------------------------------------------------
puts "INFO: analyzing [llength $RTL_FILES] RTL files as $HDL_FORMAT"
INFO: analyzing 13 RTL files as sverilog
# Analyze one source at a time.  A batch analyze can return false after the
# first syntax/front-end error without raising a Tcl exception; if that return
# value is ignored, the later link step only reports many misleading missing
# modules.  Per-file analysis identifies the first real failing source and
# preserves its complete diagnostic output in reports/analyze_<file>.rpt.
foreach rtl_file $RTL_FILES {
  set rtl_stem    [file rootname [file tail $rtl_file]]
  set analyze_log [file join $REPORT_DIR "analyze_${rtl_stem}.rpt"]
  set analyze_ok  0

  puts "INFO: analyze [file tail $rtl_file]"
  if {[catch {
    redirect -file $analyze_log {
      set analyze_ok [analyze -format $HDL_FORMAT -library WORK                               [list $rtl_file]]
    }
  } analyze_error]} {
    fatal "RTL analyze raised an error for '$rtl_file': $analyze_error\nSee: $analyze_log"
  }

  if {!$analyze_ok} {
    fatal "RTL analyze failed for '$rtl_file'\nSee: $analyze_log"
  }
}
INFO: analyze axi_tniu.v
INFO: analyze wrap_align.v
INFO: analyze wrap_adjust.v
INFO: analyze req_order.v
INFO: analyze rsp_order.v

FATAL: RTL analyze failed for '/home/ICer/RKNoC/axi_tniu_uvm/rtl/rsp_order.v'
See: /home/ICer/RKNoC/axi_tniu_uvm/ppa/runs/dc_20260821_161541/reports/analyze_rsp_order.rpt


Memory usage for main task 215 Mbytes.
Memory usage for this session 215 Mbytes.
CPU usage for this session 0 seconds ( 0.00 hours ).

Thank you...
