Running PRESTO HDLC
Compiling source file /home/ICer/RKNoC/axi_tniu_uvm/rtl/rsp_order.v
Warning:  /home/ICer/RKNoC/axi_tniu_uvm/rtl/rsp_order.v:150: Parameter keyword used in local parameter declaration. (VER-329)
Warning:  /home/ICer/RKNoC/axi_tniu_uvm/rtl/rsp_order.v:295: Intraassignment delays for nonblocking assignments are ignored. (VER-130)
Warning:  /home/ICer/RKNoC/axi_tniu_uvm/rtl/rsp_order.v:296: Intraassignment delays for nonblocking assignments are ignored. (VER-130)
Warning:  /home/ICer/RKNoC/axi_tniu_uvm/rtl/rsp_order.v:297: Intraassignment delays for nonblocking assignments are ignored. (VER-130)
Warning:  /home/ICer/RKNoC/axi_tniu_uvm/rtl/rsp_order.v:298: Intraassignment delays for nonblocking assignments are ignored. (VER-130)
Warning:  /home/ICer/RKNoC/axi_tniu_uvm/rtl/rsp_order.v:299: Intraassignment delays for nonblocking assignments are ignored. (VER-130)
Warning:  /home/ICer/RKNoC/axi_tniu_uvm/rtl/rsp_order.v:300: Intraassignment delays for nonblocking assignments are ignored. (VER-130)
Warning:  /home/ICer/RKNoC/axi_tniu_uvm/rtl/rsp_order.v:302: Intraassignment delays for nonblocking assignments are ignored. (VER-130)
Warning:  /home/ICer/RKNoC/axi_tniu_uvm/rtl/rsp_order.v:303: Intraassignment delays for nonblocking assignments are ignored. (VER-130)
Warning:  /home/ICer/RKNoC/axi_tniu_uvm/rtl/rsp_order.v:304: Intraassignment delays for nonblocking assignments are ignored. (VER-130)
Warning:  /home/ICer/RKNoC/axi_tniu_uvm/rtl/rsp_order.v:305: Intraassignment delays for nonblocking assignments are ignored. (VER-130)
Warning:  /home/ICer/RKNoC/axi_tniu_uvm/rtl/rsp_order.v:306: Intraassignment delays for nonblocking assignments are ignored. (VER-130)
Warning:  /home/ICer/RKNoC/axi_tniu_uvm/rtl/rsp_order.v:307: Intraassignment delays for nonblocking assignments are ignored. (VER-130)
Warning:  /home/ICer/RKNoC/axi_tniu_uvm/rtl/rsp_order.v:309: Intraassignment delays for nonblocking assignments are ignored. (VER-130)
Warning:  /home/ICer/RKNoC/axi_tniu_uvm/rtl/rsp_order.v:321: Intraassignment delays for nonblocking assignments are ignored. (VER-130)
Warning:  /home/ICer/RKNoC/axi_tniu_uvm/rtl/rsp_order.v:325: Intraassignment delays for nonblocking assignments are ignored. (VER-130)
Warning:  /home/ICer/RKNoC/axi_tniu_uvm/rtl/rsp_order.v:335: Intraassignment delays for nonblocking assignments are ignored. (VER-130)
Warning:  /home/ICer/RKNoC/axi_tniu_uvm/rtl/rsp_order.v:352: Intraassignment delays for nonblocking assignments are ignored. (VER-130)
Warning:  /home/ICer/RKNoC/axi_tniu_uvm/rtl/rsp_order.v:361: Intraassignment delays for nonblocking assignments are ignored. (VER-130)
Warning:  /home/ICer/RKNoC/axi_tniu_uvm/rtl/rsp_order.v:366: Intraassignment delays for nonblocking assignments are ignored. (VER-130)
Warning:  /home/ICer/RKNoC/axi_tniu_uvm/rtl/rsp_order.v:376: Intraassignment delays for nonblocking assignments are ignored. (VER-130)
Warning:  /home/ICer/RKNoC/axi_tniu_uvm/rtl/rsp_order.v:392: Intraassignment delays for nonblocking assignments are ignored. (VER-130)
Warning:  /home/ICer/RKNoC/axi_tniu_uvm/rtl/rsp_order.v:492: Intraassignment delays for nonblocking assignments are ignored. (VER-130)
Warning:  /home/ICer/RKNoC/axi_tniu_uvm/rtl/rsp_order.v:495: Intraassignment delays for nonblocking assignments are ignored. (VER-130)
Warning:  /home/ICer/RKNoC/axi_tniu_uvm/rtl/rsp_order.v:535: Intraassignment delays for nonblocking assignments are ignored. (VER-130)
Warning:  /home/ICer/RKNoC/axi_tniu_uvm/rtl/rsp_order.v:544: Intraassignment delays for nonblocking assignments are ignored. (VER-130)
Warning:  /home/ICer/RKNoC/axi_tniu_uvm/rtl/rsp_order.v:546: Intraassignment delays for nonblocking assignments are ignored. (VER-130)
Warning:  /home/ICer/RKNoC/axi_tniu_uvm/rtl/rsp_order.v:551: Intraassignment delays for nonblocking assignments are ignored. (VER-130)
Warning:  /home/ICer/RKNoC/axi_tniu_uvm/rtl/rsp_order.v:553: Intraassignment delays for nonblocking assignments are ignored. (VER-130)
Warning:  /home/ICer/RKNoC/axi_tniu_uvm/rtl/rsp_order.v:629: Intraassignment delays for nonblocking assignments are ignored. (VER-130)
Warning:  /home/ICer/RKNoC/axi_tniu_uvm/rtl/rsp_order.v:630: Intraassignment delays for nonblocking assignments are ignored. (VER-130)
Warning:  /home/ICer/RKNoC/axi_tniu_uvm/rtl/rsp_order.v:631: Intraassignment delays for nonblocking assignments are ignored. (VER-130)
Warning:  /home/ICer/RKNoC/axi_tniu_uvm/rtl/rsp_order.v:632: Intraassignment delays for nonblocking assignments are ignored. (VER-130)
Warning:  /home/ICer/RKNoC/axi_tniu_uvm/rtl/rsp_order.v:633: Intraassignment delays for nonblocking assignments are ignored. (VER-130)
Warning:  /home/ICer/RKNoC/axi_tniu_uvm/rtl/rsp_order.v:636: Intraassignment delays for nonblocking assignments are ignored. (VER-130)
Warning:  /home/ICer/RKNoC/axi_tniu_uvm/rtl/rsp_order.v:637: Intraassignment delays for nonblocking assignments are ignored. (VER-130)
Warning:  /home/ICer/RKNoC/axi_tniu_uvm/rtl/rsp_order.v:638: Intraassignment delays for nonblocking assignments are ignored. (VER-130)
Warning:  /home/ICer/RKNoC/axi_tniu_uvm/rtl/rsp_order.v:639: Intraassignment delays for nonblocking assignments are ignored. (VER-130)
Warning:  /home/ICer/RKNoC/axi_tniu_uvm/rtl/rsp_order.v:640: Intraassignment delays for nonblocking assignments are ignored. (VER-130)
Warning:  /home/ICer/RKNoC/axi_tniu_uvm/rtl/rsp_order.v:645: Intraassignment delays for nonblocking assignments are ignored. (VER-130)
Warning:  /home/ICer/RKNoC/axi_tniu_uvm/rtl/rsp_order.v:647: Intraassignment delays for nonblocking assignments are ignored. (VER-130)
Warning:  /home/ICer/RKNoC/axi_tniu_uvm/rtl/rsp_order.v:724: Intraassignment delays for nonblocking assignments are ignored. (VER-130)
Warning:  /home/ICer/RKNoC/axi_tniu_uvm/rtl/rsp_order.v:726: Intraassignment delays for nonblocking assignments are ignored. (VER-130)
Warning:  /home/ICer/RKNoC/axi_tniu_uvm/rtl/rsp_order.v:728: Intraassignment delays for nonblocking assignments are ignored. (VER-130)
Warning:  /home/ICer/RKNoC/axi_tniu_uvm/rtl/rsp_order.v:760: Intraassignment delays for nonblocking assignments are ignored. (VER-130)
Warning:  /home/ICer/RKNoC/axi_tniu_uvm/rtl/rsp_order.v:763: Intraassignment delays for nonblocking assignments are ignored. (VER-130)
Warning:  /home/ICer/RKNoC/axi_tniu_uvm/rtl/rsp_order.v:765: Intraassignment delays for nonblocking assignments are ignored. (VER-130)
Warning:  /home/ICer/RKNoC/axi_tniu_uvm/rtl/rsp_order.v:785: Intraassignment delays for nonblocking assignments are ignored. (VER-130)
Warning:  /home/ICer/RKNoC/axi_tniu_uvm/rtl/rsp_order.v:787: Intraassignment delays for nonblocking assignments are ignored. (VER-130)
Warning:  /home/ICer/RKNoC/axi_tniu_uvm/rtl/rsp_order.v:793: Intraassignment delays for nonblocking assignments are ignored. (VER-130)
Warning:  /home/ICer/RKNoC/axi_tniu_uvm/rtl/rsp_order.v:794: Intraassignment delays for nonblocking assignments are ignored. (VER-130)
Warning:  /home/ICer/RKNoC/axi_tniu_uvm/rtl/rsp_order.v:796: Intraassignment delays for nonblocking assignments are ignored. (VER-130)
Warning:  /home/ICer/RKNoC/axi_tniu_uvm/rtl/rsp_order.v:797: Intraassignment delays for nonblocking assignments are ignored. (VER-130)
Warning:  /home/ICer/RKNoC/axi_tniu_uvm/rtl/rsp_order.v:880: Intraassignment delays for nonblocking assignments are ignored. (VER-130)
Warning:  /home/ICer/RKNoC/axi_tniu_uvm/rtl/rsp_order.v:882: Intraassignment delays for nonblocking assignments are ignored. (VER-130)
Warning:  /home/ICer/RKNoC/axi_tniu_uvm/rtl/rsp_order.v:898: Intraassignment delays for nonblocking assignments are ignored. (VER-130)
Warning:  /home/ICer/RKNoC/axi_tniu_uvm/rtl/rsp_order.v:899: Intraassignment delays for nonblocking assignments are ignored. (VER-130)
Warning:  /home/ICer/RKNoC/axi_tniu_uvm/rtl/rsp_order.v:900: Intraassignment delays for nonblocking assignments are ignored. (VER-130)
Warning:  /home/ICer/RKNoC/axi_tniu_uvm/rtl/rsp_order.v:901: Intraassignment delays for nonblocking assignments are ignored. (VER-130)
Warning:  /home/ICer/RKNoC/axi_tniu_uvm/rtl/rsp_order.v:902: Intraassignment delays for nonblocking assignments are ignored. (VER-130)
Warning:  /home/ICer/RKNoC/axi_tniu_uvm/rtl/rsp_order.v:905: Intraassignment delays for nonblocking assignments are ignored. (VER-130)
Warning:  /home/ICer/RKNoC/axi_tniu_uvm/rtl/rsp_order.v:906: Intraassignment delays for nonblocking assignments are ignored. (VER-130)
Warning:  /home/ICer/RKNoC/axi_tniu_uvm/rtl/rsp_order.v:907: Intraassignment delays for nonblocking assignments are ignored. (VER-130)
Warning:  /home/ICer/RKNoC/axi_tniu_uvm/rtl/rsp_order.v:908: Intraassignment delays for nonblocking assignments are ignored. (VER-130)
Warning:  /home/ICer/RKNoC/axi_tniu_uvm/rtl/rsp_order.v:909: Intraassignment delays for nonblocking assignments are ignored. (VER-130)
Warning:  /home/ICer/RKNoC/axi_tniu_uvm/rtl/rsp_order.v:911: Intraassignment delays for nonblocking assignments are ignored. (VER-130)
Warning:  /home/ICer/RKNoC/axi_tniu_uvm/rtl/rsp_order.v:913: Intraassignment delays for nonblocking assignments are ignored. (VER-130)
Warning:  /home/ICer/RKNoC/axi_tniu_uvm/rtl/rsp_order.v:915: Intraassignment delays for nonblocking assignments are ignored. (VER-130)
Warning:  /home/ICer/RKNoC/axi_tniu_uvm/rtl/rsp_order.v:917: Intraassignment delays for nonblocking assignments are ignored. (VER-130)
Warning:  /home/ICer/RKNoC/axi_tniu_uvm/rtl/rsp_order.v:919: Intraassignment delays for nonblocking assignments are ignored. (VER-130)
Warning:  /home/ICer/RKNoC/axi_tniu_uvm/rtl/rsp_order.v:949: Intraassignment delays for nonblocking assignments are ignored. (VER-130)
Warning:  /home/ICer/RKNoC/axi_tniu_uvm/rtl/rsp_order.v:951: Intraassignment delays for nonblocking assignments are ignored. (VER-130)
Warning:  /home/ICer/RKNoC/axi_tniu_uvm/rtl/rsp_order.v:959: Intraassignment delays for nonblocking assignments are ignored. (VER-130)
Warning:  /home/ICer/RKNoC/axi_tniu_uvm/rtl/rsp_order.v:962: Intraassignment delays for nonblocking assignments are ignored. (VER-130)
Warning:  /home/ICer/RKNoC/axi_tniu_uvm/rtl/rsp_order.v:965: Intraassignment delays for nonblocking assignments are ignored. (VER-130)
Warning:  /home/ICer/RKNoC/axi_tniu_uvm/rtl/rsp_order.v:967: Intraassignment delays for nonblocking assignments are ignored. (VER-130)
Warning:  /home/ICer/RKNoC/axi_tniu_uvm/rtl/rsp_order.v:999: Intraassignment delays for nonblocking assignments are ignored. (VER-130)
Warning:  /home/ICer/RKNoC/axi_tniu_uvm/rtl/rsp_order.v:1001: Intraassignment delays for nonblocking assignments are ignored. (VER-130)
Warning:  /home/ICer/RKNoC/axi_tniu_uvm/rtl/rsp_order.v:1029: Intraassignment delays for nonblocking assignments are ignored. (VER-130)
Warning:  /home/ICer/RKNoC/axi_tniu_uvm/rtl/rsp_order.v:1031: Intraassignment delays for nonblocking assignments are ignored. (VER-130)
Warning:  /home/ICer/RKNoC/axi_tniu_uvm/rtl/rsp_order.v:1100: Intraassignment delays for nonblocking assignments are ignored. (VER-130)
Warning:  /home/ICer/RKNoC/axi_tniu_uvm/rtl/rsp_order.v:1103: Intraassignment delays for nonblocking assignments are ignored. (VER-130)
Warning:  /home/ICer/RKNoC/axi_tniu_uvm/rtl/rsp_order.v:1105: Intraassignment delays for nonblocking assignments are ignored. (VER-130)
Warning:  /home/ICer/RKNoC/axi_tniu_uvm/rtl/rsp_order.v:1110: Intraassignment delays for nonblocking assignments are ignored. (VER-130)
Warning:  /home/ICer/RKNoC/axi_tniu_uvm/rtl/rsp_order.v:1113: Intraassignment delays for nonblocking assignments are ignored. (VER-130)
Warning:  /home/ICer/RKNoC/axi_tniu_uvm/rtl/rsp_order.v:1115: Intraassignment delays for nonblocking assignments are ignored. (VER-130)
Warning:  /home/ICer/RKNoC/axi_tniu_uvm/rtl/rsp_order.v:1120: Intraassignment delays for nonblocking assignments are ignored. (VER-130)
Warning:  /home/ICer/RKNoC/axi_tniu_uvm/rtl/rsp_order.v:1122: Intraassignment delays for nonblocking assignments are ignored. (VER-130)
Warning:  /home/ICer/RKNoC/axi_tniu_uvm/rtl/rsp_order.v:1124: Intraassignment delays for nonblocking assignments are ignored. (VER-130)
Warning:  /home/ICer/RKNoC/axi_tniu_uvm/rtl/rsp_order.v:1131: Intraassignment delays for nonblocking assignments are ignored. (VER-130)
Warning:  /home/ICer/RKNoC/axi_tniu_uvm/rtl/rsp_order.v:1134: Intraassignment delays for nonblocking assignments are ignored. (VER-130)
Warning:  /home/ICer/RKNoC/axi_tniu_uvm/rtl/rsp_order.v:1136: Intraassignment delays for nonblocking assignments are ignored. (VER-130)
Presto compilation completed successfully.
1
