Running PRESTO HDLC
Compiling source file /home/ICer/RKNoC/axi_tniu_uvm/rtl/watchdog.v
Warning:  /home/ICer/RKNoC/axi_tniu_uvm/rtl/watchdog.v:53: Intraassignment delays for nonblocking assignments are ignored. (VER-130)
Warning:  /home/ICer/RKNoC/axi_tniu_uvm/rtl/watchdog.v:56: Intraassignment delays for nonblocking assignments are ignored. (VER-130)
Warning:  /home/ICer/RKNoC/axi_tniu_uvm/rtl/watchdog.v:58: Intraassignment delays for nonblocking assignments are ignored. (VER-130)
Warning:  /home/ICer/RKNoC/axi_tniu_uvm/rtl/watchdog.v:186: Intraassignment delays for nonblocking assignments are ignored. (VER-130)
Warning:  /home/ICer/RKNoC/axi_tniu_uvm/rtl/watchdog.v:190: Intraassignment delays for nonblocking assignments are ignored. (VER-130)
Warning:  /home/ICer/RKNoC/axi_tniu_uvm/rtl/watchdog.v:194: Intraassignment delays for nonblocking assignments are ignored. (VER-130)
Warning:  /home/ICer/RKNoC/axi_tniu_uvm/rtl/watchdog.v:198: Intraassignment delays for nonblocking assignments are ignored. (VER-130)
Presto compilation completed successfully.
1
