Running PRESTO HDLC
Compiling source file /home/ICer/RKNoC/axi_tniu_uvm/rtl/req_order.v
Warning:  /home/ICer/RKNoC/axi_tniu_uvm/rtl/req_order.v:108: Parameter keyword used in local parameter declaration. (VER-329)
Warning:  /home/ICer/RKNoC/axi_tniu_uvm/rtl/req_order.v:180: Intraassignment delays for nonblocking assignments are ignored. (VER-130)
Warning:  /home/ICer/RKNoC/axi_tniu_uvm/rtl/req_order.v:181: Intraassignment delays for nonblocking assignments are ignored. (VER-130)
Warning:  /home/ICer/RKNoC/axi_tniu_uvm/rtl/req_order.v:182: Intraassignment delays for nonblocking assignments are ignored. (VER-130)
Warning:  /home/ICer/RKNoC/axi_tniu_uvm/rtl/req_order.v:183: Intraassignment delays for nonblocking assignments are ignored. (VER-130)
Warning:  /home/ICer/RKNoC/axi_tniu_uvm/rtl/req_order.v:184: Intraassignment delays for nonblocking assignments are ignored. (VER-130)
Warning:  /home/ICer/RKNoC/axi_tniu_uvm/rtl/req_order.v:185: Intraassignment delays for nonblocking assignments are ignored. (VER-130)
Warning:  /home/ICer/RKNoC/axi_tniu_uvm/rtl/req_order.v:186: Intraassignment delays for nonblocking assignments are ignored. (VER-130)
Warning:  /home/ICer/RKNoC/axi_tniu_uvm/rtl/req_order.v:187: Intraassignment delays for nonblocking assignments are ignored. (VER-130)
Warning:  /home/ICer/RKNoC/axi_tniu_uvm/rtl/req_order.v:188: Intraassignment delays for nonblocking assignments are ignored. (VER-130)
Warning:  /home/ICer/RKNoC/axi_tniu_uvm/rtl/req_order.v:190: Intraassignment delays for nonblocking assignments are ignored. (VER-130)
Warning:  /home/ICer/RKNoC/axi_tniu_uvm/rtl/req_order.v:191: Intraassignment delays for nonblocking assignments are ignored. (VER-130)
Warning:  /home/ICer/RKNoC/axi_tniu_uvm/rtl/req_order.v:192: Intraassignment delays for nonblocking assignments are ignored. (VER-130)
Warning:  /home/ICer/RKNoC/axi_tniu_uvm/rtl/req_order.v:193: Intraassignment delays for nonblocking assignments are ignored. (VER-130)
Warning:  /home/ICer/RKNoC/axi_tniu_uvm/rtl/req_order.v:194: Intraassignment delays for nonblocking assignments are ignored. (VER-130)
Warning:  /home/ICer/RKNoC/axi_tniu_uvm/rtl/req_order.v:195: Intraassignment delays for nonblocking assignments are ignored. (VER-130)
Warning:  /home/ICer/RKNoC/axi_tniu_uvm/rtl/req_order.v:196: Intraassignment delays for nonblocking assignments are ignored. (VER-130)
Warning:  /home/ICer/RKNoC/axi_tniu_uvm/rtl/req_order.v:197: Intraassignment delays for nonblocking assignments are ignored. (VER-130)
Warning:  /home/ICer/RKNoC/axi_tniu_uvm/rtl/req_order.v:198: Intraassignment delays for nonblocking assignments are ignored. (VER-130)
Warning:  /home/ICer/RKNoC/axi_tniu_uvm/rtl/req_order.v:206: Intraassignment delays for nonblocking assignments are ignored. (VER-130)
Warning:  /home/ICer/RKNoC/axi_tniu_uvm/rtl/req_order.v:208: Intraassignment delays for nonblocking assignments are ignored. (VER-130)
Warning:  /home/ICer/RKNoC/axi_tniu_uvm/rtl/req_order.v:210: Intraassignment delays for nonblocking assignments are ignored. (VER-130)
Warning:  /home/ICer/RKNoC/axi_tniu_uvm/rtl/req_order.v:217: Intraassignment delays for nonblocking assignments are ignored. (VER-130)
Warning:  /home/ICer/RKNoC/axi_tniu_uvm/rtl/req_order.v:219: Intraassignment delays for nonblocking assignments are ignored. (VER-130)
Warning:  /home/ICer/RKNoC/axi_tniu_uvm/rtl/req_order.v:221: Intraassignment delays for nonblocking assignments are ignored. (VER-130)
Warning:  /home/ICer/RKNoC/axi_tniu_uvm/rtl/req_order.v:229: Intraassignment delays for nonblocking assignments are ignored. (VER-130)
Warning:  /home/ICer/RKNoC/axi_tniu_uvm/rtl/req_order.v:231: Intraassignment delays for nonblocking assignments are ignored. (VER-130)
Warning:  /home/ICer/RKNoC/axi_tniu_uvm/rtl/req_order.v:233: Intraassignment delays for nonblocking assignments are ignored. (VER-130)
Warning:  /home/ICer/RKNoC/axi_tniu_uvm/rtl/req_order.v:239: Intraassignment delays for nonblocking assignments are ignored. (VER-130)
Warning:  /home/ICer/RKNoC/axi_tniu_uvm/rtl/req_order.v:241: Intraassignment delays for nonblocking assignments are ignored. (VER-130)
Warning:  /home/ICer/RKNoC/axi_tniu_uvm/rtl/req_order.v:369: Intraassignment delays for nonblocking assignments are ignored. (VER-130)
Warning:  /home/ICer/RKNoC/axi_tniu_uvm/rtl/req_order.v:373: Intraassignment delays for nonblocking assignments are ignored. (VER-130)
Warning:  /home/ICer/RKNoC/axi_tniu_uvm/rtl/req_order.v:375: Intraassignment delays for nonblocking assignments are ignored. (VER-130)
Warning:  /home/ICer/RKNoC/axi_tniu_uvm/rtl/req_order.v:378: Intraassignment delays for nonblocking assignments are ignored. (VER-130)
Warning:  /home/ICer/RKNoC/axi_tniu_uvm/rtl/req_order.v:380: Intraassignment delays for nonblocking assignments are ignored. (VER-130)
Warning:  /home/ICer/RKNoC/axi_tniu_uvm/rtl/req_order.v:390: Intraassignment delays for nonblocking assignments are ignored. (VER-130)
Warning:  /home/ICer/RKNoC/axi_tniu_uvm/rtl/req_order.v:392: Intraassignment delays for nonblocking assignments are ignored. (VER-130)
Warning:  /home/ICer/RKNoC/axi_tniu_uvm/rtl/req_order.v:420: Intraassignment delays for nonblocking assignments are ignored. (VER-130)
Warning:  /home/ICer/RKNoC/axi_tniu_uvm/rtl/req_order.v:425: Intraassignment delays for nonblocking assignments are ignored. (VER-130)
Warning:  /home/ICer/RKNoC/axi_tniu_uvm/rtl/req_order.v:429: Intraassignment delays for nonblocking assignments are ignored. (VER-130)
Warning:  /home/ICer/RKNoC/axi_tniu_uvm/rtl/req_order.v:570: Intraassignment delays for nonblocking assignments are ignored. (VER-130)
Warning:  /home/ICer/RKNoC/axi_tniu_uvm/rtl/req_order.v:572: Intraassignment delays for nonblocking assignments are ignored. (VER-130)
Warning:  /home/ICer/RKNoC/axi_tniu_uvm/rtl/req_order.v:593: Intraassignment delays for nonblocking assignments are ignored. (VER-130)
Warning:  /home/ICer/RKNoC/axi_tniu_uvm/rtl/req_order.v:596: Intraassignment delays for nonblocking assignments are ignored. (VER-130)
Warning:  /home/ICer/RKNoC/axi_tniu_uvm/rtl/req_order.v:597: Intraassignment delays for nonblocking assignments are ignored. (VER-130)
Warning:  /home/ICer/RKNoC/axi_tniu_uvm/rtl/req_order.v:600: Intraassignment delays for nonblocking assignments are ignored. (VER-130)
Warning:  /home/ICer/RKNoC/axi_tniu_uvm/rtl/req_order.v:602: Intraassignment delays for nonblocking assignments are ignored. (VER-130)
Warning:  /home/ICer/RKNoC/axi_tniu_uvm/rtl/req_order.v:613: Intraassignment delays for nonblocking assignments are ignored. (VER-130)
Warning:  /home/ICer/RKNoC/axi_tniu_uvm/rtl/req_order.v:616: Intraassignment delays for nonblocking assignments are ignored. (VER-130)
Warning:  /home/ICer/RKNoC/axi_tniu_uvm/rtl/req_order.v:625: Intraassignment delays for nonblocking assignments are ignored. (VER-130)
Warning:  /home/ICer/RKNoC/axi_tniu_uvm/rtl/req_order.v:627: Intraassignment delays for nonblocking assignments are ignored. (VER-130)
Warning:  /home/ICer/RKNoC/axi_tniu_uvm/rtl/req_order.v:631: Intraassignment delays for nonblocking assignments are ignored. (VER-130)
Warning:  /home/ICer/RKNoC/axi_tniu_uvm/rtl/req_order.v:675: Intraassignment delays for nonblocking assignments are ignored. (VER-130)
Warning:  /home/ICer/RKNoC/axi_tniu_uvm/rtl/req_order.v:676: Intraassignment delays for nonblocking assignments are ignored. (VER-130)
Warning:  /home/ICer/RKNoC/axi_tniu_uvm/rtl/req_order.v:677: Intraassignment delays for nonblocking assignments are ignored. (VER-130)
Warning:  /home/ICer/RKNoC/axi_tniu_uvm/rtl/req_order.v:678: Intraassignment delays for nonblocking assignments are ignored. (VER-130)
Warning:  /home/ICer/RKNoC/axi_tniu_uvm/rtl/req_order.v:679: Intraassignment delays for nonblocking assignments are ignored. (VER-130)
Warning:  /home/ICer/RKNoC/axi_tniu_uvm/rtl/req_order.v:680: Intraassignment delays for nonblocking assignments are ignored. (VER-130)
Warning:  /home/ICer/RKNoC/axi_tniu_uvm/rtl/req_order.v:681: Intraassignment delays for nonblocking assignments are ignored. (VER-130)
Warning:  /home/ICer/RKNoC/axi_tniu_uvm/rtl/req_order.v:682: Intraassignment delays for nonblocking assignments are ignored. (VER-130)
Warning:  /home/ICer/RKNoC/axi_tniu_uvm/rtl/req_order.v:683: Intraassignment delays for nonblocking assignments are ignored. (VER-130)
Warning:  /home/ICer/RKNoC/axi_tniu_uvm/rtl/req_order.v:684: Intraassignment delays for nonblocking assignments are ignored. (VER-130)
Warning:  /home/ICer/RKNoC/axi_tniu_uvm/rtl/req_order.v:686: Intraassignment delays for nonblocking assignments are ignored. (VER-130)
Warning:  /home/ICer/RKNoC/axi_tniu_uvm/rtl/req_order.v:687: Intraassignment delays for nonblocking assignments are ignored. (VER-130)
Warning:  /home/ICer/RKNoC/axi_tniu_uvm/rtl/req_order.v:688: Intraassignment delays for nonblocking assignments are ignored. (VER-130)
Warning:  /home/ICer/RKNoC/axi_tniu_uvm/rtl/req_order.v:689: Intraassignment delays for nonblocking assignments are ignored. (VER-130)
Warning:  /home/ICer/RKNoC/axi_tniu_uvm/rtl/req_order.v:690: Intraassignment delays for nonblocking assignments are ignored. (VER-130)
Warning:  /home/ICer/RKNoC/axi_tniu_uvm/rtl/req_order.v:691: Intraassignment delays for nonblocking assignments are ignored. (VER-130)
Warning:  /home/ICer/RKNoC/axi_tniu_uvm/rtl/req_order.v:692: Intraassignment delays for nonblocking assignments are ignored. (VER-130)
Warning:  /home/ICer/RKNoC/axi_tniu_uvm/rtl/req_order.v:693: Intraassignment delays for nonblocking assignments are ignored. (VER-130)
Warning:  /home/ICer/RKNoC/axi_tniu_uvm/rtl/req_order.v:694: Intraassignment delays for nonblocking assignments are ignored. (VER-130)
Warning:  /home/ICer/RKNoC/axi_tniu_uvm/rtl/req_order.v:695: Intraassignment delays for nonblocking assignments are ignored. (VER-130)
Warning:  /home/ICer/RKNoC/axi_tniu_uvm/rtl/req_order.v:704: Intraassignment delays for nonblocking assignments are ignored. (VER-130)
Warning:  /home/ICer/RKNoC/axi_tniu_uvm/rtl/req_order.v:707: Intraassignment delays for nonblocking assignments are ignored. (VER-130)
Warning:  /home/ICer/RKNoC/axi_tniu_uvm/rtl/req_order.v:709: Intraassignment delays for nonblocking assignments are ignored. (VER-130)
Warning:  /home/ICer/RKNoC/axi_tniu_uvm/rtl/req_order.v:711: Intraassignment delays for nonblocking assignments are ignored. (VER-130)
Warning:  /home/ICer/RKNoC/axi_tniu_uvm/rtl/req_order.v:713: Intraassignment delays for nonblocking assignments are ignored. (VER-130)
Warning:  /home/ICer/RKNoC/axi_tniu_uvm/rtl/req_order.v:722: Intraassignment delays for nonblocking assignments are ignored. (VER-130)
Warning:  /home/ICer/RKNoC/axi_tniu_uvm/rtl/req_order.v:724: Intraassignment delays for nonblocking assignments are ignored. (VER-130)
Warning:  /home/ICer/RKNoC/axi_tniu_uvm/rtl/req_order.v:767: Intraassignment delays for nonblocking assignments are ignored. (VER-130)
Warning:  /home/ICer/RKNoC/axi_tniu_uvm/rtl/req_order.v:768: Intraassignment delays for nonblocking assignments are ignored. (VER-130)
Warning:  /home/ICer/RKNoC/axi_tniu_uvm/rtl/req_order.v:772: Intraassignment delays for nonblocking assignments are ignored. (VER-130)
Warning:  /home/ICer/RKNoC/axi_tniu_uvm/rtl/req_order.v:773: Intraassignment delays for nonblocking assignments are ignored. (VER-130)
Warning:  /home/ICer/RKNoC/axi_tniu_uvm/rtl/req_order.v:774: Intraassignment delays for nonblocking assignments are ignored. (VER-130)
Warning:  /home/ICer/RKNoC/axi_tniu_uvm/rtl/req_order.v:848: Intraassignment delays for nonblocking assignments are ignored. (VER-130)
Warning:  /home/ICer/RKNoC/axi_tniu_uvm/rtl/req_order.v:849: Intraassignment delays for nonblocking assignments are ignored. (VER-130)
Warning:  /home/ICer/RKNoC/axi_tniu_uvm/rtl/req_order.v:851: Intraassignment delays for nonblocking assignments are ignored. (VER-130)
Warning:  /home/ICer/RKNoC/axi_tniu_uvm/rtl/req_order.v:852: Intraassignment delays for nonblocking assignments are ignored. (VER-130)
Warning:  /home/ICer/RKNoC/axi_tniu_uvm/rtl/req_order.v:858: Intraassignment delays for nonblocking assignments are ignored. (VER-130)
Warning:  /home/ICer/RKNoC/axi_tniu_uvm/rtl/req_order.v:860: Intraassignment delays for nonblocking assignments are ignored. (VER-130)
Warning:  /home/ICer/RKNoC/axi_tniu_uvm/rtl/req_order.v:869: Intraassignment delays for nonblocking assignments are ignored. (VER-130)
Warning:  /home/ICer/RKNoC/axi_tniu_uvm/rtl/req_order.v:871: Intraassignment delays for nonblocking assignments are ignored. (VER-130)
Warning:  /home/ICer/RKNoC/axi_tniu_uvm/rtl/req_order.v:873: Intraassignment delays for nonblocking assignments are ignored. (VER-130)
Warning:  /home/ICer/RKNoC/axi_tniu_uvm/rtl/req_order.v:878: Intraassignment delays for nonblocking assignments are ignored. (VER-130)
Warning:  /home/ICer/RKNoC/axi_tniu_uvm/rtl/req_order.v:880: Intraassignment delays for nonblocking assignments are ignored. (VER-130)
Warning:  /home/ICer/RKNoC/axi_tniu_uvm/rtl/req_order.v:882: Intraassignment delays for nonblocking assignments are ignored. (VER-130)
Presto compilation completed successfully.
1
