Running PRESTO HDLC
Compiling source file /home/ICer/RKNoC/axi_tniu_uvm/rtl/wrap_align.v
Warning:  /home/ICer/RKNoC/axi_tniu_uvm/rtl/wrap_align.v:53: Parameter keyword used in local parameter declaration. (VER-329)
Warning:  /home/ICer/RKNoC/axi_tniu_uvm/rtl/wrap_align.v:123: Intraassignment delays for nonblocking assignments are ignored. (VER-130)
Warning:  /home/ICer/RKNoC/axi_tniu_uvm/rtl/wrap_align.v:126: Intraassignment delays for nonblocking assignments are ignored. (VER-130)
Warning:  /home/ICer/RKNoC/axi_tniu_uvm/rtl/wrap_align.v:129: Intraassignment delays for nonblocking assignments are ignored. (VER-130)
Warning:  /home/ICer/RKNoC/axi_tniu_uvm/rtl/wrap_align.v:131: Intraassignment delays for nonblocking assignments are ignored. (VER-130)
Warning:  /home/ICer/RKNoC/axi_tniu_uvm/rtl/wrap_align.v:134: Intraassignment delays for nonblocking assignments are ignored. (VER-130)
Warning:  /home/ICer/RKNoC/axi_tniu_uvm/rtl/wrap_align.v:151: Intraassignment delays for nonblocking assignments are ignored. (VER-130)
Warning:  /home/ICer/RKNoC/axi_tniu_uvm/rtl/wrap_align.v:153: Intraassignment delays for nonblocking assignments are ignored. (VER-130)
Warning:  /home/ICer/RKNoC/axi_tniu_uvm/rtl/wrap_align.v:162: Intraassignment delays for nonblocking assignments are ignored. (VER-130)
Warning:  /home/ICer/RKNoC/axi_tniu_uvm/rtl/wrap_align.v:164: Intraassignment delays for nonblocking assignments are ignored. (VER-130)
Warning:  /home/ICer/RKNoC/axi_tniu_uvm/rtl/wrap_align.v:166: Intraassignment delays for nonblocking assignments are ignored. (VER-130)
Presto compilation completed successfully.
1
